../Core/Src/main.c:199:5:main	7
../Core/Src/main.c:319:6:SystemClock_Config	4
../Core/Src/main.c:368:6:myRedLedInit	1
../Core/Src/main.c:386:6:myLowLevelRedLedInit	1
../Core/Src/main.c:408:8:myAdc1Init	2
../Core/Src/main.c:438:10:getSeedValue	2
../Core/Src/main.c:457:6:gameSetup	7
../Core/Src/main.c:504:6:moveDown	3
../Core/Src/main.c:529:6:moveUp	3
../Core/Src/main.c:554:6:moveLeft	3
../Core/Src/main.c:579:6:moveRight	3
../Core/Src/main.c:604:6:movePinky	5
../Core/Src/main.c:658:6:myDrawPixel	1
../Core/Src/main.c:669:6:myDrawFullRectangle	2
../Core/Src/main.c:682:6:myDrawFullCircle	4
../Core/Src/main.c:700:6:gameOver	3
../Core/Src/main.c:714:6:HAL_GPIO_EXTI_Callback	6
../Core/Src/main.c:740:6:Error_Handler	1
