../Core/Src/main.c:199:5:main	16	static
../Core/Src/main.c:319:6:SystemClock_Config	120	static
../Core/Src/main.c:368:6:myRedLedInit	32	static
../Core/Src/main.c:386:6:myLowLevelRedLedInit	4	static
../Core/Src/main.c:408:8:myAdc1Init	72	static
../Core/Src/main.c:438:10:getSeedValue	16	static
../Core/Src/main.c:457:6:gameSetup	16	static
../Core/Src/main.c:504:6:moveDown	16	static
../Core/Src/main.c:529:6:moveUp	16	static
../Core/Src/main.c:554:6:moveLeft	16	static
../Core/Src/main.c:579:6:moveRight	16	static
../Core/Src/main.c:604:6:movePinky	24	static
../Core/Src/main.c:658:6:myDrawPixel	24	static
../Core/Src/main.c:669:6:myDrawFullRectangle	32	static
../Core/Src/main.c:682:6:myDrawFullCircle	32	static
../Core/Src/main.c:700:6:gameOver	8	static
../Core/Src/main.c:714:6:HAL_GPIO_EXTI_Callback	16	static
../Core/Src/main.c:740:6:Error_Handler	4	static,ignoring_inline_asm
