../Core/Src/stm32f1xx_it.c:65:6:NMI_Handler	4	static
../Core/Src/stm32f1xx_it.c:80:6:HardFault_Handler	4	static
../Core/Src/stm32f1xx_it.c:95:6:MemManage_Handler	4	static
../Core/Src/stm32f1xx_it.c:110:6:BusFault_Handler	4	static
../Core/Src/stm32f1xx_it.c:125:6:UsageFault_Handler	4	static
../Core/Src/stm32f1xx_it.c:140:6:SVC_Handler	4	static
../Core/Src/stm32f1xx_it.c:153:6:DebugMon_Handler	4	static
../Core/Src/stm32f1xx_it.c:166:6:PendSV_Handler	4	static
../Core/Src/stm32f1xx_it.c:179:6:SysTick_Handler	8	static
../Core/Src/stm32f1xx_it.c:198:6:OTG_FS_IRQHandler	8	static
../Core/Src/stm32f1xx_it.c:213:6:EXTI0_IRQHandler	8	static
../Core/Src/stm32f1xx_it.c:224:6:EXTI9_5_IRQHandler	8	static
../Core/Src/stm32f1xx_it.c:235:6:EXTI15_10_IRQHandler	8	static
../Core/Src/stm32f1xx_it.c:256:6:DMA1_Channel5_IRQHandler	8	static
