../Drivers/BSP/STM3210C_EVAL/stm3210c_eval_lcd.c:141:9:BSP_LCD_Init	16	static
../Drivers/BSP/STM3210C_EVAL/stm3210c_eval_lcd.c:182:10:BSP_LCD_GetXSize	8	static
../Drivers/BSP/STM3210C_EVAL/stm3210c_eval_lcd.c:191:10:BSP_LCD_GetYSize	8	static
../Drivers/BSP/STM3210C_EVAL/stm3210c_eval_lcd.c:200:10:BSP_LCD_GetTextColor	4	static
../Drivers/BSP/STM3210C_EVAL/stm3210c_eval_lcd.c:209:10:BSP_LCD_GetBackColor	4	static
../Drivers/BSP/STM3210C_EVAL/stm3210c_eval_lcd.c:218:6:BSP_LCD_SetTextColor	16	static
../Drivers/BSP/STM3210C_EVAL/stm3210c_eval_lcd.c:227:6:BSP_LCD_SetBackColor	16	static
../Drivers/BSP/STM3210C_EVAL/stm3210c_eval_lcd.c:236:6:BSP_LCD_SetFont	16	static
../Drivers/BSP/STM3210C_EVAL/stm3210c_eval_lcd.c:245:8:BSP_LCD_GetFont	4	static
../Drivers/BSP/STM3210C_EVAL/stm3210c_eval_lcd.c:254:6:BSP_LCD_Clear	32	static
../Drivers/BSP/STM3210C_EVAL/stm3210c_eval_lcd.c:278:6:BSP_LCD_ClearStringLine	32	static
../Drivers/BSP/STM3210C_EVAL/stm3210c_eval_lcd.c:297:6:BSP_LCD_DisplayChar	16	static
../Drivers/BSP/STM3210C_EVAL/stm3210c_eval_lcd.c:314:6:BSP_LCD_DisplayStringAt	48	static
../Drivers/BSP/STM3210C_EVAL/stm3210c_eval_lcd.c:372:6:BSP_LCD_DisplayStringAtLine	16	static
../Drivers/BSP/STM3210C_EVAL/stm3210c_eval_lcd.c:383:10:BSP_LCD_ReadPixel	24	static
../Drivers/BSP/STM3210C_EVAL/stm3210c_eval_lcd.c:401:6:BSP_LCD_DrawHLine	32	static
../Drivers/BSP/STM3210C_EVAL/stm3210c_eval_lcd.c:424:6:BSP_LCD_DrawVLine	32	static
../Drivers/BSP/STM3210C_EVAL/stm3210c_eval_lcd.c:448:6:BSP_LCD_DrawLine	56	static
../Drivers/BSP/STM3210C_EVAL/stm3210c_eval_lcd.c:522:6:BSP_LCD_DrawRect	24	static
../Drivers/BSP/STM3210C_EVAL/stm3210c_eval_lcd.c:539:6:BSP_LCD_DrawCircle	32	static
../Drivers/BSP/STM3210C_EVAL/stm3210c_eval_lcd.c:588:6:BSP_LCD_DrawPolygon	32	static
../Drivers/BSP/STM3210C_EVAL/stm3210c_eval_lcd.c:616:6:BSP_LCD_DrawEllipse	64	static
../Drivers/BSP/STM3210C_EVAL/stm3210c_eval_lcd.c:648:6:BSP_LCD_DrawBitmap	32	static
../Drivers/BSP/STM3210C_EVAL/stm3210c_eval_lcd.c:679:6:BSP_LCD_DrawRGBImage	32	static
../Drivers/BSP/STM3210C_EVAL/stm3210c_eval_lcd.c:698:6:BSP_LCD_FillRect	24	static
../Drivers/BSP/STM3210C_EVAL/stm3210c_eval_lcd.c:714:6:BSP_LCD_FillCircle	32	static
../Drivers/BSP/STM3210C_EVAL/stm3210c_eval_lcd.c:763:6:BSP_LCD_FillEllipse	64	static
../Drivers/BSP/STM3210C_EVAL/stm3210c_eval_lcd.c:792:6:BSP_LCD_DisplayOn	8	static
../Drivers/BSP/STM3210C_EVAL/stm3210c_eval_lcd.c:800:6:BSP_LCD_DisplayOff	8	static
../Drivers/BSP/STM3210C_EVAL/stm3210c_eval_lcd.c:822:13:LCD_DrawPixel	16	static
../Drivers/BSP/STM3210C_EVAL/stm3210c_eval_lcd.c:836:13:LCD_DrawChar	48	static
../Drivers/BSP/STM3210C_EVAL/stm3210c_eval_lcd.c:906:13:LCD_SetDisplayWindow	24	static
