../Drivers/BSP/STM3210C_EVAL/stm3210c_eval.c:253:10:BSP_GetVersion	4	static
../Drivers/BSP/STM3210C_EVAL/stm3210c_eval.c:267:6:BSP_LED_Init	48	static
../Drivers/BSP/STM3210C_EVAL/stm3210c_eval.c:294:6:BSP_LED_On	16	static
../Drivers/BSP/STM3210C_EVAL/stm3210c_eval.c:308:6:BSP_LED_Off	16	static
../Drivers/BSP/STM3210C_EVAL/stm3210c_eval.c:323:6:BSP_LED_Toggle	16	static
../Drivers/BSP/STM3210C_EVAL/stm3210c_eval.c:341:6:BSP_PB_Init	48	static
../Drivers/BSP/STM3210C_EVAL/stm3210c_eval.c:386:10:BSP_PB_GetState	16	static
../Drivers/BSP/STM3210C_EVAL/stm3210c_eval.c:401:9:BSP_JOY_Init	24	static
../Drivers/BSP/STM3210C_EVAL/stm3210c_eval.c:429:18:BSP_JOY_GetState	16	static
../Drivers/BSP/STM3210C_EVAL/stm3210c_eval.c:529:13:I2Cx_MspInit	48	static
../Drivers/BSP/STM3210C_EVAL/stm3210c_eval.c:578:13:I2Cx_Init	8	static
../Drivers/BSP/STM3210C_EVAL/stm3210c_eval.c:601:13:I2Cx_ITConfig	32	static
../Drivers/BSP/STM3210C_EVAL/stm3210c_eval.c:634:26:I2Cx_ReadMultiple	48	static
../Drivers/BSP/STM3210C_EVAL/stm3210c_eval.c:655:13:I2Cx_WriteData	40	static
../Drivers/BSP/STM3210C_EVAL/stm3210c_eval.c:677:26:I2Cx_WriteBuffer	48	static
../Drivers/BSP/STM3210C_EVAL/stm3210c_eval.c:698:16:I2Cx_ReadData	40	static
../Drivers/BSP/STM3210C_EVAL/stm3210c_eval.c:724:26:I2Cx_ReadBuffer	48	static
../Drivers/BSP/STM3210C_EVAL/stm3210c_eval.c:746:26:I2Cx_IsDeviceReady	16	static
../Drivers/BSP/STM3210C_EVAL/stm3210c_eval.c:755:13:I2Cx_Error	16	static
../Drivers/BSP/STM3210C_EVAL/stm3210c_eval.c:771:13:SPIx_MspInit	48	static
../Drivers/BSP/STM3210C_EVAL/stm3210c_eval.c:804:13:SPIx_Init	8	static
../Drivers/BSP/STM3210C_EVAL/stm3210c_eval.c:836:17:SPIx_Read	32	static
../Drivers/BSP/STM3210C_EVAL/stm3210c_eval.c:860:13:SPIx_WriteReadData	40	static
../Drivers/BSP/STM3210C_EVAL/stm3210c_eval.c:879:13:SPIx_WriteData	24	static
../Drivers/BSP/STM3210C_EVAL/stm3210c_eval.c:898:13:SPIx_ReadData	24	static
../Drivers/BSP/STM3210C_EVAL/stm3210c_eval.c:916:13:SPIx_Write	32	static
../Drivers/BSP/STM3210C_EVAL/stm3210c_eval.c:935:13:SPIx_Error	8	static
../Drivers/BSP/STM3210C_EVAL/stm3210c_eval.c:963:6:IOE_Init	8	static
../Drivers/BSP/STM3210C_EVAL/stm3210c_eval.c:971:6:IOE_ITConfig	8	static
../Drivers/BSP/STM3210C_EVAL/stm3210c_eval.c:982:6:IOE_Write	16	static
../Drivers/BSP/STM3210C_EVAL/stm3210c_eval.c:993:9:IOE_Read	16	static
../Drivers/BSP/STM3210C_EVAL/stm3210c_eval.c:1006:10:IOE_ReadMultiple	24	static
../Drivers/BSP/STM3210C_EVAL/stm3210c_eval.c:1015:6:IOE_Delay	16	static
../Drivers/BSP/STM3210C_EVAL/stm3210c_eval.c:1028:6:LCD_IO_Init	32	static
../Drivers/BSP/STM3210C_EVAL/stm3210c_eval.c:1054:6:LCD_IO_WriteMultipleData	24	static
../Drivers/BSP/STM3210C_EVAL/stm3210c_eval.c:1093:6:LCD_IO_WriteReg	16	static
../Drivers/BSP/STM3210C_EVAL/stm3210c_eval.c:1113:10:LCD_IO_ReadData	24	static
../Drivers/BSP/STM3210C_EVAL/stm3210c_eval.c:1143:6:LCD_Delay	16	static
../Drivers/BSP/STM3210C_EVAL/stm3210c_eval.c:1154:6:SD_IO_Init	40	static
../Drivers/BSP/STM3210C_EVAL/stm3210c_eval.c:1197:6:SD_IO_CSState	16	static
../Drivers/BSP/STM3210C_EVAL/stm3210c_eval.c:1215:6:SD_IO_WriteReadData	24	static
../Drivers/BSP/STM3210C_EVAL/stm3210c_eval.c:1226:6:SD_IO_WriteData	16	static
../Drivers/BSP/STM3210C_EVAL/stm3210c_eval.c:1237:6:SD_IO_ReadData	16	static
../Drivers/BSP/STM3210C_EVAL/stm3210c_eval.c:1247:9:SD_IO_WriteByte	24	static
../Drivers/BSP/STM3210C_EVAL/stm3210c_eval.c:1262:6:EEPROM_I2C_IO_Init	8	static
../Drivers/BSP/STM3210C_EVAL/stm3210c_eval.c:1275:19:EEPROM_I2C_IO_WriteData	32	static
../Drivers/BSP/STM3210C_EVAL/stm3210c_eval.c:1288:19:EEPROM_I2C_IO_ReadData	32	static
../Drivers/BSP/STM3210C_EVAL/stm3210c_eval.c:1300:19:EEPROM_I2C_IO_IsDeviceReady	16	static
../Drivers/BSP/STM3210C_EVAL/stm3210c_eval.c:1310:6:TSENSOR_IO_Init	8	static
../Drivers/BSP/STM3210C_EVAL/stm3210c_eval.c:1322:6:TSENSOR_IO_Write	32	static
../Drivers/BSP/STM3210C_EVAL/stm3210c_eval.c:1334:6:TSENSOR_IO_Read	32	static
../Drivers/BSP/STM3210C_EVAL/stm3210c_eval.c:1345:10:TSENSOR_IO_IsDeviceReady	16	static
../Drivers/BSP/STM3210C_EVAL/stm3210c_eval.c:1354:6:ACCELERO_IO_Init	8	static
../Drivers/BSP/STM3210C_EVAL/stm3210c_eval.c:1365:6:ACCELERO_IO_ITConfig	8	static
../Drivers/BSP/STM3210C_EVAL/stm3210c_eval.c:1376:6:ACCELERO_IO_Write	24	static
../Drivers/BSP/STM3210C_EVAL/stm3210c_eval.c:1387:6:ACCELERO_IO_Read	24	static
../Drivers/BSP/STM3210C_EVAL/stm3210c_eval.c:1397:6:AUDIO_IO_Init	8	static
../Drivers/BSP/STM3210C_EVAL/stm3210c_eval.c:1421:6:AUDIO_IO_DeInit	4	static
../Drivers/BSP/STM3210C_EVAL/stm3210c_eval.c:1432:6:AUDIO_IO_Write	16	static
../Drivers/BSP/STM3210C_EVAL/stm3210c_eval.c:1443:9:AUDIO_IO_Read	16	static
