../Drivers/BSP/STM3210C_EVAL/stm3210c_eval_sd.c:272:9:BSP_SD_Init	8	static
../Drivers/BSP/STM3210C_EVAL/stm3210c_eval_sd.c:295:9:BSP_SD_IsDetected	16	static
../Drivers/BSP/STM3210C_EVAL/stm3210c_eval_sd.c:316:9:BSP_SD_GetCardInfo	24	static
../Drivers/BSP/STM3210C_EVAL/stm3210c_eval_sd.c:350:9:BSP_SD_ReadBlocks	56	static
../Drivers/BSP/STM3210C_EVAL/stm3210c_eval_sd.c:420:9:BSP_SD_WriteBlocks	56	static
../Drivers/BSP/STM3210C_EVAL/stm3210c_eval_sd.c:492:9:BSP_SD_Erase	48	static
../Drivers/BSP/STM3210C_EVAL/stm3210c_eval_sd.c:529:9:BSP_SD_GetCardState	24	static
../Drivers/BSP/STM3210C_EVAL/stm3210c_eval_sd.c:554:9:SD_GetCSDRegister	64	static
../Drivers/BSP/STM3210C_EVAL/stm3210c_eval_sd.c:668:9:SD_GetCIDRegister	56	static
../Drivers/BSP/STM3210C_EVAL/stm3210c_eval_sd.c:761:22:SD_SendCmd	48	static
../Drivers/BSP/STM3210C_EVAL/stm3210c_eval_sd.c:825:9:SD_GetDataResponse	16	static
../Drivers/BSP/STM3210C_EVAL/stm3210c_eval_sd.c:866:9:SD_GoIdleState	40	static
../Drivers/BSP/STM3210C_EVAL/stm3210c_eval_sd.c:968:9:SD_ReadData	16	static
../Drivers/BSP/STM3210C_EVAL/stm3210c_eval_sd.c:989:9:SD_WaitData	24	static
