2025-03-27 11:28:55,428 [INFO] Activator:176 - 


2025-03-27 11:28:55,436 [INFO] Activator:177 - !SESSION log4j initialized
2025-03-27 11:29:03,575 [INFO] LogOutputStream:77 - [STDOUT_REDIRECT] 
2025-03-27 11:29:10,304 [INFO] ApplicationProperties:184 - Using Application install path: C:\ST\STM32CubeIDE_1.18.0\STM32CubeIDE\plugins\com.st.stm32cube.common.mx_6.14.0.202502271554
2025-03-27 11:29:10,330 [INFO] DbMcusXml:78 - Set database path to: C:\ST\STM32CubeIDE_1.18.0\STM32CubeIDE\plugins\com.st.stm32cube.common.mx_6.14.0.202502271554\\db\/mcu/
2025-03-27 11:29:10,330 [INFO] ApiDb:274 - Set plugin database path to: C:\ST\STM32CubeIDE_1.18.0\STM32CubeIDE\plugins\com.st.stm32cube.common.mx_6.14.0.202502271554\\db\/plugins/boardmanager/
2025-03-27 11:29:10,331 [WARN] ApiDb:259 - Overriding images path with different value:  => C:\ST\STM32CubeIDE_1.18.0\STM32CubeIDE\plugins\com.st.stm32cube.common.mx_6.14.0.202502271554\\db\/plugins/mcufinder/images/
2025-03-27 11:29:10,345 [INFO] ApiDb:250 - Set database path to: C:\Users\micha\.stmcufinder\plugins\mcufinder//mcu/
2025-03-27 11:29:10,347 [INFO] DbMcusAds:125 - Set database path to: C:\Users\micha\.stmcufinder\plugins\mcufinder//mcu/
2025-03-27 11:29:10,350 [INFO] CrossReferenceDbSqlite:203 - Set database path to: C:\Users\micha\.stmcufinder\plugins\mcufinder//mcu/cs/
2025-03-27 11:29:10,522 [INFO] RulesReader:64 - Compatibility file has been processed (301 Rules)
2025-03-27 11:29:10,752 [INFO] DbMcusXml:78 - Set database path to: C:\ST\STM32CubeIDE_1.18.0\STM32CubeIDE\plugins\com.st.stm32cube.common.mx_6.14.0.202502271554\\db\/mcu/
2025-03-27 11:29:10,752 [INFO] ApiDb:274 - Set plugin database path to: C:\ST\STM32CubeIDE_1.18.0\STM32CubeIDE\plugins\com.st.stm32cube.common.mx_6.14.0.202502271554\\db\/plugins/boardmanager/
2025-03-27 11:29:10,753 [INFO] ApiDb:261 - Set plugin images path to: C:\ST\STM32CubeIDE_1.18.0\STM32CubeIDE\plugins\com.st.stm32cube.common.mx_6.14.0.202502271554\\db\/plugins/mcufinder/images/
2025-03-27 11:29:10,754 [WARN] DbFile:41 - Overriding database path with different value: C:\Users\micha\.stmcufinder\plugins\mcufinder/ => C:\Users\micha\.stmcufinder\plugins\mcufinder
2025-03-27 11:29:10,754 [INFO] ApiDb:250 - Set database path to: C:\Users\micha\.stmcufinder\plugins\mcufinder//mcu/
2025-03-27 11:29:10,754 [WARN] DbFile:41 - Overriding database path with different value: C:\Users\micha\.stmcufinder\plugins\mcufinder/ => C:\Users\micha\.stmcufinder\plugins\mcufinder
2025-03-27 11:29:10,755 [INFO] DbMcusAds:125 - Set database path to: C:\Users\micha\.stmcufinder\plugins\mcufinder//mcu/
2025-03-27 11:29:10,755 [WARN] DbFile:41 - Overriding database path with different value: C:\Users\micha\.stmcufinder\plugins\mcufinder/ => C:\Users\micha\.stmcufinder\plugins\mcufinder
2025-03-27 11:29:10,755 [WARN] DbFile:41 - Overriding database path with different value: C:\Users\micha\.stmcufinder\plugins\mcufinder/ => C:\Users\micha\.stmcufinder\plugins\mcufinder
2025-03-27 11:29:10,755 [INFO] CrossReferenceDbSqlite:203 - Set database path to: C:\Users\micha\.stmcufinder\plugins\mcufinder//mcu/cs/
2025-03-27 11:29:10,893 [INFO] MainPanel:272 - HeapMemory: 268435456
2025-03-27 11:29:11,113 [INFO] DbMcusXml:78 - Set database path to: C:\ST\STM32CubeIDE_1.18.0\STM32CubeIDE\plugins\com.st.stm32cube.common.mx_6.14.0.202502271554\\db\/mcu/
2025-03-27 11:29:11,113 [INFO] ApiDb:274 - Set plugin database path to: C:\ST\STM32CubeIDE_1.18.0\STM32CubeIDE\plugins\com.st.stm32cube.common.mx_6.14.0.202502271554\\db\/plugins/boardmanager/
2025-03-27 11:29:11,114 [INFO] ApiDb:261 - Set plugin images path to: C:\ST\STM32CubeIDE_1.18.0\STM32CubeIDE\plugins\com.st.stm32cube.common.mx_6.14.0.202502271554\\db\/plugins/mcufinder/images/
2025-03-27 11:29:11,115 [WARN] DbFile:41 - Overriding database path with different value: C:\Users\micha\.stmcufinder\plugins\mcufinder/ => C:\Users\micha\.stmcufinder\plugins\mcufinder
2025-03-27 11:29:11,115 [INFO] ApiDb:250 - Set database path to: C:\Users\micha\.stmcufinder\plugins\mcufinder//mcu/
2025-03-27 11:29:11,115 [WARN] DbFile:41 - Overriding database path with different value: C:\Users\micha\.stmcufinder\plugins\mcufinder/ => C:\Users\micha\.stmcufinder\plugins\mcufinder
2025-03-27 11:29:11,116 [INFO] DbMcusAds:125 - Set database path to: C:\Users\micha\.stmcufinder\plugins\mcufinder//mcu/
2025-03-27 11:29:11,116 [WARN] DbFile:41 - Overriding database path with different value: C:\Users\micha\.stmcufinder\plugins\mcufinder/ => C:\Users\micha\.stmcufinder\plugins\mcufinder
2025-03-27 11:29:11,116 [WARN] DbFile:41 - Overriding database path with different value: C:\Users\micha\.stmcufinder\plugins\mcufinder/ => C:\Users\micha\.stmcufinder\plugins\mcufinder
2025-03-27 11:29:11,116 [INFO] CrossReferenceDbSqlite:203 - Set database path to: C:\Users\micha\.stmcufinder\plugins\mcufinder//mcu/cs/
2025-03-27 11:29:11,182 [INFO] ApplicationProperties:184 - Using Application install path: C:\ST\STM32CubeIDE_1.18.0\STM32CubeIDE\plugins\com.st.stm32cube.common.mx_6.14.0.202502271554
2025-03-27 11:29:11,187 [INFO] PluginManage:196 - Search for loadable plugins [exclusion list=, ]
2025-03-27 11:29:11,195 [INFO] PluginManage:310 - Check plugin analytics
2025-03-27 11:29:16,471 [INFO] AnalyticsPlugin:253 - Accepted Software Licenses: 
2025-03-27 11:29:16,472 [INFO] AnalyticsPlugin:255 - Accepted CMSIS Pack Licenses: 
2025-03-27 11:29:16,473 [INFO] AnalyticsPlugin:257 - Accepted Firmware Licenses: 
2025-03-27 11:29:16,479 [INFO] PluginManage:359 - Loaded plugin analytics (category:tool,tabindex:-1)
2025-03-27 11:29:16,481 [INFO] PluginManage:310 - Check plugin cadmodel
2025-03-27 11:29:16,496 [INFO] CADModel:105 - Init CAD model plugin
2025-03-27 11:29:16,496 [INFO] PluginManage:359 - Loaded plugin cadmodel (category:power,tabindex:5)
2025-03-27 11:29:16,497 [INFO] PluginManage:310 - Check plugin clock
2025-03-27 11:29:16,521 [INFO] PluginManage:359 - Loaded plugin clock (category:base,tabindex:2)
2025-03-27 11:29:16,521 [INFO] PluginManage:310 - Check plugin ddr
2025-03-27 11:29:16,526 [INFO] PluginManage:359 - Loaded plugin ddr (category:tool,tabindex:6)
2025-03-27 11:29:16,527 [INFO] PluginManage:310 - Check plugin filemanager
2025-03-27 11:29:16,818 [INFO] PluginManage:359 - Loaded plugin filemanager (category:base,tabindex:10)
2025-03-27 11:29:16,818 [INFO] PluginManage:310 - Check plugin ipmanager
2025-03-27 11:29:16,828 [INFO] PluginManage:359 - Loaded plugin ipmanager (category:base,tabindex:5)
2025-03-27 11:29:16,829 [INFO] PluginManage:310 - Check plugin lpbam
2025-03-27 11:29:16,843 [INFO] PluginManage:359 - Loaded plugin lpbam (category:base,tabindex:0)
2025-03-27 11:29:16,843 [INFO] PluginManage:310 - Check plugin memorymap
2025-03-27 11:29:16,869 [INFO] PluginManage:359 - Loaded plugin memorymap (category:base,tabindex:4)
2025-03-27 11:29:16,869 [INFO] PluginManage:310 - Check plugin pinoutandconfiguration
2025-03-27 11:29:16,883 [INFO] PluginManage:359 - Loaded plugin pinoutandconfiguration (category:base,tabindex:1)
2025-03-27 11:29:16,884 [INFO] PluginManage:310 - Check plugin pinoutconfig
2025-03-27 11:29:17,041 [WARN] SupportedApi:132 - Cannot load RTOS API schema: s4s-elt-must-match.1: The content of 'definitions' must match (annotation?, (simpleType | complexType)?, (unique | key | keyref)*)). A problem was found starting at: attribute.
2025-03-27 11:29:17,251 [INFO] PluginManage:359 - Loaded plugin pinoutconfig (category:base,tabindex:0)
2025-03-27 11:29:17,251 [INFO] PluginManage:310 - Check plugin power
2025-03-27 11:29:17,269 [INFO] PluginManage:359 - Loaded plugin power (category:power,tabindex:4)
2025-03-27 11:29:17,269 [INFO] PluginManage:310 - Check plugin projectmanager
2025-03-27 11:29:17,295 [INFO] PluginManage:359 - Loaded plugin projectmanager (category:projectmanager,tabindex:4)
2025-03-27 11:29:17,296 [INFO] PluginManage:310 - Check plugin rif
2025-03-27 11:29:17,308 [INFO] PluginManage:359 - Loaded plugin rif (category:base,tabindex:3)
2025-03-27 11:29:17,308 [INFO] PluginManage:310 - Check plugin thirdparty
2025-03-27 11:29:17,517 [INFO] PluginManage:359 - Loaded plugin thirdparty (category:base,tabindex:-1)
2025-03-27 11:29:17,517 [WARN] IntegrityCheckThread:84 - waiting for thirdparty lock release [integrity check]
2025-03-27 11:29:17,517 [INFO] PluginManage:310 - Check plugin tools
2025-03-27 11:29:17,517 [INFO] IntegrityCheckThread:86 - entering critical section [integrity check]
2025-03-27 11:29:17,518 [INFO] ThirdPartyUpdaterWithRetryManager:70 - Updater plugin not ready yet. [1/15]
2025-03-27 11:29:17,523 [INFO] PluginManage:359 - Loaded plugin tools (category:base,tabindex:7)
2025-03-27 11:29:17,523 [INFO] PluginManage:310 - Check plugin tutovideos
2025-03-27 11:29:17,879 [INFO] PluginManage:359 - Loaded plugin tutovideos (category:base,tabindex:-1)
2025-03-27 11:29:17,880 [INFO] PluginManage:310 - Check plugin updater
2025-03-27 11:29:17,958 [INFO] PluginManage:359 - Loaded plugin updater (category:base,tabindex:12)
2025-03-27 11:29:17,958 [INFO] PluginManage:310 - Check plugin userauth
2025-03-27 11:29:17,966 [INFO] UserAuth:118 - Init User Auth plugin
2025-03-27 11:29:17,967 [INFO] PluginManage:359 - Loaded plugin userauth (category:base,tabindex:14)
2025-03-27 11:29:17,968 [INFO] PluginManage:283 - PluginManage : Loaded plugins [18]
2025-03-27 11:29:18,512 [INFO] PinOutPanel:1589 - setPackage(No Configuration,No Configuration)
2025-03-27 11:29:18,750 [INFO] CADModel:165 - CPN selected for project level
2025-03-27 11:29:18,751 [INFO] CADModel:114 - Register for checkConnection events
2025-03-27 11:29:18,790 [INFO] IPUIPlugin:80 - create IPUIPlugin
2025-03-27 11:29:18,791 [INFO] PluginManager:220 - loadIPPluginJar : add adc
2025-03-27 11:29:18,797 [INFO] IPUIPlugin:80 - create IPUIPlugin
2025-03-27 11:29:18,798 [INFO] PluginManager:220 - loadIPPluginJar : add aes
2025-03-27 11:29:18,804 [INFO] IPUIPlugin:80 - create IPUIPlugin
2025-03-27 11:29:18,804 [INFO] PluginManager:220 - loadIPPluginJar : add can
2025-03-27 11:29:18,808 [INFO] IPUIPlugin:80 - create IPUIPlugin
2025-03-27 11:29:18,809 [INFO] PluginManager:220 - loadIPPluginJar : add comp
2025-03-27 11:29:18,815 [INFO] IPUIPlugin:80 - create IPUIPlugin
2025-03-27 11:29:18,816 [INFO] PluginManager:220 - loadIPPluginJar : add cryp
2025-03-27 11:29:18,823 [INFO] IPUIPlugin:80 - create IPUIPlugin
2025-03-27 11:29:18,823 [INFO] PluginManager:220 - loadIPPluginJar : add ddr_ctrl_phy
2025-03-27 11:29:18,829 [INFO] IPUIPlugin:80 - create IPUIPlugin
2025-03-27 11:29:18,830 [INFO] PluginManager:220 - loadIPPluginJar : add dfsdm
2025-03-27 11:29:18,839 [INFO] IPUIPlugin:80 - create IPUIPlugin
2025-03-27 11:29:18,839 [INFO] PluginManager:220 - loadIPPluginJar : add dma
2025-03-27 11:29:18,855 [INFO] IPUIPlugin:80 - create IPUIPlugin
2025-03-27 11:29:18,871 [INFO] PluginManager:220 - loadIPPluginJar : add dma3
2025-03-27 11:29:18,894 [INFO] IPUIPlugin:80 - create IPUIPlugin
2025-03-27 11:29:18,895 [INFO] PluginManager:220 - loadIPPluginJar : add extmemmanager
2025-03-27 11:29:18,898 [INFO] IPUIPlugin:80 - create IPUIPlugin
2025-03-27 11:29:18,899 [INFO] PluginManager:220 - loadIPPluginJar : add fatfs
2025-03-27 11:29:18,909 [INFO] IPUIPlugin:80 - create IPUIPlugin
2025-03-27 11:29:18,910 [INFO] PluginManager:220 - loadIPPluginJar : add fmc
2025-03-27 11:29:18,923 [INFO] IPUIPlugin:80 - create IPUIPlugin
2025-03-27 11:29:18,924 [INFO] PluginManager:220 - loadIPPluginJar : add freertos
2025-03-27 11:29:18,929 [INFO] IPUIPlugin:80 - create IPUIPlugin
2025-03-27 11:29:18,929 [INFO] PluginManager:220 - loadIPPluginJar : add genericplugin
2025-03-27 11:29:18,934 [INFO] IPUIPlugin:80 - create IPUIPlugin
2025-03-27 11:29:18,935 [INFO] PluginManager:220 - loadIPPluginJar : add gfxmmu
2025-03-27 11:29:18,946 [INFO] IPUIPlugin:80 - create IPUIPlugin
2025-03-27 11:29:18,947 [INFO] PluginManager:220 - loadIPPluginJar : add gic
2025-03-27 11:29:18,956 [INFO] IPUIPlugin:80 - create IPUIPlugin
2025-03-27 11:29:18,956 [INFO] PluginManager:220 - loadIPPluginJar : add gpio
2025-03-27 11:29:18,964 [INFO] IPUIPlugin:80 - create IPUIPlugin
2025-03-27 11:29:18,965 [INFO] PluginManager:220 - loadIPPluginJar : add gtzc
2025-03-27 11:29:18,970 [INFO] IPUIPlugin:80 - create IPUIPlugin
2025-03-27 11:29:18,970 [INFO] PluginManager:220 - loadIPPluginJar : add hash
2025-03-27 11:29:18,978 [INFO] IPUIPlugin:80 - create IPUIPlugin
2025-03-27 11:29:18,978 [INFO] PluginManager:220 - loadIPPluginJar : add i2c
2025-03-27 11:29:18,984 [INFO] IPUIPlugin:80 - create IPUIPlugin
2025-03-27 11:29:18,984 [INFO] PluginManager:220 - loadIPPluginJar : add i2s
2025-03-27 11:29:18,990 [INFO] IPUIPlugin:80 - create IPUIPlugin
2025-03-27 11:29:18,990 [INFO] PluginManager:220 - loadIPPluginJar : add i3c
2025-03-27 11:29:18,997 [INFO] IPUIPlugin:80 - create IPUIPlugin
2025-03-27 11:29:18,997 [INFO] PluginManager:220 - loadIPPluginJar : add ipddr
2025-03-27 11:29:19,013 [INFO] IPUIPlugin:80 - create IPUIPlugin
2025-03-27 11:29:19,014 [INFO] PluginManager:220 - loadIPPluginJar : add linkedlist
2025-03-27 11:29:19,020 [INFO] IPUIPlugin:80 - create IPUIPlugin
2025-03-27 11:29:19,020 [INFO] PluginManager:220 - loadIPPluginJar : add lorawan
2025-03-27 11:29:19,024 [INFO] IPUIPlugin:80 - create IPUIPlugin
2025-03-27 11:29:19,024 [INFO] PluginManager:220 - loadIPPluginJar : add ltdc
2025-03-27 11:29:19,035 [INFO] IPUIPlugin:80 - create IPUIPlugin
2025-03-27 11:29:19,035 [INFO] PluginManager:220 - loadIPPluginJar : add mdma
2025-03-27 11:29:19,042 [INFO] IPUIPlugin:80 - create IPUIPlugin
2025-03-27 11:29:19,042 [INFO] PluginManager:220 - loadIPPluginJar : add nvic
2025-03-27 11:29:19,048 [INFO] IPUIPlugin:80 - create IPUIPlugin
2025-03-27 11:29:19,049 [INFO] PluginManager:220 - loadIPPluginJar : add opamp
2025-03-27 11:29:19,055 [INFO] IPUIPlugin:80 - create IPUIPlugin
2025-03-27 11:29:19,055 [INFO] PluginManager:220 - loadIPPluginJar : add openamp
2025-03-27 11:29:19,060 [INFO] IPUIPlugin:80 - create IPUIPlugin
2025-03-27 11:29:19,060 [INFO] PluginManager:220 - loadIPPluginJar : add pdm2pcm
2025-03-27 11:29:19,071 [INFO] IPUIPlugin:80 - create IPUIPlugin
2025-03-27 11:29:19,075 [INFO] PluginManager:220 - loadIPPluginJar : add plateformsettings
2025-03-27 11:29:19,078 [INFO] IPUIPlugin:80 - create IPUIPlugin
2025-03-27 11:29:19,078 [INFO] PluginManager:220 - loadIPPluginJar : add quadspi
2025-03-27 11:29:19,083 [INFO] IPUIPlugin:80 - create IPUIPlugin
2025-03-27 11:29:19,084 [INFO] PluginManager:220 - loadIPPluginJar : add radio
2025-03-27 11:29:19,091 [INFO] IPUIPlugin:80 - create IPUIPlugin
2025-03-27 11:29:19,091 [INFO] PluginManager:220 - loadIPPluginJar : add resmgrutility
2025-03-27 11:29:19,098 [INFO] IPUIPlugin:80 - create IPUIPlugin
2025-03-27 11:29:19,098 [INFO] PluginManager:220 - loadIPPluginJar : add sai
2025-03-27 11:29:19,103 [INFO] IPUIPlugin:80 - create IPUIPlugin
2025-03-27 11:29:19,104 [INFO] PluginManager:220 - loadIPPluginJar : add spi
2025-03-27 11:29:19,113 [INFO] IPUIPlugin:80 - create IPUIPlugin
2025-03-27 11:29:19,114 [INFO] PluginManager:220 - loadIPPluginJar : add stm32_wpan
2025-03-27 11:29:19,119 [INFO] IPUIPlugin:80 - create IPUIPlugin
2025-03-27 11:29:19,119 [INFO] PluginManager:220 - loadIPPluginJar : add tim
2025-03-27 11:29:19,131 [INFO] IPUIPlugin:80 - create IPUIPlugin
2025-03-27 11:29:19,131 [INFO] PluginManager:220 - loadIPPluginJar : add touchsensing
2025-03-27 11:29:19,137 [INFO] IPUIPlugin:80 - create IPUIPlugin
2025-03-27 11:29:19,138 [INFO] PluginManager:220 - loadIPPluginJar : add tracer_emb
2025-03-27 11:29:19,145 [INFO] IPUIPlugin:80 - create IPUIPlugin
2025-03-27 11:29:19,145 [INFO] PluginManager:220 - loadIPPluginJar : add ts
2025-03-27 11:29:19,152 [INFO] IPUIPlugin:80 - create IPUIPlugin
2025-03-27 11:29:19,152 [INFO] PluginManager:220 - loadIPPluginJar : add tsc
2025-03-27 11:29:19,160 [INFO] IPUIPlugin:80 - create IPUIPlugin
2025-03-27 11:29:19,160 [INFO] PluginManager:220 - loadIPPluginJar : add ucpd
2025-03-27 11:29:19,167 [INFO] IPUIPlugin:80 - create IPUIPlugin
2025-03-27 11:29:19,167 [INFO] PluginManager:220 - loadIPPluginJar : add usart
2025-03-27 11:29:19,178 [INFO] IPUIPlugin:80 - create IPUIPlugin
2025-03-27 11:29:19,178 [INFO] PluginManager:220 - loadIPPluginJar : add usbx
2025-03-27 11:29:19,393 [FATAL] Updater:351 - Updater called before beeing initialized
2025-03-27 11:29:19,437 [INFO] RulesReader:64 - Compatibility file has been processed (301 Rules)
2025-03-27 11:29:19,456 [INFO] RulesReader:64 - Compatibility file has been processed (301 Rules)
2025-03-27 11:29:19,470 [INFO] CADModel:165 - CPN selected for project level
2025-03-27 11:29:19,470 [INFO] CADModel:114 - Register for checkConnection events
2025-03-27 11:29:19,470 [FATAL] Updater:351 - Updater called before beeing initialized
2025-03-27 11:29:19,470 [ERROR] CADModel:125 - Updater not yet initialized, retry later 
2025-03-27 11:29:19,775 [FATAL] Updater:351 - Updater called before beeing initialized
2025-03-27 11:29:19,779 [INFO] CADModel:165 - CPN selected for project level
2025-03-27 11:29:19,779 [INFO] CADModel:114 - Register for checkConnection events
2025-03-27 11:29:19,779 [FATAL] Updater:351 - Updater called before beeing initialized
2025-03-27 11:29:19,779 [ERROR] CADModel:125 - Updater not yet initialized, retry later 
2025-03-27 11:29:19,784 [FATAL] Updater:351 - Updater called before beeing initialized
2025-03-27 11:29:19,959 [FATAL] Updater:351 - Updater called before beeing initialized
2025-03-27 11:29:19,964 [INFO] DbMcusAds:53 - JSON generation date=Thu Sep 30 08:55:09 CEST 2021 (1632984909247)
2025-03-27 11:29:19,965 [FATAL] Updater:351 - Updater called before beeing initialized
2025-03-27 11:29:20,022 [WARN] DetailPanel:346 - Failed to get advertising image, set to default
2025-03-27 11:29:20,350 [FATAL] Updater:351 - Updater called before beeing initialized
2025-03-27 11:29:20,351 [FATAL] Updater:351 - Updater called before beeing initialized
2025-03-27 11:29:20,351 [FATAL] Updater:351 - Updater called before beeing initialized
2025-03-27 11:29:20,353 [WARN] DetailPanel:346 - Failed to get advertising image, set to default
2025-03-27 11:29:20,353 [FATAL] Updater:351 - Updater called before beeing initialized
2025-03-27 11:29:20,434 [ERROR] Updater:1198 - MainUpdater not yet initialized. External WinMGr cannot be set.
2025-03-27 11:29:20,438 [INFO] Updater:1134 - Updater Version found : 6.14.0
2025-03-27 11:29:20,465 [INFO] ApplicationProperties:184 - Using Application install path: C:\ST\STM32CubeIDE_1.18.0\STM32CubeIDE\plugins\com.st.stm32cube.common.mx_6.14.0.202502271554
2025-03-27 11:29:20,519 [INFO] ThirdPartyUpdaterWithRetryManager:70 - Updater plugin not ready yet. [2/15]
2025-03-27 11:29:22,043 [ERROR] LogOutputStream:75 - [STDERR_REDIRECT] Mar 27, 2025 11:29:22 AM java.util.prefs.WindowsPreferences <init>
2025-03-27 11:29:22,045 [ERROR] LogOutputStream:75 - [STDERR_REDIRECT] WARNING: Could not open/create prefs root node Software\JavaSoft\Prefs at root 0xffffffff80000002. Windows RegCreateKeyEx(...) returned error code 5.
2025-03-27 11:29:22,045 [ERROR] LogOutputStream:75 - [STDERR_REDIRECT] 
2025-03-27 11:29:22,413 [INFO] MainUpdater:2872 - connection check result : 10
2025-03-27 11:29:22,414 [INFO] MainUpdater:3566 - Updater definition file requires update
2025-03-27 11:29:22,415 [INFO] MainUpdater:289 - Updater Check For Update Now.
2025-03-27 11:29:22,415 [INFO] MicroXplorer:498 - Change Database Version : DB.6.0.140
2025-03-27 11:29:22,424 [INFO] McuFinderGlobals:63 - Set McuFinder mode to 2 (CubeIDE integrated)
2025-03-27 11:29:22,424 [INFO] UserAuth:171 - activating auth plugin
2025-03-27 11:29:22,428 [INFO] UserAuth:486 - Internet connection configuration mode: 1
2025-03-27 11:29:22,449 [INFO] JxBrowserEngine:152 - Initiate JxBrowser Engine with user profile folder
2025-03-27 11:29:22,500 [INFO] ServerAccessManage:473 - Download File updaters.zip
2025-03-27 11:29:22,603 [INFO] FileExtend:242 - Unzip File : updaters.zip
2025-03-27 11:29:22,603 [INFO] FileExtend:257 - Standard Zip Deflate
2025-03-27 11:29:23,275 [INFO] ServerAccessManage:473 - Download File PacksControlFlags.xml
2025-03-27 11:29:23,350 [INFO] ServerAccessManage:473 - Download File cubemx.pidx
2025-03-27 11:29:23,525 [WARN] MainUpdater:1193 - Updater busy. Cannot search thirdparties
2025-03-27 11:29:23,525 [INFO] ThirdPartyUpdaterWithRetryManager:96 - Updater plugin is busy. [1/15]
2025-03-27 11:29:24,152 [INFO] ServerAccessManage:473 - Download File STMicroelectronics.X-CUBE-DPOWER.pdsc
2025-03-27 11:29:24,295 [ERROR] ServerAccessManage:1089 - Problem, file not found on Server
2025-03-27 11:29:24,414 [ERROR] ServerAccessManage:1089 - Problem, file not found on Server
2025-03-27 11:29:24,533 [ERROR] ServerAccessManage:1089 - Problem, file not found on Server
2025-03-27 11:29:24,599 [ERROR] ServerAccessManage:1089 - Problem, file not found on Server
2025-03-27 11:29:24,710 [ERROR] ServerAccessManage:1089 - Problem, file not found on Server
2025-03-27 11:29:24,812 [ERROR] ServerAccessManage:1089 - Problem, file not found on Server
2025-03-27 11:29:24,965 [ERROR] ServerAccessManage:1089 - Problem, file not found on Server
2025-03-27 11:29:25,092 [ERROR] ServerAccessManage:1089 - Problem, file not found on Server
2025-03-27 11:29:25,165 [ERROR] ServerAccessManage:1089 - Problem, file not found on Server
2025-03-27 11:29:25,275 [ERROR] ServerAccessManage:1089 - Problem, file not found on Server
2025-03-27 11:29:25,347 [ERROR] ServerAccessManage:1089 - Problem, file not found on Server
2025-03-27 11:29:25,977 [INFO] WebApp:169 - Instantiating new browser for Auth
2025-03-27 11:29:26,527 [WARN] MainUpdater:1193 - Updater busy. Cannot search thirdparties
2025-03-27 11:29:26,527 [INFO] ThirdPartyUpdaterWithRetryManager:96 - Updater plugin is busy. [2/15]
2025-03-27 11:29:27,864 [INFO] ServerAccessManage:473 - Download File Infineon.AIROC-Wi-Fi-Bluetooth-STM32.pdsc
2025-03-27 11:29:28,112 [INFO] WebApp:463 - Apply proxy settings
2025-03-27 11:29:28,113 [INFO] WebApp:548 - Chromium requires no authentication
2025-03-27 11:29:28,128 [INFO] WebApp:491 - Direct internet connection detected
2025-03-27 11:29:28,167 [INFO] WebApp:894 - Register for checkConnection events
2025-03-27 11:29:28,167 [INFO] WebApp:463 - Apply proxy settings
2025-03-27 11:29:28,168 [INFO] WebApp:548 - Chromium requires no authentication
2025-03-27 11:29:28,168 [INFO] WebApp:491 - Direct internet connection detected
2025-03-27 11:29:28,382 [INFO] WebApp:191 - Connection restablished
2025-03-27 11:29:28,426 [INFO] WebApp:225 - Starting web application
2025-03-27 11:29:28,426 [INFO] WebApp:593 - Web application path used C:\ST\STM32CubeIDE_1.18.0\STM32CubeIDE\plugins\com.st.stm32cube.common.mx_6.14.0.202502271554\db\plugins\mcufinder\reactClient1\index.html
2025-03-27 11:29:29,529 [WARN] MainUpdater:1193 - Updater busy. Cannot search thirdparties
2025-03-27 11:29:29,529 [INFO] ThirdPartyUpdaterWithRetryManager:96 - Updater plugin is busy. [3/15]
2025-03-27 11:29:31,981 [INFO] ServerAccessManage:473 - Download File Cesanta.I-CUBE-Mongoose.pdsc
2025-03-27 11:29:32,530 [WARN] MainUpdater:1193 - Updater busy. Cannot search thirdparties
2025-03-27 11:29:32,530 [INFO] ThirdPartyUpdaterWithRetryManager:96 - Updater plugin is busy. [4/15]
2025-03-27 11:29:33,089 [INFO] ServerAccessManage:473 - Download File EmbeddedOffice.I-CUBE-FS-RTOS.pdsc
2025-03-27 11:29:33,734 [INFO] ServerAccessManage:473 - Download File quantropi.X-CUBE-qispace-sdk-base.pdsc
2025-03-27 11:29:34,132 [WARN] PackLoader:240 - Cannot read IP mode file for STMicroelectronics.X-CUBE-DPower.1.2.0
2025-03-27 11:29:34,197 [WARN] PackLoader:240 - Cannot read IP mode file for Infineon.AIROC-Wi-Fi-Bluetooth-STM32.1.7.0
2025-03-27 11:29:34,235 [WARN] PackLoader:240 - Cannot read IP mode file for Cesanta.I-CUBE-Mongoose.7.13.0
2025-03-27 11:29:34,258 [WARN] PackLoader:240 - Cannot read IP mode file for EmbeddedOffice.I-CUBE-FS-RTOS.1.0.1
2025-03-27 11:29:34,269 [WARN] ConditionMgr:438 - getConditionDescription Invalid condition id : Cortex-A Device cause : null
2025-03-27 11:29:34,289 [WARN] ConditionMgr:1044 - genDependencies : Invalid condition id : Cortex-A Device cause : null
2025-03-27 11:29:34,289 [WARN] ConditionMgr:1044 - genDependencies : Invalid condition id : Cortex-A Device cause : null
2025-03-27 11:29:34,289 [WARN] ConditionMgr:1044 - genDependencies : Invalid condition id : Cortex-A Device cause : null
2025-03-27 11:29:34,292 [INFO] PopulateThirdPartyThread:66 - Ending populate Thread
2025-03-27 11:29:34,295 [INFO] ThirdParty:1030 - CMSIS Pack Vendor :quantropi X-CUBE-qispace-sdk-base 2.0.0
2025-03-27 11:29:34,295 [INFO] ThirdParty:1030 - CMSIS Pack Vendor :EmbeddedOffice I-CUBE-FS-RTOS 1.0.1
2025-03-27 11:29:34,295 [INFO] ThirdParty:1030 - CMSIS Pack Vendor :Cesanta I-CUBE-Mongoose 7.13.0
2025-03-27 11:29:34,295 [INFO] ThirdParty:1030 - CMSIS Pack Vendor :Infineon AIROC-Wi-Fi-Bluetooth-STM32 1.7.0
2025-03-27 11:29:34,295 [INFO] ThirdParty:1030 - CMSIS Pack Vendor :STMicroelectronics X-CUBE-DPower 1.2.0
2025-03-27 11:29:34,296 [INFO] LoadServerUpdatesThread:375 - End of LoadServerUpdate Thread
2025-03-27 11:29:34,351 [INFO] CheckServerUpdateThread:120 - End of CheckServer Thread
2025-03-27 11:29:35,744 [WARN] PackLoader:240 - Cannot read IP mode file for STMicroelectronics.FP-SNS-MOTENVWB1.1.4.0
2025-03-27 11:29:35,751 [WARN] PackLoader:240 - Cannot read IP mode file for STMicroelectronics.X-CUBE-SMBUS.2.1.0
2025-03-27 11:29:35,761 [WARN] PackLoader:240 - Cannot read IP mode file for STMicroelectronics.X-CUBE-WB05N.1.1.0
2025-03-27 11:29:35,795 [WARN] PackLoader:240 - Cannot read IP mode file for STMicroelectronics.X-CUBE-AZRTOS-F7.1.1.0
2025-03-27 11:29:35,832 [WARN] PackLoader:240 - Cannot read IP mode file for Infineon.AIROC-Wi-Fi-Bluetooth-STM32.1.7.0
2025-03-27 11:29:35,852 [WARN] PackLoader:240 - Cannot read IP mode file for STMicroelectronics.X-CUBE-DISPLAY.3.0.0
2025-03-27 11:29:35,868 [WARN] PackLoader:240 - Cannot read IP mode file for STMicroelectronics.X-CUBE-NFC10.1.0.0
2025-03-27 11:29:35,885 [WARN] PackLoader:240 - Cannot read IP mode file for STMicroelectronics.X-CUBE-BLEMGR.4.0.0
2025-03-27 11:29:35,898 [WARN] ConditionMgr:438 - getConditionDescription Invalid condition id : Cortex-A Device cause : null
2025-03-27 11:29:35,908 [WARN] ConditionMgr:1044 - genDependencies : Invalid condition id : Cortex-A Device cause : null
2025-03-27 11:29:35,909 [WARN] ConditionMgr:1044 - genDependencies : Invalid condition id : Cortex-A Device cause : null
2025-03-27 11:29:35,909 [WARN] ConditionMgr:1044 - genDependencies : Invalid condition id : Cortex-A Device cause : null
2025-03-27 11:29:35,913 [WARN] PackLoader:240 - Cannot read IP mode file for STMicroelectronics.X-CUBE-AI.10.0.0
2025-03-27 11:29:35,920 [WARN] PackLoader:240 - Cannot read IP mode file for STMicroelectronics.FP-SNS-SMARTAG2.1.2.0
2025-03-27 11:29:36,022 [WARN] PackLoader:240 - Cannot read IP mode file for STMicroelectronics.X-CUBE-MEMS1.11.1.0
2025-03-27 11:29:36,253 [INFO] LogOutputStream:77 - [STDOUT_REDIRECT] 1 : Invalid condition id : UX_CORESTACK_Condition cause : null
2025-03-27 11:29:36,254 [INFO] LogOutputStream:77 - [STDOUT_REDIRECT] 1 : Invalid condition id : UX_CORESTACK_Condition cause : null
2025-03-27 11:29:36,259 [INFO] LogOutputStream:77 - [STDOUT_REDIRECT] 1 : Invalid condition id : UX_CORESTACK_Condition cause : null
2025-03-27 11:29:36,261 [INFO] LogOutputStream:77 - [STDOUT_REDIRECT] 1 : Invalid condition id : UX_CORESTACK_Condition cause : null
2025-03-27 11:29:36,263 [INFO] LogOutputStream:77 - [STDOUT_REDIRECT] 1 : Invalid condition id : UX_CORESTACK_Condition cause : null
2025-03-27 11:29:36,267 [WARN] PackLoader:240 - Cannot read IP mode file for STMicroelectronics.X-CUBE-AZRTOS-WL.2.0.0
2025-03-27 11:29:36,278 [WARN] PackLoader:240 - Cannot read IP mode file for STMicroelectronics.FP-SNS-MOTENV1.5.0.0
2025-03-27 11:29:36,287 [WARN] PackLoader:240 - Cannot read IP mode file for WES.I-CUBE-Cesium.1.3.0
2025-03-27 11:29:36,296 [WARN] PackLoader:240 - Cannot read IP mode file for STMicroelectronics.X-CUBE-BLE2.3.3.0
2025-03-27 11:29:36,304 [WARN] PackLoader:240 - Cannot read IP mode file for STMicroelectronics.X-CUBE-NFC9.1.0.0
2025-03-27 11:29:36,330 [WARN] PackLoader:240 - Cannot read IP mode file for STMicroelectronics.X-CUBE-AZRTOS-G0.1.1.0
2025-03-27 11:29:36,342 [WARN] PackLoader:240 - Cannot read IP mode file for STMicroelectronics.X-CUBE-SAFEA1.1.2.2
2025-03-27 11:29:36,351 [WARN] PackLoader:240 - Cannot read IP mode file for STMicroelectronics.X-CUBE-NFC4.3.0.0
2025-03-27 11:29:36,364 [WARN] PackLoader:240 - Cannot read IP mode file for EmbeddedOffice.I-CUBE-FS-RTOS.1.0.1
2025-03-27 11:29:36,372 [WARN] PackLoader:240 - Cannot read IP mode file for STMicroelectronics.X-CUBE-TCPP.4.2.0
2025-03-27 11:29:36,382 [WARN] PackLoader:240 - Cannot read IP mode file for RealThread.X-CUBE-RT-Thread_Nano.4.1.1
2025-03-27 11:29:36,388 [WARN] PackLoader:240 - Cannot read IP mode file for STMicroelectronics.FP-ATR-SIGFOX1.3.2.0
2025-03-27 11:29:36,397 [WARN] PackLoader:240 - Cannot read IP mode file for STMicroelectronics.X-CUBE-EEPRMA1.5.1.0
2025-03-27 11:29:36,435 [WARN] PackLoader:240 - Cannot read IP mode file for SEGGER.I-CUBE-embOS.1.3.1
2025-03-27 11:29:36,496 [WARN] PackLoader:240 - Cannot read IP mode file for STMicroelectronics.X-CUBE-ALGOBUILD.1.4.0
2025-03-27 11:29:36,517 [WARN] PackLoader:240 - Cannot read IP mode file for STMicroelectronics.X-CUBE-AZRTOS-F4.1.1.0
2025-03-27 11:29:36,527 [WARN] PackLoader:240 - Cannot read IP mode file for STMicroelectronics.X-CUBE-ISPU.2.1.0
2025-03-27 11:29:36,552 [WARN] PackLoader:240 - Cannot read IP mode file for STMicroelectronics.X-CUBE-AZRTOS-L5.2.0.0
2025-03-27 11:29:36,567 [WARN] PackLoader:240 - Cannot read IP mode file for STMicroelectronics.X-CUBE-NFC6.3.1.0
2025-03-27 11:29:36,578 [WARN] PackLoader:240 - Cannot read IP mode file for STMicroelectronics.X-CUBE-DPower.1.2.0
2025-03-27 11:29:36,583 [WARN] PackLoader:240 - Cannot read IP mode file for STMicroelectronics.X-CUBE-FREERTOS.1.3.0
2025-03-27 11:29:36,591 [WARN] PackLoader:240 - Cannot read IP mode file for STMicroelectronics.X-CUBE-NFC7.1.0.1
2025-03-27 11:29:36,612 [WARN] ConditionMgr:438 - getConditionDescription Invalid condition id : LAN8742 Phy interface Condition cause : null
2025-03-27 11:29:36,613 [WARN] PackLoader:240 - Cannot read IP mode file for STMicroelectronics.X-CUBE-AZRTOS-L4.2.0.0
2025-03-27 11:29:36,614 [WARN] ConditionMgr:1044 - genDependencies : Invalid condition id : LAN8742 Phy interface Condition cause : null
2025-03-27 11:29:36,614 [WARN] ConditionMgr:1044 - genDependencies : Invalid condition id : LAN8742 Phy interface Condition cause : null
2025-03-27 11:29:36,614 [WARN] ConditionMgr:1044 - genDependencies : Invalid condition id : LAN8742 Phy interface Condition cause : null
2025-03-27 11:29:36,621 [WARN] PackLoader:240 - Cannot read IP mode file for STMicroelectronics.X-CUBE-SFXS2LP1.4.0.0
2025-03-27 11:29:36,652 [WARN] PackLoader:240 - Cannot read IP mode file for STMicroelectronics.X-CUBE-AZRTOS-H7.3.3.0
2025-03-27 11:29:36,668 [WARN] ConditionMgr:438 - getConditionDescription Invalid condition id : UX DEVICE CLASS RTOS Condition cause : null
2025-03-27 11:29:36,669 [WARN] ConditionMgr:438 - getConditionDescription Invalid condition id : UX DEVICE CLASS RTOS Condition cause : null
2025-03-27 11:29:36,670 [WARN] PackLoader:240 - Cannot read IP mode file for STMicroelectronics.X-CUBE-AZRTOS-WB.2.0.0
2025-03-27 11:29:36,671 [WARN] ConditionMgr:1044 - genDependencies : Invalid condition id : UX DEVICE CLASS RTOS Condition cause : null
2025-03-27 11:29:36,671 [WARN] ConditionMgr:1044 - genDependencies : Invalid condition id : UX DEVICE CLASS RTOS Condition cause : null
2025-03-27 11:29:36,672 [WARN] ConditionMgr:1044 - genDependencies : Invalid condition id : UX DEVICE CLASS RTOS Condition cause : null
2025-03-27 11:29:36,674 [WARN] ConditionMgr:1044 - genDependencies : Invalid condition id : UX DEVICE CLASS RTOS Condition cause : null
2025-03-27 11:29:36,674 [WARN] ConditionMgr:1044 - genDependencies : Invalid condition id : UX DEVICE CLASS RTOS Condition cause : null
2025-03-27 11:29:36,683 [WARN] PackLoader:240 - Cannot read IP mode file for STMicroelectronics.X-CUBE-GNSS1.7.0.1
2025-03-27 11:29:36,694 [WARN] PackLoader:240 - Cannot read IP mode file for STMicroelectronics.FP-SNS-STBOX1.2.0.0
2025-03-27 11:29:36,712 [WARN] PackLoader:240 - Cannot read IP mode file for STMicroelectronics.X-CUBE-SUBG2.5.0.0
2025-03-27 11:29:36,721 [WARN] PackLoader:240 - Cannot read IP mode file for Cesanta.I-CUBE-Mongoose.7.13.0
2025-03-27 11:29:36,742 [WARN] PackLoader:240 - Cannot read IP mode file for STMicroelectronics.X-CUBE-AZRTOS-G4.2.0.0
2025-03-27 11:29:36,760 [WARN] PackLoader:240 - Cannot read IP mode file for STMicroelectronics.X-CUBE-IPS.3.1.0
2025-03-27 11:29:36,778 [WARN] PackLoader:240 - Cannot read IP mode file for STMicroelectronics.X-CUBE-ALS.1.0.2
2025-03-27 11:29:36,786 [WARN] PackLoader:240 - Cannot read IP mode file for portGmbH.I-Cube-SoM-uGOAL.1.1.0
2025-03-27 11:29:36,803 [WARN] PackLoader:240 - Cannot read IP mode file for STMicroelectronics.X-CUBE-TOF1.3.4.2
2025-03-27 11:29:36,818 [INFO] ThirdParty:978 - Integrity check success = true
2025-03-27 11:29:36,818 [INFO] IntegrityCheckThread:100 - exiting critical section [integrity check]
2025-03-27 11:29:36,818 [INFO] IntegrityCheckThread:103 - End integrity checks thread
2025-03-27 11:30:26,142 [INFO] WebApp:194 - Connection lost
2025-03-27 12:08:09,557 [ERROR] ConfigurationRetriever:142 - IOException on connection: sw-center.st.com
2025-03-27 12:08:09,559 [ERROR] ConfigurationRetriever:142 - IOException on connection: sw-center.st.com
2025-03-27 12:08:09,560 [ERROR] ConfigurationRetriever:142 - IOException on connection: sw-center.st.com
2025-03-27 12:14:54,970 [ERROR] ConfigurationRetriever:142 - IOException on connection: sw-center.st.com
2025-03-27 12:14:54,971 [ERROR] ConfigurationRetriever:142 - IOException on connection: sw-center.st.com
2025-03-27 12:14:54,972 [ERROR] ConfigurationRetriever:142 - IOException on connection: sw-center.st.com
2025-03-27 12:17:55,809 [ERROR] ConfigurationRetriever:142 - IOException on connection: sw-center.st.com
2025-03-27 12:17:55,810 [ERROR] ConfigurationRetriever:142 - IOException on connection: sw-center.st.com
2025-03-27 12:17:55,811 [ERROR] ConfigurationRetriever:142 - IOException on connection: sw-center.st.com
2025-03-27 12:19:22,797 [ERROR] ConfigurationRetriever:142 - IOException on connection: sw-center.st.com
2025-03-27 12:19:22,798 [ERROR] ConfigurationRetriever:142 - IOException on connection: sw-center.st.com
2025-03-27 12:19:22,800 [ERROR] ConfigurationRetriever:142 - IOException on connection: sw-center.st.com
2025-03-27 12:19:23,066 [ERROR] ConfigurationRetriever:142 - IOException on connection: sw-center.st.com
2025-03-27 12:19:23,066 [ERROR] ConfigurationRetriever:142 - IOException on connection: sw-center.st.com
2025-03-27 12:19:23,067 [ERROR] ConfigurationRetriever:142 - IOException on connection: sw-center.st.com
2025-03-27 12:20:58,037 [ERROR] ConfigurationRetriever:142 - IOException on connection: sw-center.st.com
2025-03-27 12:20:58,038 [ERROR] ConfigurationRetriever:142 - IOException on connection: sw-center.st.com
2025-03-27 12:20:58,038 [ERROR] ConfigurationRetriever:142 - IOException on connection: sw-center.st.com
2025-03-27 12:20:58,269 [ERROR] ConfigurationRetriever:142 - IOException on connection: sw-center.st.com
2025-03-27 12:20:58,271 [ERROR] ConfigurationRetriever:142 - IOException on connection: sw-center.st.com
2025-03-27 12:20:58,272 [ERROR] ConfigurationRetriever:142 - IOException on connection: sw-center.st.com
2025-03-27 12:40:51,033 [ERROR] ConfigurationRetriever:142 - IOException on connection: sw-center.st.com
2025-03-27 12:40:51,034 [ERROR] ConfigurationRetriever:142 - IOException on connection: sw-center.st.com
2025-03-27 12:40:51,034 [ERROR] ConfigurationRetriever:142 - IOException on connection: sw-center.st.com
