2025-04-24 11:20:35,488 [INFO] Activator:176 - 


2025-04-24 11:20:35,497 [INFO] Activator:177 - !SESSION log4j initialized
2025-04-24 11:20:42,020 [INFO] LogOutputStream:77 - [STDOUT_REDIRECT] 
2025-04-24 11:20:48,274 [INFO] ApplicationProperties:184 - Using Application install path: C:\ST\STM32CubeIDE_1.18.0\STM32CubeIDE\plugins\com.st.stm32cube.common.mx_6.14.0.202502271554
2025-04-24 11:20:48,294 [INFO] DbMcusXml:78 - Set database path to: C:\ST\STM32CubeIDE_1.18.0\STM32CubeIDE\plugins\com.st.stm32cube.common.mx_6.14.0.202502271554\\db\/mcu/
2025-04-24 11:20:48,295 [INFO] ApiDb:274 - Set plugin database path to: C:\ST\STM32CubeIDE_1.18.0\STM32CubeIDE\plugins\com.st.stm32cube.common.mx_6.14.0.202502271554\\db\/plugins/boardmanager/
2025-04-24 11:20:48,295 [WARN] ApiDb:259 - Overriding images path with different value:  => C:\ST\STM32CubeIDE_1.18.0\STM32CubeIDE\plugins\com.st.stm32cube.common.mx_6.14.0.202502271554\\db\/plugins/mcufinder/images/
2025-04-24 11:20:48,304 [INFO] ApiDb:250 - Set database path to: C:\Users\micha\.stmcufinder\plugins\mcufinder//mcu/
2025-04-24 11:20:48,305 [INFO] DbMcusAds:125 - Set database path to: C:\Users\micha\.stmcufinder\plugins\mcufinder//mcu/
2025-04-24 11:20:48,308 [INFO] CrossReferenceDbSqlite:203 - Set database path to: C:\Users\micha\.stmcufinder\plugins\mcufinder//mcu/cs/
2025-04-24 11:20:48,427 [INFO] RulesReader:64 - Compatibility file has been processed (301 Rules)
2025-04-24 11:20:48,511 [INFO] DbMcusXml:78 - Set database path to: C:\ST\STM32CubeIDE_1.18.0\STM32CubeIDE\plugins\com.st.stm32cube.common.mx_6.14.0.202502271554\\db\/mcu/
2025-04-24 11:20:48,511 [INFO] ApiDb:274 - Set plugin database path to: C:\ST\STM32CubeIDE_1.18.0\STM32CubeIDE\plugins\com.st.stm32cube.common.mx_6.14.0.202502271554\\db\/plugins/boardmanager/
2025-04-24 11:20:48,511 [INFO] ApiDb:261 - Set plugin images path to: C:\ST\STM32CubeIDE_1.18.0\STM32CubeIDE\plugins\com.st.stm32cube.common.mx_6.14.0.202502271554\\db\/plugins/mcufinder/images/
2025-04-24 11:20:48,511 [WARN] DbFile:41 - Overriding database path with different value: C:\Users\micha\.stmcufinder\plugins\mcufinder/ => C:\Users\micha\.stmcufinder\plugins\mcufinder
2025-04-24 11:20:48,511 [INFO] ApiDb:250 - Set database path to: C:\Users\micha\.stmcufinder\plugins\mcufinder//mcu/
2025-04-24 11:20:48,512 [WARN] DbFile:41 - Overriding database path with different value: C:\Users\micha\.stmcufinder\plugins\mcufinder/ => C:\Users\micha\.stmcufinder\plugins\mcufinder
2025-04-24 11:20:48,512 [INFO] DbMcusAds:125 - Set database path to: C:\Users\micha\.stmcufinder\plugins\mcufinder//mcu/
2025-04-24 11:20:48,512 [WARN] DbFile:41 - Overriding database path with different value: C:\Users\micha\.stmcufinder\plugins\mcufinder/ => C:\Users\micha\.stmcufinder\plugins\mcufinder
2025-04-24 11:20:48,512 [WARN] DbFile:41 - Overriding database path with different value: C:\Users\micha\.stmcufinder\plugins\mcufinder/ => C:\Users\micha\.stmcufinder\plugins\mcufinder
2025-04-24 11:20:48,512 [INFO] CrossReferenceDbSqlite:203 - Set database path to: C:\Users\micha\.stmcufinder\plugins\mcufinder//mcu/cs/
2025-04-24 11:20:48,595 [INFO] MainPanel:272 - HeapMemory: 268435456
2025-04-24 11:20:48,724 [INFO] DbMcusXml:78 - Set database path to: C:\ST\STM32CubeIDE_1.18.0\STM32CubeIDE\plugins\com.st.stm32cube.common.mx_6.14.0.202502271554\\db\/mcu/
2025-04-24 11:20:48,724 [INFO] ApiDb:274 - Set plugin database path to: C:\ST\STM32CubeIDE_1.18.0\STM32CubeIDE\plugins\com.st.stm32cube.common.mx_6.14.0.202502271554\\db\/plugins/boardmanager/
2025-04-24 11:20:48,725 [INFO] ApiDb:261 - Set plugin images path to: C:\ST\STM32CubeIDE_1.18.0\STM32CubeIDE\plugins\com.st.stm32cube.common.mx_6.14.0.202502271554\\db\/plugins/mcufinder/images/
2025-04-24 11:20:48,725 [WARN] DbFile:41 - Overriding database path with different value: C:\Users\micha\.stmcufinder\plugins\mcufinder/ => C:\Users\micha\.stmcufinder\plugins\mcufinder
2025-04-24 11:20:48,725 [INFO] ApiDb:250 - Set database path to: C:\Users\micha\.stmcufinder\plugins\mcufinder//mcu/
2025-04-24 11:20:48,725 [WARN] DbFile:41 - Overriding database path with different value: C:\Users\micha\.stmcufinder\plugins\mcufinder/ => C:\Users\micha\.stmcufinder\plugins\mcufinder
2025-04-24 11:20:48,725 [INFO] DbMcusAds:125 - Set database path to: C:\Users\micha\.stmcufinder\plugins\mcufinder//mcu/
2025-04-24 11:20:48,725 [WARN] DbFile:41 - Overriding database path with different value: C:\Users\micha\.stmcufinder\plugins\mcufinder/ => C:\Users\micha\.stmcufinder\plugins\mcufinder
2025-04-24 11:20:48,725 [WARN] DbFile:41 - Overriding database path with different value: C:\Users\micha\.stmcufinder\plugins\mcufinder/ => C:\Users\micha\.stmcufinder\plugins\mcufinder
2025-04-24 11:20:48,725 [INFO] CrossReferenceDbSqlite:203 - Set database path to: C:\Users\micha\.stmcufinder\plugins\mcufinder//mcu/cs/
2025-04-24 11:20:48,746 [INFO] ApplicationProperties:184 - Using Application install path: C:\ST\STM32CubeIDE_1.18.0\STM32CubeIDE\plugins\com.st.stm32cube.common.mx_6.14.0.202502271554
2025-04-24 11:20:48,748 [INFO] PluginManage:196 - Search for loadable plugins [exclusion list=, ]
2025-04-24 11:20:48,750 [INFO] PluginManage:310 - Check plugin analytics
2025-04-24 11:20:53,912 [INFO] AnalyticsPlugin:253 - Accepted Software Licenses: 
2025-04-24 11:20:53,912 [INFO] AnalyticsPlugin:255 - Accepted CMSIS Pack Licenses: 
2025-04-24 11:20:53,912 [INFO] AnalyticsPlugin:257 - Accepted Firmware Licenses: 
2025-04-24 11:20:53,916 [INFO] PluginManage:359 - Loaded plugin analytics (category:tool,tabindex:-1)
2025-04-24 11:20:53,916 [INFO] PluginManage:310 - Check plugin cadmodel
2025-04-24 11:20:53,926 [INFO] CADModel:105 - Init CAD model plugin
2025-04-24 11:20:53,927 [INFO] PluginManage:359 - Loaded plugin cadmodel (category:power,tabindex:5)
2025-04-24 11:20:53,927 [INFO] PluginManage:310 - Check plugin clock
2025-04-24 11:20:53,943 [INFO] PluginManage:359 - Loaded plugin clock (category:base,tabindex:2)
2025-04-24 11:20:53,943 [INFO] PluginManage:310 - Check plugin ddr
2025-04-24 11:20:53,946 [INFO] PluginManage:359 - Loaded plugin ddr (category:tool,tabindex:6)
2025-04-24 11:20:53,947 [INFO] PluginManage:310 - Check plugin filemanager
2025-04-24 11:20:54,124 [INFO] PluginManage:359 - Loaded plugin filemanager (category:base,tabindex:10)
2025-04-24 11:20:54,124 [INFO] PluginManage:310 - Check plugin ipmanager
2025-04-24 11:20:54,133 [INFO] PluginManage:359 - Loaded plugin ipmanager (category:base,tabindex:5)
2025-04-24 11:20:54,133 [INFO] PluginManage:310 - Check plugin lpbam
2025-04-24 11:20:54,145 [INFO] PluginManage:359 - Loaded plugin lpbam (category:base,tabindex:0)
2025-04-24 11:20:54,145 [INFO] PluginManage:310 - Check plugin memorymap
2025-04-24 11:20:54,164 [INFO] PluginManage:359 - Loaded plugin memorymap (category:base,tabindex:4)
2025-04-24 11:20:54,164 [INFO] PluginManage:310 - Check plugin pinoutandconfiguration
2025-04-24 11:20:54,179 [INFO] PluginManage:359 - Loaded plugin pinoutandconfiguration (category:base,tabindex:1)
2025-04-24 11:20:54,179 [INFO] PluginManage:310 - Check plugin pinoutconfig
2025-04-24 11:20:54,290 [WARN] SupportedApi:132 - Cannot load RTOS API schema: s4s-elt-must-match.1: The content of 'definitions' must match (annotation?, (simpleType | complexType)?, (unique | key | keyref)*)). A problem was found starting at: attribute.
2025-04-24 11:20:54,446 [INFO] PluginManage:359 - Loaded plugin pinoutconfig (category:base,tabindex:0)
2025-04-24 11:20:54,446 [INFO] PluginManage:310 - Check plugin power
2025-04-24 11:20:54,460 [INFO] PluginManage:359 - Loaded plugin power (category:power,tabindex:4)
2025-04-24 11:20:54,460 [INFO] PluginManage:310 - Check plugin projectmanager
2025-04-24 11:20:54,484 [INFO] PluginManage:359 - Loaded plugin projectmanager (category:projectmanager,tabindex:4)
2025-04-24 11:20:54,484 [INFO] PluginManage:310 - Check plugin rif
2025-04-24 11:20:54,495 [INFO] PluginManage:359 - Loaded plugin rif (category:base,tabindex:3)
2025-04-24 11:20:54,495 [INFO] PluginManage:310 - Check plugin thirdparty
2025-04-24 11:20:54,674 [INFO] PluginManage:359 - Loaded plugin thirdparty (category:base,tabindex:-1)
2025-04-24 11:20:54,675 [INFO] PluginManage:310 - Check plugin tools
2025-04-24 11:20:54,674 [WARN] IntegrityCheckThread:84 - waiting for thirdparty lock release [integrity check]
2025-04-24 11:20:54,676 [INFO] IntegrityCheckThread:86 - entering critical section [integrity check]
2025-04-24 11:20:54,676 [INFO] ThirdPartyUpdaterWithRetryManager:70 - Updater plugin not ready yet. [1/15]
2025-04-24 11:20:54,679 [INFO] PluginManage:359 - Loaded plugin tools (category:base,tabindex:7)
2025-04-24 11:20:54,679 [INFO] PluginManage:310 - Check plugin tutovideos
2025-04-24 11:20:54,955 [INFO] PluginManage:359 - Loaded plugin tutovideos (category:base,tabindex:-1)
2025-04-24 11:20:54,956 [INFO] PluginManage:310 - Check plugin updater
2025-04-24 11:20:54,988 [INFO] PluginManage:359 - Loaded plugin updater (category:base,tabindex:12)
2025-04-24 11:20:54,988 [INFO] PluginManage:310 - Check plugin userauth
2025-04-24 11:20:54,994 [INFO] UserAuth:118 - Init User Auth plugin
2025-04-24 11:20:54,995 [INFO] PluginManage:359 - Loaded plugin userauth (category:base,tabindex:14)
2025-04-24 11:20:54,996 [INFO] PluginManage:283 - PluginManage : Loaded plugins [18]
2025-04-24 11:20:55,279 [INFO] PinOutPanel:1589 - setPackage(No Configuration,No Configuration)
2025-04-24 11:20:55,375 [INFO] CADModel:165 - CPN selected for project level
2025-04-24 11:20:55,375 [INFO] CADModel:114 - Register for checkConnection events
2025-04-24 11:20:55,399 [INFO] IPUIPlugin:80 - create IPUIPlugin
2025-04-24 11:20:55,399 [INFO] PluginManager:220 - loadIPPluginJar : add adc
2025-04-24 11:20:55,403 [INFO] IPUIPlugin:80 - create IPUIPlugin
2025-04-24 11:20:55,403 [INFO] PluginManager:220 - loadIPPluginJar : add aes
2025-04-24 11:20:55,407 [INFO] IPUIPlugin:80 - create IPUIPlugin
2025-04-24 11:20:55,407 [INFO] PluginManager:220 - loadIPPluginJar : add can
2025-04-24 11:20:55,410 [INFO] IPUIPlugin:80 - create IPUIPlugin
2025-04-24 11:20:55,410 [INFO] PluginManager:220 - loadIPPluginJar : add comp
2025-04-24 11:20:55,414 [INFO] IPUIPlugin:80 - create IPUIPlugin
2025-04-24 11:20:55,414 [INFO] PluginManager:220 - loadIPPluginJar : add cryp
2025-04-24 11:20:55,419 [INFO] IPUIPlugin:80 - create IPUIPlugin
2025-04-24 11:20:55,419 [INFO] PluginManager:220 - loadIPPluginJar : add ddr_ctrl_phy
2025-04-24 11:20:55,424 [INFO] IPUIPlugin:80 - create IPUIPlugin
2025-04-24 11:20:55,424 [INFO] PluginManager:220 - loadIPPluginJar : add dfsdm
2025-04-24 11:20:55,430 [INFO] IPUIPlugin:80 - create IPUIPlugin
2025-04-24 11:20:55,431 [INFO] PluginManager:220 - loadIPPluginJar : add dma
2025-04-24 11:20:55,435 [INFO] IPUIPlugin:80 - create IPUIPlugin
2025-04-24 11:20:55,435 [INFO] PluginManager:220 - loadIPPluginJar : add dma3
2025-04-24 11:20:55,439 [INFO] IPUIPlugin:80 - create IPUIPlugin
2025-04-24 11:20:55,440 [INFO] PluginManager:220 - loadIPPluginJar : add extmemmanager
2025-04-24 11:20:55,443 [INFO] IPUIPlugin:80 - create IPUIPlugin
2025-04-24 11:20:55,443 [INFO] PluginManager:220 - loadIPPluginJar : add fatfs
2025-04-24 11:20:55,449 [INFO] IPUIPlugin:80 - create IPUIPlugin
2025-04-24 11:20:55,449 [INFO] PluginManager:220 - loadIPPluginJar : add fmc
2025-04-24 11:20:55,458 [INFO] IPUIPlugin:80 - create IPUIPlugin
2025-04-24 11:20:55,458 [INFO] PluginManager:220 - loadIPPluginJar : add freertos
2025-04-24 11:20:55,461 [INFO] IPUIPlugin:80 - create IPUIPlugin
2025-04-24 11:20:55,461 [INFO] PluginManager:220 - loadIPPluginJar : add genericplugin
2025-04-24 11:20:55,465 [INFO] IPUIPlugin:80 - create IPUIPlugin
2025-04-24 11:20:55,465 [INFO] PluginManager:220 - loadIPPluginJar : add gfxmmu
2025-04-24 11:20:55,472 [INFO] IPUIPlugin:80 - create IPUIPlugin
2025-04-24 11:20:55,472 [INFO] PluginManager:220 - loadIPPluginJar : add gic
2025-04-24 11:20:55,477 [INFO] IPUIPlugin:80 - create IPUIPlugin
2025-04-24 11:20:55,478 [INFO] PluginManager:220 - loadIPPluginJar : add gpio
2025-04-24 11:20:55,483 [INFO] IPUIPlugin:80 - create IPUIPlugin
2025-04-24 11:20:55,483 [INFO] PluginManager:220 - loadIPPluginJar : add gtzc
2025-04-24 11:20:55,487 [INFO] IPUIPlugin:80 - create IPUIPlugin
2025-04-24 11:20:55,488 [INFO] PluginManager:220 - loadIPPluginJar : add hash
2025-04-24 11:20:55,492 [INFO] IPUIPlugin:80 - create IPUIPlugin
2025-04-24 11:20:55,493 [INFO] PluginManager:220 - loadIPPluginJar : add i2c
2025-04-24 11:20:55,497 [INFO] IPUIPlugin:80 - create IPUIPlugin
2025-04-24 11:20:55,498 [INFO] PluginManager:220 - loadIPPluginJar : add i2s
2025-04-24 11:20:55,503 [INFO] IPUIPlugin:80 - create IPUIPlugin
2025-04-24 11:20:55,503 [INFO] PluginManager:220 - loadIPPluginJar : add i3c
2025-04-24 11:20:55,508 [INFO] IPUIPlugin:80 - create IPUIPlugin
2025-04-24 11:20:55,509 [INFO] PluginManager:220 - loadIPPluginJar : add ipddr
2025-04-24 11:20:55,520 [INFO] IPUIPlugin:80 - create IPUIPlugin
2025-04-24 11:20:55,520 [INFO] PluginManager:220 - loadIPPluginJar : add linkedlist
2025-04-24 11:20:55,525 [INFO] IPUIPlugin:80 - create IPUIPlugin
2025-04-24 11:20:55,525 [INFO] PluginManager:220 - loadIPPluginJar : add lorawan
2025-04-24 11:20:55,528 [INFO] IPUIPlugin:80 - create IPUIPlugin
2025-04-24 11:20:55,528 [INFO] PluginManager:220 - loadIPPluginJar : add ltdc
2025-04-24 11:20:55,536 [INFO] IPUIPlugin:80 - create IPUIPlugin
2025-04-24 11:20:55,536 [INFO] PluginManager:220 - loadIPPluginJar : add mdma
2025-04-24 11:20:55,541 [INFO] IPUIPlugin:80 - create IPUIPlugin
2025-04-24 11:20:55,541 [INFO] PluginManager:220 - loadIPPluginJar : add nvic
2025-04-24 11:20:55,546 [INFO] IPUIPlugin:80 - create IPUIPlugin
2025-04-24 11:20:55,546 [INFO] PluginManager:220 - loadIPPluginJar : add opamp
2025-04-24 11:20:55,551 [INFO] IPUIPlugin:80 - create IPUIPlugin
2025-04-24 11:20:55,551 [INFO] PluginManager:220 - loadIPPluginJar : add openamp
2025-04-24 11:20:55,557 [INFO] IPUIPlugin:80 - create IPUIPlugin
2025-04-24 11:20:55,557 [INFO] PluginManager:220 - loadIPPluginJar : add pdm2pcm
2025-04-24 11:20:55,563 [INFO] IPUIPlugin:80 - create IPUIPlugin
2025-04-24 11:20:55,567 [INFO] PluginManager:220 - loadIPPluginJar : add plateformsettings
2025-04-24 11:20:55,570 [INFO] IPUIPlugin:80 - create IPUIPlugin
2025-04-24 11:20:55,570 [INFO] PluginManager:220 - loadIPPluginJar : add quadspi
2025-04-24 11:20:55,573 [INFO] IPUIPlugin:80 - create IPUIPlugin
2025-04-24 11:20:55,573 [INFO] PluginManager:220 - loadIPPluginJar : add radio
2025-04-24 11:20:55,578 [INFO] IPUIPlugin:80 - create IPUIPlugin
2025-04-24 11:20:55,578 [INFO] PluginManager:220 - loadIPPluginJar : add resmgrutility
2025-04-24 11:20:55,582 [INFO] IPUIPlugin:80 - create IPUIPlugin
2025-04-24 11:20:55,583 [INFO] PluginManager:220 - loadIPPluginJar : add sai
2025-04-24 11:20:55,586 [INFO] IPUIPlugin:80 - create IPUIPlugin
2025-04-24 11:20:55,586 [INFO] PluginManager:220 - loadIPPluginJar : add spi
2025-04-24 11:20:55,593 [INFO] IPUIPlugin:80 - create IPUIPlugin
2025-04-24 11:20:55,593 [INFO] PluginManager:220 - loadIPPluginJar : add stm32_wpan
2025-04-24 11:20:55,595 [INFO] IPUIPlugin:80 - create IPUIPlugin
2025-04-24 11:20:55,595 [INFO] PluginManager:220 - loadIPPluginJar : add tim
2025-04-24 11:20:55,600 [INFO] IPUIPlugin:80 - create IPUIPlugin
2025-04-24 11:20:55,600 [INFO] PluginManager:220 - loadIPPluginJar : add touchsensing
2025-04-24 11:20:55,603 [INFO] IPUIPlugin:80 - create IPUIPlugin
2025-04-24 11:20:55,604 [INFO] PluginManager:220 - loadIPPluginJar : add tracer_emb
2025-04-24 11:20:55,607 [INFO] IPUIPlugin:80 - create IPUIPlugin
2025-04-24 11:20:55,607 [INFO] PluginManager:220 - loadIPPluginJar : add ts
2025-04-24 11:20:55,610 [INFO] IPUIPlugin:80 - create IPUIPlugin
2025-04-24 11:20:55,610 [INFO] PluginManager:220 - loadIPPluginJar : add tsc
2025-04-24 11:20:55,613 [INFO] IPUIPlugin:80 - create IPUIPlugin
2025-04-24 11:20:55,614 [INFO] PluginManager:220 - loadIPPluginJar : add ucpd
2025-04-24 11:20:55,617 [INFO] IPUIPlugin:80 - create IPUIPlugin
2025-04-24 11:20:55,618 [INFO] PluginManager:220 - loadIPPluginJar : add usart
2025-04-24 11:20:55,622 [INFO] IPUIPlugin:80 - create IPUIPlugin
2025-04-24 11:20:55,623 [INFO] PluginManager:220 - loadIPPluginJar : add usbx
2025-04-24 11:20:55,758 [FATAL] Updater:351 - Updater called before beeing initialized
2025-04-24 11:20:55,791 [INFO] RulesReader:64 - Compatibility file has been processed (301 Rules)
2025-04-24 11:20:55,806 [INFO] RulesReader:64 - Compatibility file has been processed (301 Rules)
2025-04-24 11:20:55,816 [INFO] CADModel:165 - CPN selected for project level
2025-04-24 11:20:55,816 [INFO] CADModel:114 - Register for checkConnection events
2025-04-24 11:20:55,816 [FATAL] Updater:351 - Updater called before beeing initialized
2025-04-24 11:20:55,816 [ERROR] CADModel:125 - Updater not yet initialized, retry later 
2025-04-24 11:20:55,995 [FATAL] Updater:351 - Updater called before beeing initialized
2025-04-24 11:20:55,997 [INFO] CADModel:165 - CPN selected for project level
2025-04-24 11:20:55,997 [INFO] CADModel:114 - Register for checkConnection events
2025-04-24 11:20:55,997 [FATAL] Updater:351 - Updater called before beeing initialized
2025-04-24 11:20:55,998 [ERROR] CADModel:125 - Updater not yet initialized, retry later 
2025-04-24 11:20:56,001 [FATAL] Updater:351 - Updater called before beeing initialized
2025-04-24 11:20:56,117 [FATAL] Updater:351 - Updater called before beeing initialized
2025-04-24 11:20:56,123 [INFO] DbMcusAds:53 - JSON generation date=Thu Sep 30 08:55:09 CEST 2021 (1632984909247)
2025-04-24 11:20:56,123 [FATAL] Updater:351 - Updater called before beeing initialized
2025-04-24 11:20:56,168 [WARN] DetailPanel:346 - Failed to get advertising image, set to default
2025-04-24 11:20:56,397 [FATAL] Updater:351 - Updater called before beeing initialized
2025-04-24 11:20:56,398 [FATAL] Updater:351 - Updater called before beeing initialized
2025-04-24 11:20:56,398 [FATAL] Updater:351 - Updater called before beeing initialized
2025-04-24 11:20:56,398 [WARN] DetailPanel:346 - Failed to get advertising image, set to default
2025-04-24 11:20:56,400 [FATAL] Updater:351 - Updater called before beeing initialized
2025-04-24 11:20:56,457 [ERROR] Updater:1198 - MainUpdater not yet initialized. External WinMGr cannot be set.
2025-04-24 11:20:56,460 [INFO] Updater:1134 - Updater Version found : 6.14.0
2025-04-24 11:20:56,481 [INFO] ApplicationProperties:184 - Using Application install path: C:\ST\STM32CubeIDE_1.18.0\STM32CubeIDE\plugins\com.st.stm32cube.common.mx_6.14.0.202502271554
2025-04-24 11:20:57,677 [INFO] ThirdPartyUpdaterWithRetryManager:70 - Updater plugin not ready yet. [2/15]
2025-04-24 11:20:58,054 [ERROR] LogOutputStream:75 - [STDERR_REDIRECT] Apr 24, 2025 11:20:58 AM java.util.prefs.WindowsPreferences <init>
2025-04-24 11:20:58,055 [ERROR] LogOutputStream:75 - [STDERR_REDIRECT] WARNING: Could not open/create prefs root node Software\JavaSoft\Prefs at root 0xffffffff80000002. Windows RegCreateKeyEx(...) returned error code 5.
2025-04-24 11:20:58,055 [ERROR] LogOutputStream:75 - [STDERR_REDIRECT] 
2025-04-24 11:20:58,369 [INFO] MainUpdater:2872 - connection check result : 10
2025-04-24 11:20:58,370 [INFO] MainUpdater:3566 - Updater definition file requires update
2025-04-24 11:20:58,371 [INFO] MainUpdater:289 - Updater Check For Update Now.
2025-04-24 11:20:58,371 [INFO] MicroXplorer:498 - Change Database Version : DB.6.0.140
2025-04-24 11:20:58,379 [INFO] McuFinderGlobals:63 - Set McuFinder mode to 2 (CubeIDE integrated)
2025-04-24 11:20:58,379 [INFO] UserAuth:171 - activating auth plugin
2025-04-24 11:20:58,383 [INFO] UserAuth:486 - Internet connection configuration mode: 1
2025-04-24 11:20:58,397 [INFO] ServerAccessManage:473 - Download File updaters.zip
2025-04-24 11:20:58,414 [INFO] JxBrowserEngine:152 - Initiate JxBrowser Engine with user profile folder
2025-04-24 11:20:58,492 [INFO] FileExtend:242 - Unzip File : updaters.zip
2025-04-24 11:20:58,492 [INFO] FileExtend:257 - Standard Zip Deflate
2025-04-24 11:20:59,039 [INFO] ServerAccessManage:473 - Download File PacksControlFlags.xml
2025-04-24 11:20:59,111 [INFO] ServerAccessManage:473 - Download File cubemx.pidx
2025-04-24 11:20:59,997 [INFO] ServerAccessManage:473 - Download File STMicroelectronics.X-CUBE-DPOWER.pdsc
2025-04-24 11:21:00,147 [ERROR] ServerAccessManage:1089 - Problem, file not found on Server
2025-04-24 11:21:00,257 [ERROR] ServerAccessManage:1089 - Problem, file not found on Server
2025-04-24 11:21:00,386 [ERROR] ServerAccessManage:1089 - Problem, file not found on Server
2025-04-24 11:21:00,467 [ERROR] ServerAccessManage:1089 - Problem, file not found on Server
2025-04-24 11:21:00,472 [INFO] WebApp:169 - Instantiating new browser for Auth
2025-04-24 11:21:00,548 [ERROR] ServerAccessManage:1089 - Problem, file not found on Server
2025-04-24 11:21:00,616 [ERROR] ServerAccessManage:1089 - Problem, file not found on Server
2025-04-24 11:21:00,678 [WARN] MainUpdater:1193 - Updater busy. Cannot search thirdparties
2025-04-24 11:21:00,678 [INFO] ThirdPartyUpdaterWithRetryManager:96 - Updater plugin is busy. [1/15]
2025-04-24 11:21:00,691 [ERROR] ServerAccessManage:1089 - Problem, file not found on Server
2025-04-24 11:21:00,765 [ERROR] ServerAccessManage:1089 - Problem, file not found on Server
2025-04-24 11:21:00,837 [ERROR] ServerAccessManage:1089 - Problem, file not found on Server
2025-04-24 11:21:00,902 [ERROR] ServerAccessManage:1089 - Problem, file not found on Server
2025-04-24 11:21:00,986 [ERROR] ServerAccessManage:1089 - Problem, file not found on Server
2025-04-24 11:21:01,283 [INFO] ServerAccessManage:473 - Download File STMicroelectronics.X-CUBE-MEMS1.pdsc
2025-04-24 11:21:01,967 [INFO] WebApp:463 - Apply proxy settings
2025-04-24 11:21:01,968 [INFO] WebApp:548 - Chromium requires no authentication
2025-04-24 11:21:01,983 [INFO] WebApp:491 - Direct internet connection detected
2025-04-24 11:21:02,021 [INFO] WebApp:894 - Register for checkConnection events
2025-04-24 11:21:02,021 [INFO] WebApp:463 - Apply proxy settings
2025-04-24 11:21:02,022 [INFO] WebApp:548 - Chromium requires no authentication
2025-04-24 11:21:02,022 [INFO] WebApp:491 - Direct internet connection detected
2025-04-24 11:21:02,369 [INFO] ServerAccessManage:473 - Download File STMicroelectronics.X-CUBE-TOF1.pdsc
2025-04-24 11:21:02,415 [INFO] WebApp:191 - Connection restablished
2025-04-24 11:21:02,438 [INFO] WebApp:225 - Starting web application
2025-04-24 11:21:02,438 [INFO] WebApp:593 - Web application path used C:\ST\STM32CubeIDE_1.18.0\STM32CubeIDE\plugins\com.st.stm32cube.common.mx_6.14.0.202502271554\db\plugins\mcufinder\reactClient1\index.html
2025-04-24 11:21:02,968 [ERROR] ServerAccessManage:1089 - Problem, file not found on Server
2025-04-24 11:21:03,481 [INFO] ServerAccessManage:473 - Download File STMicroelectronics.X-CUBE-WB05N.pdsc
2025-04-24 11:21:03,689 [WARN] MainUpdater:1193 - Updater busy. Cannot search thirdparties
2025-04-24 11:21:03,690 [INFO] ThirdPartyUpdaterWithRetryManager:96 - Updater plugin is busy. [2/15]
2025-04-24 11:21:03,899 [INFO] ServerAccessManage:473 - Download File Avnet-IotConnect.X-CUBE-IoTC-DA16k-PMOD.pdsc
2025-04-24 11:21:04,097 [WARN] PackLoader:240 - Cannot read IP mode file for STMicroelectronics.X-CUBE-DPower.1.3.0
2025-04-24 11:21:04,218 [INFO] CheckServerUpdateThread:120 - End of CheckServer Thread
2025-04-24 11:21:04,223 [WARN] PackLoader:240 - Cannot read IP mode file for STMicroelectronics.X-CUBE-MEMS1.11.2.0
2025-04-24 11:21:04,553 [WARN] PackLoader:240 - Cannot read IP mode file for STMicroelectronics.X-CUBE-TOF1.3.4.3
2025-04-24 11:21:04,583 [WARN] PackLoader:240 - Cannot read IP mode file for STMicroelectronics.X-CUBE-WB05N.2.0.0
2025-04-24 11:21:04,590 [WARN] PackLoader:240 - Cannot read IP mode file for Avnet-IotConnect.X-CUBE-IoTC-DA16k-PMOD.1.0.0
2025-04-24 11:21:04,590 [INFO] PopulateThirdPartyThread:66 - Ending populate Thread
2025-04-24 11:21:04,593 [INFO] ThirdParty:1030 - CMSIS Pack Vendor :STMicroelectronics X-CUBE-DPower 1.3.0
2025-04-24 11:21:04,593 [INFO] ThirdParty:1030 - CMSIS Pack Vendor :STMicroelectronics X-CUBE-TOF1 3.4.3
2025-04-24 11:21:04,593 [INFO] ThirdParty:1030 - CMSIS Pack Vendor :STMicroelectronics X-CUBE-MEMS1 11.2.0
2025-04-24 11:21:04,593 [INFO] ThirdParty:1030 - CMSIS Pack Vendor :STMicroelectronics X-CUBE-WB05N 2.0.0
2025-04-24 11:21:04,593 [INFO] ThirdParty:1030 - CMSIS Pack Vendor :Avnet-IotConnect X-CUBE-IoTC-DA16k-PMOD 1.0.0
2025-04-24 11:21:04,594 [INFO] LoadServerUpdatesThread:375 - End of LoadServerUpdate Thread
2025-04-24 11:21:06,944 [WARN] PackLoader:240 - Cannot read IP mode file for STMicroelectronics.FP-SNS-MOTENVWB1.1.4.0
2025-04-24 11:21:06,953 [WARN] PackLoader:240 - Cannot read IP mode file for STMicroelectronics.X-CUBE-SMBUS.2.1.0
2025-04-24 11:21:06,960 [WARN] PackLoader:240 - Cannot read IP mode file for STMicroelectronics.X-CUBE-WB05N.1.1.0
2025-04-24 11:21:06,978 [WARN] PackLoader:240 - Cannot read IP mode file for STMicroelectronics.X-CUBE-AZRTOS-F7.1.1.0
2025-04-24 11:21:07,028 [WARN] PackLoader:240 - Cannot read IP mode file for Infineon.AIROC-Wi-Fi-Bluetooth-STM32.1.7.0
2025-04-24 11:21:07,069 [WARN] PackLoader:240 - Cannot read IP mode file for STMicroelectronics.X-CUBE-DISPLAY.3.0.0
2025-04-24 11:21:07,100 [WARN] PackLoader:240 - Cannot read IP mode file for STMicroelectronics.X-CUBE-NFC10.1.0.0
2025-04-24 11:21:07,112 [WARN] PackLoader:240 - Cannot read IP mode file for STMicroelectronics.X-CUBE-BLEMGR.4.0.0
2025-04-24 11:21:07,124 [WARN] ConditionMgr:438 - getConditionDescription Invalid condition id : Cortex-A Device cause : null
2025-04-24 11:21:07,146 [WARN] ConditionMgr:1044 - genDependencies : Invalid condition id : Cortex-A Device cause : null
2025-04-24 11:21:07,146 [WARN] ConditionMgr:1044 - genDependencies : Invalid condition id : Cortex-A Device cause : null
2025-04-24 11:21:07,146 [WARN] ConditionMgr:1044 - genDependencies : Invalid condition id : Cortex-A Device cause : null
2025-04-24 11:21:07,156 [WARN] PackLoader:240 - Cannot read IP mode file for STMicroelectronics.X-CUBE-AI.10.0.0
2025-04-24 11:21:07,162 [WARN] PackLoader:240 - Cannot read IP mode file for STMicroelectronics.FP-SNS-SMARTAG2.1.2.0
2025-04-24 11:21:07,295 [WARN] PackLoader:240 - Cannot read IP mode file for STMicroelectronics.X-CUBE-MEMS1.11.1.0
2025-04-24 11:21:07,522 [INFO] LogOutputStream:77 - [STDOUT_REDIRECT] 1 : Invalid condition id : UX_CORESTACK_Condition cause : null
2025-04-24 11:21:07,523 [INFO] LogOutputStream:77 - [STDOUT_REDIRECT] 1 : Invalid condition id : UX_CORESTACK_Condition cause : null
2025-04-24 11:21:07,533 [INFO] LogOutputStream:77 - [STDOUT_REDIRECT] 1 : Invalid condition id : UX_CORESTACK_Condition cause : null
2025-04-24 11:21:07,535 [INFO] LogOutputStream:77 - [STDOUT_REDIRECT] 1 : Invalid condition id : UX_CORESTACK_Condition cause : null
2025-04-24 11:21:07,536 [INFO] LogOutputStream:77 - [STDOUT_REDIRECT] 1 : Invalid condition id : UX_CORESTACK_Condition cause : null
2025-04-24 11:21:07,539 [WARN] PackLoader:240 - Cannot read IP mode file for STMicroelectronics.X-CUBE-AZRTOS-WL.2.0.0
2025-04-24 11:21:07,551 [WARN] PackLoader:240 - Cannot read IP mode file for STMicroelectronics.FP-SNS-MOTENV1.5.0.0
2025-04-24 11:21:07,560 [WARN] PackLoader:240 - Cannot read IP mode file for WES.I-CUBE-Cesium.1.3.0
2025-04-24 11:21:07,569 [WARN] PackLoader:240 - Cannot read IP mode file for STMicroelectronics.X-CUBE-BLE2.3.3.0
2025-04-24 11:21:07,576 [WARN] PackLoader:240 - Cannot read IP mode file for STMicroelectronics.X-CUBE-NFC9.1.0.0
2025-04-24 11:21:07,638 [WARN] PackLoader:240 - Cannot read IP mode file for STMicroelectronics.X-CUBE-MEMS1.11.2.0
2025-04-24 11:21:07,822 [WARN] PackLoader:240 - Cannot read IP mode file for STMicroelectronics.X-CUBE-AZRTOS-G0.1.1.0
2025-04-24 11:21:07,836 [WARN] PackLoader:240 - Cannot read IP mode file for STMicroelectronics.X-CUBE-SAFEA1.1.2.2
2025-04-24 11:21:07,843 [WARN] PackLoader:240 - Cannot read IP mode file for STMicroelectronics.X-CUBE-NFC4.3.0.0
2025-04-24 11:21:07,857 [WARN] PackLoader:240 - Cannot read IP mode file for EmbeddedOffice.I-CUBE-FS-RTOS.1.0.1
2025-04-24 11:21:07,867 [WARN] PackLoader:240 - Cannot read IP mode file for STMicroelectronics.X-CUBE-WB05N.2.0.0
2025-04-24 11:21:07,875 [WARN] PackLoader:240 - Cannot read IP mode file for STMicroelectronics.X-CUBE-TCPP.4.2.0
2025-04-24 11:21:07,887 [WARN] PackLoader:240 - Cannot read IP mode file for RealThread.X-CUBE-RT-Thread_Nano.4.1.1
2025-04-24 11:21:07,894 [WARN] PackLoader:240 - Cannot read IP mode file for STMicroelectronics.FP-ATR-SIGFOX1.3.2.0
2025-04-24 11:21:07,904 [WARN] PackLoader:240 - Cannot read IP mode file for STMicroelectronics.X-CUBE-EEPRMA1.5.1.0
2025-04-24 11:21:08,117 [WARN] PackLoader:240 - Cannot read IP mode file for SEGGER.I-CUBE-embOS.1.3.1
2025-04-24 11:21:08,222 [WARN] PackLoader:240 - Cannot read IP mode file for STMicroelectronics.X-CUBE-ALGOBUILD.1.4.0
2025-04-24 11:21:08,254 [WARN] PackLoader:240 - Cannot read IP mode file for STMicroelectronics.X-CUBE-AZRTOS-F4.1.1.0
2025-04-24 11:21:08,262 [WARN] PackLoader:240 - Cannot read IP mode file for Avnet-IotConnect.X-CUBE-IoTC-DA16k-PMOD.1.0.0
2025-04-24 11:21:08,272 [WARN] PackLoader:240 - Cannot read IP mode file for STMicroelectronics.X-CUBE-ISPU.2.1.0
2025-04-24 11:21:08,301 [WARN] PackLoader:240 - Cannot read IP mode file for STMicroelectronics.X-CUBE-AZRTOS-L5.2.0.0
2025-04-24 11:21:08,316 [WARN] PackLoader:240 - Cannot read IP mode file for STMicroelectronics.X-CUBE-NFC6.3.1.0
2025-04-24 11:21:08,324 [WARN] PackLoader:240 - Cannot read IP mode file for STMicroelectronics.X-CUBE-DPower.1.2.0
2025-04-24 11:21:08,334 [WARN] PackLoader:240 - Cannot read IP mode file for STMicroelectronics.X-CUBE-FREERTOS.1.3.0
2025-04-24 11:21:08,340 [WARN] PackLoader:240 - Cannot read IP mode file for STMicroelectronics.X-CUBE-NFC7.1.0.1
2025-04-24 11:21:08,345 [WARN] PackLoader:240 - Cannot read IP mode file for STMicroelectronics.X-CUBE-DPower.1.3.0
2025-04-24 11:21:08,368 [WARN] ConditionMgr:438 - getConditionDescription Invalid condition id : LAN8742 Phy interface Condition cause : null
2025-04-24 11:21:08,368 [WARN] PackLoader:240 - Cannot read IP mode file for STMicroelectronics.X-CUBE-AZRTOS-L4.2.0.0
2025-04-24 11:21:08,369 [WARN] ConditionMgr:1044 - genDependencies : Invalid condition id : LAN8742 Phy interface Condition cause : null
2025-04-24 11:21:08,370 [WARN] ConditionMgr:1044 - genDependencies : Invalid condition id : LAN8742 Phy interface Condition cause : null
2025-04-24 11:21:08,370 [WARN] ConditionMgr:1044 - genDependencies : Invalid condition id : LAN8742 Phy interface Condition cause : null
2025-04-24 11:21:08,383 [WARN] PackLoader:240 - Cannot read IP mode file for STMicroelectronics.X-CUBE-SFXS2LP1.4.0.0
2025-04-24 11:21:08,408 [WARN] PackLoader:240 - Cannot read IP mode file for STMicroelectronics.X-CUBE-AZRTOS-H7.3.3.0
2025-04-24 11:21:08,425 [WARN] ConditionMgr:438 - getConditionDescription Invalid condition id : UX DEVICE CLASS RTOS Condition cause : null
2025-04-24 11:21:08,425 [WARN] ConditionMgr:438 - getConditionDescription Invalid condition id : UX DEVICE CLASS RTOS Condition cause : null
2025-04-24 11:21:08,427 [WARN] PackLoader:240 - Cannot read IP mode file for STMicroelectronics.X-CUBE-AZRTOS-WB.2.0.0
2025-04-24 11:21:08,427 [WARN] ConditionMgr:1044 - genDependencies : Invalid condition id : UX DEVICE CLASS RTOS Condition cause : null
2025-04-24 11:21:08,428 [WARN] ConditionMgr:1044 - genDependencies : Invalid condition id : UX DEVICE CLASS RTOS Condition cause : null
2025-04-24 11:21:08,428 [WARN] ConditionMgr:1044 - genDependencies : Invalid condition id : UX DEVICE CLASS RTOS Condition cause : null
2025-04-24 11:21:08,428 [WARN] ConditionMgr:1044 - genDependencies : Invalid condition id : UX DEVICE CLASS RTOS Condition cause : null
2025-04-24 11:21:08,428 [WARN] ConditionMgr:1044 - genDependencies : Invalid condition id : UX DEVICE CLASS RTOS Condition cause : null
2025-04-24 11:21:08,439 [WARN] PackLoader:240 - Cannot read IP mode file for STMicroelectronics.X-CUBE-GNSS1.7.0.1
2025-04-24 11:21:08,451 [WARN] PackLoader:240 - Cannot read IP mode file for STMicroelectronics.FP-SNS-STBOX1.2.0.0
2025-04-24 11:21:08,467 [WARN] PackLoader:240 - Cannot read IP mode file for STMicroelectronics.X-CUBE-SUBG2.5.0.0
2025-04-24 11:21:08,475 [WARN] PackLoader:240 - Cannot read IP mode file for Cesanta.I-CUBE-Mongoose.7.13.0
2025-04-24 11:21:08,492 [WARN] PackLoader:240 - Cannot read IP mode file for STMicroelectronics.X-CUBE-AZRTOS-G4.2.0.0
2025-04-24 11:21:08,508 [WARN] PackLoader:240 - Cannot read IP mode file for STMicroelectronics.X-CUBE-IPS.3.1.0
2025-04-24 11:21:08,521 [WARN] PackLoader:240 - Cannot read IP mode file for STMicroelectronics.X-CUBE-ALS.1.0.2
2025-04-24 11:21:08,527 [WARN] PackLoader:240 - Cannot read IP mode file for portGmbH.I-Cube-SoM-uGOAL.1.1.0
2025-04-24 11:21:08,539 [WARN] PackLoader:240 - Cannot read IP mode file for STMicroelectronics.X-CUBE-TOF1.3.4.2
2025-04-24 11:21:08,557 [WARN] PackLoader:240 - Cannot read IP mode file for STMicroelectronics.X-CUBE-TOF1.3.4.3
2025-04-24 11:21:08,571 [INFO] ThirdParty:978 - Integrity check success = true
2025-04-24 11:21:08,571 [INFO] IntegrityCheckThread:100 - exiting critical section [integrity check]
2025-04-24 11:21:08,571 [INFO] IntegrityCheckThread:103 - End integrity checks thread
2025-04-24 12:20:54,575 [ERROR] LogOutputStream:75 - [STDERR_REDIRECT] 
2025-04-24 12:20:54,577 [ERROR] LogOutputStream:75 - [STDERR_REDIRECT] 
2025-04-24 12:21:03,667 [INFO] Activator:176 - 


2025-04-24 12:21:03,670 [INFO] Activator:177 - !SESSION log4j initialized
2025-04-24 12:21:09,449 [INFO] LogOutputStream:77 - [STDOUT_REDIRECT] 
2025-04-24 12:21:15,756 [INFO] ApplicationProperties:184 - Using Application install path: C:\ST\STM32CubeIDE_1.18.0\STM32CubeIDE\plugins\com.st.stm32cube.common.mx_6.14.0.202502271554
2025-04-24 12:21:15,771 [INFO] DbMcusXml:78 - Set database path to: C:\ST\STM32CubeIDE_1.18.0\STM32CubeIDE\plugins\com.st.stm32cube.common.mx_6.14.0.202502271554\\db\/mcu/
2025-04-24 12:21:15,772 [INFO] ApiDb:274 - Set plugin database path to: C:\ST\STM32CubeIDE_1.18.0\STM32CubeIDE\plugins\com.st.stm32cube.common.mx_6.14.0.202502271554\\db\/plugins/boardmanager/
2025-04-24 12:21:15,772 [WARN] ApiDb:259 - Overriding images path with different value:  => C:\ST\STM32CubeIDE_1.18.0\STM32CubeIDE\plugins\com.st.stm32cube.common.mx_6.14.0.202502271554\\db\/plugins/mcufinder/images/
2025-04-24 12:21:15,778 [INFO] ApiDb:250 - Set database path to: C:\Users\micha\.stmcufinder\plugins\mcufinder//mcu/
2025-04-24 12:21:15,780 [INFO] DbMcusAds:125 - Set database path to: C:\Users\micha\.stmcufinder\plugins\mcufinder//mcu/
2025-04-24 12:21:15,782 [INFO] CrossReferenceDbSqlite:203 - Set database path to: C:\Users\micha\.stmcufinder\plugins\mcufinder//mcu/cs/
2025-04-24 12:21:15,906 [INFO] RulesReader:64 - Compatibility file has been processed (301 Rules)
2025-04-24 12:21:15,977 [INFO] DbMcusXml:78 - Set database path to: C:\ST\STM32CubeIDE_1.18.0\STM32CubeIDE\plugins\com.st.stm32cube.common.mx_6.14.0.202502271554\\db\/mcu/
2025-04-24 12:21:15,977 [INFO] ApiDb:274 - Set plugin database path to: C:\ST\STM32CubeIDE_1.18.0\STM32CubeIDE\plugins\com.st.stm32cube.common.mx_6.14.0.202502271554\\db\/plugins/boardmanager/
2025-04-24 12:21:15,977 [INFO] ApiDb:261 - Set plugin images path to: C:\ST\STM32CubeIDE_1.18.0\STM32CubeIDE\plugins\com.st.stm32cube.common.mx_6.14.0.202502271554\\db\/plugins/mcufinder/images/
2025-04-24 12:21:15,978 [WARN] DbFile:41 - Overriding database path with different value: C:\Users\micha\.stmcufinder\plugins\mcufinder/ => C:\Users\micha\.stmcufinder\plugins\mcufinder
2025-04-24 12:21:15,978 [INFO] ApiDb:250 - Set database path to: C:\Users\micha\.stmcufinder\plugins\mcufinder//mcu/
2025-04-24 12:21:15,978 [WARN] DbFile:41 - Overriding database path with different value: C:\Users\micha\.stmcufinder\plugins\mcufinder/ => C:\Users\micha\.stmcufinder\plugins\mcufinder
2025-04-24 12:21:15,978 [INFO] DbMcusAds:125 - Set database path to: C:\Users\micha\.stmcufinder\plugins\mcufinder//mcu/
2025-04-24 12:21:15,978 [WARN] DbFile:41 - Overriding database path with different value: C:\Users\micha\.stmcufinder\plugins\mcufinder/ => C:\Users\micha\.stmcufinder\plugins\mcufinder
2025-04-24 12:21:15,978 [WARN] DbFile:41 - Overriding database path with different value: C:\Users\micha\.stmcufinder\plugins\mcufinder/ => C:\Users\micha\.stmcufinder\plugins\mcufinder
2025-04-24 12:21:15,978 [INFO] CrossReferenceDbSqlite:203 - Set database path to: C:\Users\micha\.stmcufinder\plugins\mcufinder//mcu/cs/
2025-04-24 12:21:16,068 [INFO] MainPanel:272 - HeapMemory: 268435456
2025-04-24 12:21:16,208 [INFO] DbMcusXml:78 - Set database path to: C:\ST\STM32CubeIDE_1.18.0\STM32CubeIDE\plugins\com.st.stm32cube.common.mx_6.14.0.202502271554\\db\/mcu/
2025-04-24 12:21:16,209 [INFO] ApiDb:274 - Set plugin database path to: C:\ST\STM32CubeIDE_1.18.0\STM32CubeIDE\plugins\com.st.stm32cube.common.mx_6.14.0.202502271554\\db\/plugins/boardmanager/
2025-04-24 12:21:16,209 [INFO] ApiDb:261 - Set plugin images path to: C:\ST\STM32CubeIDE_1.18.0\STM32CubeIDE\plugins\com.st.stm32cube.common.mx_6.14.0.202502271554\\db\/plugins/mcufinder/images/
2025-04-24 12:21:16,209 [WARN] DbFile:41 - Overriding database path with different value: C:\Users\micha\.stmcufinder\plugins\mcufinder/ => C:\Users\micha\.stmcufinder\plugins\mcufinder
2025-04-24 12:21:16,209 [INFO] ApiDb:250 - Set database path to: C:\Users\micha\.stmcufinder\plugins\mcufinder//mcu/
2025-04-24 12:21:16,209 [WARN] DbFile:41 - Overriding database path with different value: C:\Users\micha\.stmcufinder\plugins\mcufinder/ => C:\Users\micha\.stmcufinder\plugins\mcufinder
2025-04-24 12:21:16,210 [INFO] DbMcusAds:125 - Set database path to: C:\Users\micha\.stmcufinder\plugins\mcufinder//mcu/
2025-04-24 12:21:16,210 [WARN] DbFile:41 - Overriding database path with different value: C:\Users\micha\.stmcufinder\plugins\mcufinder/ => C:\Users\micha\.stmcufinder\plugins\mcufinder
2025-04-24 12:21:16,210 [WARN] DbFile:41 - Overriding database path with different value: C:\Users\micha\.stmcufinder\plugins\mcufinder/ => C:\Users\micha\.stmcufinder\plugins\mcufinder
2025-04-24 12:21:16,210 [INFO] CrossReferenceDbSqlite:203 - Set database path to: C:\Users\micha\.stmcufinder\plugins\mcufinder//mcu/cs/
2025-04-24 12:21:16,230 [INFO] ApplicationProperties:184 - Using Application install path: C:\ST\STM32CubeIDE_1.18.0\STM32CubeIDE\plugins\com.st.stm32cube.common.mx_6.14.0.202502271554
2025-04-24 12:21:16,232 [INFO] PluginManage:196 - Search for loadable plugins [exclusion list=, ]
2025-04-24 12:21:16,234 [INFO] PluginManage:310 - Check plugin analytics
2025-04-24 12:21:21,425 [INFO] AnalyticsPlugin:253 - Accepted Software Licenses: 
2025-04-24 12:21:21,425 [INFO] AnalyticsPlugin:255 - Accepted CMSIS Pack Licenses: 
2025-04-24 12:21:21,426 [INFO] AnalyticsPlugin:257 - Accepted Firmware Licenses: 
2025-04-24 12:21:21,430 [INFO] PluginManage:359 - Loaded plugin analytics (category:tool,tabindex:-1)
2025-04-24 12:21:21,430 [INFO] PluginManage:310 - Check plugin cadmodel
2025-04-24 12:21:21,435 [INFO] CADModel:105 - Init CAD model plugin
2025-04-24 12:21:21,436 [INFO] PluginManage:359 - Loaded plugin cadmodel (category:power,tabindex:5)
2025-04-24 12:21:21,436 [INFO] PluginManage:310 - Check plugin clock
2025-04-24 12:21:21,450 [INFO] PluginManage:359 - Loaded plugin clock (category:base,tabindex:2)
2025-04-24 12:21:21,450 [INFO] PluginManage:310 - Check plugin ddr
2025-04-24 12:21:21,453 [INFO] PluginManage:359 - Loaded plugin ddr (category:tool,tabindex:6)
2025-04-24 12:21:21,454 [INFO] PluginManage:310 - Check plugin filemanager
2025-04-24 12:21:21,633 [INFO] PluginManage:359 - Loaded plugin filemanager (category:base,tabindex:10)
2025-04-24 12:21:21,633 [INFO] PluginManage:310 - Check plugin ipmanager
2025-04-24 12:21:21,642 [INFO] PluginManage:359 - Loaded plugin ipmanager (category:base,tabindex:5)
2025-04-24 12:21:21,643 [INFO] PluginManage:310 - Check plugin lpbam
2025-04-24 12:21:21,656 [INFO] PluginManage:359 - Loaded plugin lpbam (category:base,tabindex:0)
2025-04-24 12:21:21,656 [INFO] PluginManage:310 - Check plugin memorymap
2025-04-24 12:21:21,671 [INFO] PluginManage:359 - Loaded plugin memorymap (category:base,tabindex:4)
2025-04-24 12:21:21,671 [INFO] PluginManage:310 - Check plugin pinoutandconfiguration
2025-04-24 12:21:21,682 [INFO] PluginManage:359 - Loaded plugin pinoutandconfiguration (category:base,tabindex:1)
2025-04-24 12:21:21,682 [INFO] PluginManage:310 - Check plugin pinoutconfig
2025-04-24 12:21:21,881 [WARN] SupportedApi:132 - Cannot load RTOS API schema: s4s-elt-must-match.1: The content of 'definitions' must match (annotation?, (simpleType | complexType)?, (unique | key | keyref)*)). A problem was found starting at: attribute.
2025-04-24 12:21:22,069 [INFO] PluginManage:359 - Loaded plugin pinoutconfig (category:base,tabindex:0)
2025-04-24 12:21:22,069 [INFO] PluginManage:310 - Check plugin power
2025-04-24 12:21:22,082 [INFO] PluginManage:359 - Loaded plugin power (category:power,tabindex:4)
2025-04-24 12:21:22,083 [INFO] PluginManage:310 - Check plugin projectmanager
2025-04-24 12:21:22,135 [INFO] PluginManage:359 - Loaded plugin projectmanager (category:projectmanager,tabindex:4)
2025-04-24 12:21:22,136 [INFO] PluginManage:310 - Check plugin rif
2025-04-24 12:21:22,151 [INFO] PluginManage:359 - Loaded plugin rif (category:base,tabindex:3)
2025-04-24 12:21:22,151 [INFO] PluginManage:310 - Check plugin thirdparty
2025-04-24 12:21:22,365 [INFO] PluginManage:359 - Loaded plugin thirdparty (category:base,tabindex:-1)
2025-04-24 12:21:22,365 [INFO] PluginManage:310 - Check plugin tools
2025-04-24 12:21:22,365 [WARN] IntegrityCheckThread:84 - waiting for thirdparty lock release [integrity check]
2025-04-24 12:21:22,369 [INFO] IntegrityCheckThread:86 - entering critical section [integrity check]
2025-04-24 12:21:22,370 [INFO] ThirdPartyUpdaterWithRetryManager:70 - Updater plugin not ready yet. [1/15]
2025-04-24 12:21:22,370 [INFO] PluginManage:359 - Loaded plugin tools (category:base,tabindex:7)
2025-04-24 12:21:22,370 [INFO] PluginManage:310 - Check plugin tutovideos
2025-04-24 12:21:22,555 [INFO] PluginManage:359 - Loaded plugin tutovideos (category:base,tabindex:-1)
2025-04-24 12:21:22,555 [INFO] PluginManage:310 - Check plugin updater
2025-04-24 12:21:22,577 [INFO] PluginManage:359 - Loaded plugin updater (category:base,tabindex:12)
2025-04-24 12:21:22,578 [INFO] PluginManage:310 - Check plugin userauth
2025-04-24 12:21:22,582 [INFO] UserAuth:118 - Init User Auth plugin
2025-04-24 12:21:22,583 [INFO] PluginManage:359 - Loaded plugin userauth (category:base,tabindex:14)
2025-04-24 12:21:22,584 [INFO] PluginManage:283 - PluginManage : Loaded plugins [18]
2025-04-24 12:21:22,858 [INFO] PinOutPanel:1589 - setPackage(No Configuration,No Configuration)
2025-04-24 12:21:22,949 [INFO] CADModel:165 - CPN selected for project level
2025-04-24 12:21:22,949 [INFO] CADModel:114 - Register for checkConnection events
2025-04-24 12:21:22,975 [INFO] IPUIPlugin:80 - create IPUIPlugin
2025-04-24 12:21:22,975 [INFO] PluginManager:220 - loadIPPluginJar : add adc
2025-04-24 12:21:22,979 [INFO] IPUIPlugin:80 - create IPUIPlugin
2025-04-24 12:21:22,980 [INFO] PluginManager:220 - loadIPPluginJar : add aes
2025-04-24 12:21:22,984 [INFO] IPUIPlugin:80 - create IPUIPlugin
2025-04-24 12:21:22,984 [INFO] PluginManager:220 - loadIPPluginJar : add can
2025-04-24 12:21:22,987 [INFO] IPUIPlugin:80 - create IPUIPlugin
2025-04-24 12:21:22,987 [INFO] PluginManager:220 - loadIPPluginJar : add comp
2025-04-24 12:21:22,991 [INFO] IPUIPlugin:80 - create IPUIPlugin
2025-04-24 12:21:22,991 [INFO] PluginManager:220 - loadIPPluginJar : add cryp
2025-04-24 12:21:22,995 [INFO] IPUIPlugin:80 - create IPUIPlugin
2025-04-24 12:21:22,995 [INFO] PluginManager:220 - loadIPPluginJar : add ddr_ctrl_phy
2025-04-24 12:21:22,998 [INFO] IPUIPlugin:80 - create IPUIPlugin
2025-04-24 12:21:22,998 [INFO] PluginManager:220 - loadIPPluginJar : add dfsdm
2025-04-24 12:21:23,005 [INFO] IPUIPlugin:80 - create IPUIPlugin
2025-04-24 12:21:23,006 [INFO] PluginManager:220 - loadIPPluginJar : add dma
2025-04-24 12:21:23,009 [INFO] IPUIPlugin:80 - create IPUIPlugin
2025-04-24 12:21:23,010 [INFO] PluginManager:220 - loadIPPluginJar : add dma3
2025-04-24 12:21:23,014 [INFO] IPUIPlugin:80 - create IPUIPlugin
2025-04-24 12:21:23,014 [INFO] PluginManager:220 - loadIPPluginJar : add extmemmanager
2025-04-24 12:21:23,016 [INFO] IPUIPlugin:80 - create IPUIPlugin
2025-04-24 12:21:23,016 [INFO] PluginManager:220 - loadIPPluginJar : add fatfs
2025-04-24 12:21:23,023 [INFO] IPUIPlugin:80 - create IPUIPlugin
2025-04-24 12:21:23,023 [INFO] PluginManager:220 - loadIPPluginJar : add fmc
2025-04-24 12:21:23,030 [INFO] IPUIPlugin:80 - create IPUIPlugin
2025-04-24 12:21:23,031 [INFO] PluginManager:220 - loadIPPluginJar : add freertos
2025-04-24 12:21:23,033 [INFO] IPUIPlugin:80 - create IPUIPlugin
2025-04-24 12:21:23,033 [INFO] PluginManager:220 - loadIPPluginJar : add genericplugin
2025-04-24 12:21:23,036 [INFO] IPUIPlugin:80 - create IPUIPlugin
2025-04-24 12:21:23,036 [INFO] PluginManager:220 - loadIPPluginJar : add gfxmmu
2025-04-24 12:21:23,043 [INFO] IPUIPlugin:80 - create IPUIPlugin
2025-04-24 12:21:23,043 [INFO] PluginManager:220 - loadIPPluginJar : add gic
2025-04-24 12:21:23,048 [INFO] IPUIPlugin:80 - create IPUIPlugin
2025-04-24 12:21:23,048 [INFO] PluginManager:220 - loadIPPluginJar : add gpio
2025-04-24 12:21:23,052 [INFO] IPUIPlugin:80 - create IPUIPlugin
2025-04-24 12:21:23,052 [INFO] PluginManager:220 - loadIPPluginJar : add gtzc
2025-04-24 12:21:23,055 [INFO] IPUIPlugin:80 - create IPUIPlugin
2025-04-24 12:21:23,056 [INFO] PluginManager:220 - loadIPPluginJar : add hash
2025-04-24 12:21:23,060 [INFO] IPUIPlugin:80 - create IPUIPlugin
2025-04-24 12:21:23,060 [INFO] PluginManager:220 - loadIPPluginJar : add i2c
2025-04-24 12:21:23,064 [INFO] IPUIPlugin:80 - create IPUIPlugin
2025-04-24 12:21:23,064 [INFO] PluginManager:220 - loadIPPluginJar : add i2s
2025-04-24 12:21:23,068 [INFO] IPUIPlugin:80 - create IPUIPlugin
2025-04-24 12:21:23,069 [INFO] PluginManager:220 - loadIPPluginJar : add i3c
2025-04-24 12:21:23,074 [INFO] IPUIPlugin:80 - create IPUIPlugin
2025-04-24 12:21:23,074 [INFO] PluginManager:220 - loadIPPluginJar : add ipddr
2025-04-24 12:21:23,082 [INFO] IPUIPlugin:80 - create IPUIPlugin
2025-04-24 12:21:23,082 [INFO] PluginManager:220 - loadIPPluginJar : add linkedlist
2025-04-24 12:21:23,087 [INFO] IPUIPlugin:80 - create IPUIPlugin
2025-04-24 12:21:23,087 [INFO] PluginManager:220 - loadIPPluginJar : add lorawan
2025-04-24 12:21:23,089 [INFO] IPUIPlugin:80 - create IPUIPlugin
2025-04-24 12:21:23,089 [INFO] PluginManager:220 - loadIPPluginJar : add ltdc
2025-04-24 12:21:23,097 [INFO] IPUIPlugin:80 - create IPUIPlugin
2025-04-24 12:21:23,098 [INFO] PluginManager:220 - loadIPPluginJar : add mdma
2025-04-24 12:21:23,103 [INFO] IPUIPlugin:80 - create IPUIPlugin
2025-04-24 12:21:23,103 [INFO] PluginManager:220 - loadIPPluginJar : add nvic
2025-04-24 12:21:23,107 [INFO] IPUIPlugin:80 - create IPUIPlugin
2025-04-24 12:21:23,107 [INFO] PluginManager:220 - loadIPPluginJar : add opamp
2025-04-24 12:21:23,111 [INFO] IPUIPlugin:80 - create IPUIPlugin
2025-04-24 12:21:23,111 [INFO] PluginManager:220 - loadIPPluginJar : add openamp
2025-04-24 12:21:23,116 [INFO] IPUIPlugin:80 - create IPUIPlugin
2025-04-24 12:21:23,116 [INFO] PluginManager:220 - loadIPPluginJar : add pdm2pcm
2025-04-24 12:21:23,125 [INFO] IPUIPlugin:80 - create IPUIPlugin
2025-04-24 12:21:23,128 [INFO] PluginManager:220 - loadIPPluginJar : add plateformsettings
2025-04-24 12:21:23,130 [INFO] IPUIPlugin:80 - create IPUIPlugin
2025-04-24 12:21:23,130 [INFO] PluginManager:220 - loadIPPluginJar : add quadspi
2025-04-24 12:21:23,133 [INFO] IPUIPlugin:80 - create IPUIPlugin
2025-04-24 12:21:23,134 [INFO] PluginManager:220 - loadIPPluginJar : add radio
2025-04-24 12:21:23,138 [INFO] IPUIPlugin:80 - create IPUIPlugin
2025-04-24 12:21:23,139 [INFO] PluginManager:220 - loadIPPluginJar : add resmgrutility
2025-04-24 12:21:23,144 [INFO] IPUIPlugin:80 - create IPUIPlugin
2025-04-24 12:21:23,144 [INFO] PluginManager:220 - loadIPPluginJar : add sai
2025-04-24 12:21:23,147 [INFO] IPUIPlugin:80 - create IPUIPlugin
2025-04-24 12:21:23,147 [INFO] PluginManager:220 - loadIPPluginJar : add spi
2025-04-24 12:21:23,156 [INFO] IPUIPlugin:80 - create IPUIPlugin
2025-04-24 12:21:23,156 [INFO] PluginManager:220 - loadIPPluginJar : add stm32_wpan
2025-04-24 12:21:23,159 [INFO] IPUIPlugin:80 - create IPUIPlugin
2025-04-24 12:21:23,159 [INFO] PluginManager:220 - loadIPPluginJar : add tim
2025-04-24 12:21:23,164 [INFO] IPUIPlugin:80 - create IPUIPlugin
2025-04-24 12:21:23,164 [INFO] PluginManager:220 - loadIPPluginJar : add touchsensing
2025-04-24 12:21:23,166 [INFO] IPUIPlugin:80 - create IPUIPlugin
2025-04-24 12:21:23,167 [INFO] PluginManager:220 - loadIPPluginJar : add tracer_emb
2025-04-24 12:21:23,169 [INFO] IPUIPlugin:80 - create IPUIPlugin
2025-04-24 12:21:23,169 [INFO] PluginManager:220 - loadIPPluginJar : add ts
2025-04-24 12:21:23,171 [INFO] IPUIPlugin:80 - create IPUIPlugin
2025-04-24 12:21:23,172 [INFO] PluginManager:220 - loadIPPluginJar : add tsc
2025-04-24 12:21:23,174 [INFO] IPUIPlugin:80 - create IPUIPlugin
2025-04-24 12:21:23,174 [INFO] PluginManager:220 - loadIPPluginJar : add ucpd
2025-04-24 12:21:23,177 [INFO] IPUIPlugin:80 - create IPUIPlugin
2025-04-24 12:21:23,177 [INFO] PluginManager:220 - loadIPPluginJar : add usart
2025-04-24 12:21:23,181 [INFO] IPUIPlugin:80 - create IPUIPlugin
2025-04-24 12:21:23,181 [INFO] PluginManager:220 - loadIPPluginJar : add usbx
2025-04-24 12:21:23,316 [FATAL] Updater:351 - Updater called before beeing initialized
2025-04-24 12:21:23,346 [INFO] RulesReader:64 - Compatibility file has been processed (301 Rules)
2025-04-24 12:21:23,359 [INFO] RulesReader:64 - Compatibility file has been processed (301 Rules)
2025-04-24 12:21:23,368 [INFO] CADModel:165 - CPN selected for project level
2025-04-24 12:21:23,368 [INFO] CADModel:114 - Register for checkConnection events
2025-04-24 12:21:23,368 [FATAL] Updater:351 - Updater called before beeing initialized
2025-04-24 12:21:23,368 [ERROR] CADModel:125 - Updater not yet initialized, retry later 
2025-04-24 12:21:23,518 [FATAL] Updater:351 - Updater called before beeing initialized
2025-04-24 12:21:23,519 [INFO] CADModel:165 - CPN selected for project level
2025-04-24 12:21:23,519 [INFO] CADModel:114 - Register for checkConnection events
2025-04-24 12:21:23,520 [FATAL] Updater:351 - Updater called before beeing initialized
2025-04-24 12:21:23,520 [ERROR] CADModel:125 - Updater not yet initialized, retry later 
2025-04-24 12:21:23,523 [FATAL] Updater:351 - Updater called before beeing initialized
2025-04-24 12:21:23,644 [FATAL] Updater:351 - Updater called before beeing initialized
2025-04-24 12:21:23,652 [INFO] DbMcusAds:53 - JSON generation date=Thu Sep 30 08:55:09 CEST 2021 (1632984909247)
2025-04-24 12:21:23,652 [FATAL] Updater:351 - Updater called before beeing initialized
2025-04-24 12:21:23,696 [WARN] DetailPanel:346 - Failed to get advertising image, set to default
2025-04-24 12:21:23,987 [FATAL] Updater:351 - Updater called before beeing initialized
2025-04-24 12:21:23,990 [FATAL] Updater:351 - Updater called before beeing initialized
2025-04-24 12:21:23,990 [FATAL] Updater:351 - Updater called before beeing initialized
2025-04-24 12:21:23,990 [WARN] DetailPanel:346 - Failed to get advertising image, set to default
2025-04-24 12:21:23,991 [FATAL] Updater:351 - Updater called before beeing initialized
2025-04-24 12:21:24,061 [ERROR] Updater:1198 - MainUpdater not yet initialized. External WinMGr cannot be set.
2025-04-24 12:21:24,063 [INFO] Updater:1134 - Updater Version found : 6.14.0
2025-04-24 12:21:24,081 [INFO] ApplicationProperties:184 - Using Application install path: C:\ST\STM32CubeIDE_1.18.0\STM32CubeIDE\plugins\com.st.stm32cube.common.mx_6.14.0.202502271554
2025-04-24 12:21:25,372 [INFO] ThirdPartyUpdaterWithRetryManager:70 - Updater plugin not ready yet. [2/15]
2025-04-24 12:21:25,653 [ERROR] LogOutputStream:75 - [STDERR_REDIRECT] Apr 24, 2025 12:21:25 PM java.util.prefs.WindowsPreferences <init>
2025-04-24 12:21:25,654 [ERROR] LogOutputStream:75 - [STDERR_REDIRECT] WARNING: Could not open/create prefs root node Software\JavaSoft\Prefs at root 0xffffffff80000002. Windows RegCreateKeyEx(...) returned error code 5.
2025-04-24 12:21:25,655 [ERROR] LogOutputStream:75 - [STDERR_REDIRECT] 
2025-04-24 12:21:26,003 [INFO] MainUpdater:2872 - connection check result : 10
2025-04-24 12:21:26,003 [INFO] MainUpdater:289 - Updater Check For Update Now.
2025-04-24 12:21:26,004 [INFO] MicroXplorer:498 - Change Database Version : DB.6.0.140
2025-04-24 12:21:26,015 [INFO] McuFinderGlobals:63 - Set McuFinder mode to 2 (CubeIDE integrated)
2025-04-24 12:21:26,015 [INFO] UserAuth:171 - activating auth plugin
2025-04-24 12:21:26,021 [INFO] UserAuth:486 - Internet connection configuration mode: 1
2025-04-24 12:21:26,053 [INFO] JxBrowserEngine:152 - Initiate JxBrowser Engine with user profile folder
2025-04-24 12:21:26,373 [INFO] CheckServerUpdateThread:120 - End of CheckServer Thread
2025-04-24 12:21:27,032 [INFO] WebApp:169 - Instantiating new browser for Auth
2025-04-24 12:21:28,008 [INFO] WebApp:463 - Apply proxy settings
2025-04-24 12:21:28,009 [INFO] WebApp:548 - Chromium requires no authentication
2025-04-24 12:21:28,021 [INFO] WebApp:491 - Direct internet connection detected
2025-04-24 12:21:28,054 [INFO] WebApp:894 - Register for checkConnection events
2025-04-24 12:21:28,054 [INFO] WebApp:463 - Apply proxy settings
2025-04-24 12:21:28,054 [INFO] WebApp:548 - Chromium requires no authentication
2025-04-24 12:21:28,054 [INFO] WebApp:491 - Direct internet connection detected
2025-04-24 12:21:28,288 [INFO] WebApp:191 - Connection restablished
2025-04-24 12:21:28,315 [INFO] WebApp:225 - Starting web application
2025-04-24 12:21:28,315 [INFO] WebApp:593 - Web application path used C:\ST\STM32CubeIDE_1.18.0\STM32CubeIDE\plugins\com.st.stm32cube.common.mx_6.14.0.202502271554\db\plugins\mcufinder\reactClient1\index.html
2025-04-24 12:21:28,699 [WARN] PackLoader:240 - Cannot read IP mode file for STMicroelectronics.FP-SNS-MOTENVWB1.1.4.0
2025-04-24 12:21:28,723 [WARN] PackLoader:240 - Cannot read IP mode file for STMicroelectronics.X-CUBE-SMBUS.2.1.0
2025-04-24 12:21:28,747 [WARN] PackLoader:240 - Cannot read IP mode file for STMicroelectronics.X-CUBE-WB05N.1.1.0
2025-04-24 12:21:28,803 [WARN] PackLoader:240 - Cannot read IP mode file for STMicroelectronics.X-CUBE-AZRTOS-F7.1.1.0
2025-04-24 12:21:28,874 [WARN] PackLoader:240 - Cannot read IP mode file for Infineon.AIROC-Wi-Fi-Bluetooth-STM32.1.7.0
2025-04-24 12:21:28,999 [WARN] PackLoader:240 - Cannot read IP mode file for STMicroelectronics.X-CUBE-DISPLAY.3.0.0
2025-04-24 12:21:29,024 [WARN] PackLoader:240 - Cannot read IP mode file for STMicroelectronics.X-CUBE-NFC10.1.0.0
2025-04-24 12:21:29,048 [WARN] PackLoader:240 - Cannot read IP mode file for STMicroelectronics.X-CUBE-BLEMGR.4.0.0
2025-04-24 12:21:29,131 [WARN] ConditionMgr:438 - getConditionDescription Invalid condition id : Cortex-A Device cause : null
2025-04-24 12:21:29,193 [WARN] ConditionMgr:1044 - genDependencies : Invalid condition id : Cortex-A Device cause : null
2025-04-24 12:21:29,193 [WARN] ConditionMgr:1044 - genDependencies : Invalid condition id : Cortex-A Device cause : null
2025-04-24 12:21:29,193 [WARN] ConditionMgr:1044 - genDependencies : Invalid condition id : Cortex-A Device cause : null
2025-04-24 12:21:29,201 [WARN] PackLoader:240 - Cannot read IP mode file for STMicroelectronics.X-CUBE-AI.10.0.0
2025-04-24 12:21:29,206 [WARN] PackLoader:240 - Cannot read IP mode file for STMicroelectronics.FP-SNS-SMARTAG2.1.2.0
2025-04-24 12:21:29,288 [WARN] PackLoader:240 - Cannot read IP mode file for STMicroelectronics.X-CUBE-MEMS1.11.1.0
2025-04-24 12:21:29,484 [INFO] LogOutputStream:77 - [STDOUT_REDIRECT] 1 : Invalid condition id : UX_CORESTACK_Condition cause : null
2025-04-24 12:21:29,485 [INFO] LogOutputStream:77 - [STDOUT_REDIRECT] 1 : Invalid condition id : UX_CORESTACK_Condition cause : null
2025-04-24 12:21:29,489 [INFO] LogOutputStream:77 - [STDOUT_REDIRECT] 1 : Invalid condition id : UX_CORESTACK_Condition cause : null
2025-04-24 12:21:29,491 [INFO] LogOutputStream:77 - [STDOUT_REDIRECT] 1 : Invalid condition id : UX_CORESTACK_Condition cause : null
2025-04-24 12:21:29,493 [INFO] LogOutputStream:77 - [STDOUT_REDIRECT] 1 : Invalid condition id : UX_CORESTACK_Condition cause : null
2025-04-24 12:21:29,496 [WARN] PackLoader:240 - Cannot read IP mode file for STMicroelectronics.X-CUBE-AZRTOS-WL.2.0.0
2025-04-24 12:21:29,508 [WARN] PackLoader:240 - Cannot read IP mode file for STMicroelectronics.FP-SNS-MOTENV1.5.0.0
2025-04-24 12:21:29,518 [WARN] PackLoader:240 - Cannot read IP mode file for WES.I-CUBE-Cesium.1.3.0
2025-04-24 12:21:29,524 [WARN] PackLoader:240 - Cannot read IP mode file for STMicroelectronics.X-CUBE-BLE2.3.3.0
2025-04-24 12:21:29,531 [WARN] PackLoader:240 - Cannot read IP mode file for STMicroelectronics.X-CUBE-NFC9.1.0.0
2025-04-24 12:21:29,589 [WARN] PackLoader:240 - Cannot read IP mode file for STMicroelectronics.X-CUBE-MEMS1.11.2.0
2025-04-24 12:21:29,749 [WARN] PackLoader:240 - Cannot read IP mode file for STMicroelectronics.X-CUBE-AZRTOS-G0.1.1.0
2025-04-24 12:21:29,758 [WARN] PackLoader:240 - Cannot read IP mode file for STMicroelectronics.X-CUBE-SAFEA1.1.2.2
2025-04-24 12:21:29,768 [WARN] PackLoader:240 - Cannot read IP mode file for STMicroelectronics.X-CUBE-NFC4.3.0.0
2025-04-24 12:21:29,779 [WARN] PackLoader:240 - Cannot read IP mode file for EmbeddedOffice.I-CUBE-FS-RTOS.1.0.1
2025-04-24 12:21:29,801 [WARN] PackLoader:240 - Cannot read IP mode file for STMicroelectronics.X-CUBE-WB05N.2.0.0
2025-04-24 12:21:29,809 [WARN] PackLoader:240 - Cannot read IP mode file for STMicroelectronics.X-CUBE-TCPP.4.2.0
2025-04-24 12:21:29,817 [WARN] PackLoader:240 - Cannot read IP mode file for RealThread.X-CUBE-RT-Thread_Nano.4.1.1
2025-04-24 12:21:29,827 [WARN] PackLoader:240 - Cannot read IP mode file for STMicroelectronics.FP-ATR-SIGFOX1.3.2.0
2025-04-24 12:21:29,835 [WARN] PackLoader:240 - Cannot read IP mode file for STMicroelectronics.X-CUBE-EEPRMA1.5.1.0
2025-04-24 12:21:29,971 [WARN] PackLoader:240 - Cannot read IP mode file for SEGGER.I-CUBE-embOS.1.3.1
2025-04-24 12:21:30,028 [WARN] PackLoader:240 - Cannot read IP mode file for STMicroelectronics.X-CUBE-ALGOBUILD.1.4.0
2025-04-24 12:21:30,073 [WARN] PackLoader:240 - Cannot read IP mode file for STMicroelectronics.X-CUBE-AZRTOS-F4.1.1.0
2025-04-24 12:21:30,114 [WARN] PackLoader:240 - Cannot read IP mode file for Avnet-IotConnect.X-CUBE-IoTC-DA16k-PMOD.1.0.0
2025-04-24 12:21:30,156 [WARN] PackLoader:240 - Cannot read IP mode file for STMicroelectronics.X-CUBE-ISPU.2.1.0
2025-04-24 12:21:30,227 [WARN] PackLoader:240 - Cannot read IP mode file for STMicroelectronics.X-CUBE-AZRTOS-L5.2.0.0
2025-04-24 12:21:30,240 [WARN] PackLoader:240 - Cannot read IP mode file for STMicroelectronics.X-CUBE-NFC6.3.1.0
2025-04-24 12:21:30,253 [WARN] PackLoader:240 - Cannot read IP mode file for STMicroelectronics.X-CUBE-DPower.1.2.0
2025-04-24 12:21:30,260 [WARN] PackLoader:240 - Cannot read IP mode file for STMicroelectronics.X-CUBE-FREERTOS.1.3.0
2025-04-24 12:21:30,267 [WARN] PackLoader:240 - Cannot read IP mode file for STMicroelectronics.X-CUBE-NFC7.1.0.1
2025-04-24 12:21:30,274 [WARN] PackLoader:240 - Cannot read IP mode file for STMicroelectronics.X-CUBE-DPower.1.3.0
2025-04-24 12:21:30,301 [WARN] ConditionMgr:438 - getConditionDescription Invalid condition id : LAN8742 Phy interface Condition cause : null
2025-04-24 12:21:30,302 [WARN] PackLoader:240 - Cannot read IP mode file for STMicroelectronics.X-CUBE-AZRTOS-L4.2.0.0
2025-04-24 12:21:30,303 [WARN] ConditionMgr:1044 - genDependencies : Invalid condition id : LAN8742 Phy interface Condition cause : null
2025-04-24 12:21:30,304 [WARN] ConditionMgr:1044 - genDependencies : Invalid condition id : LAN8742 Phy interface Condition cause : null
2025-04-24 12:21:30,305 [WARN] ConditionMgr:1044 - genDependencies : Invalid condition id : LAN8742 Phy interface Condition cause : null
2025-04-24 12:21:30,318 [WARN] PackLoader:240 - Cannot read IP mode file for STMicroelectronics.X-CUBE-SFXS2LP1.4.0.0
2025-04-24 12:21:30,351 [WARN] PackLoader:240 - Cannot read IP mode file for STMicroelectronics.X-CUBE-AZRTOS-H7.3.3.0
2025-04-24 12:21:30,369 [WARN] ConditionMgr:438 - getConditionDescription Invalid condition id : UX DEVICE CLASS RTOS Condition cause : null
2025-04-24 12:21:30,369 [WARN] ConditionMgr:438 - getConditionDescription Invalid condition id : UX DEVICE CLASS RTOS Condition cause : null
2025-04-24 12:21:30,373 [WARN] PackLoader:240 - Cannot read IP mode file for STMicroelectronics.X-CUBE-AZRTOS-WB.2.0.0
2025-04-24 12:21:30,374 [WARN] ConditionMgr:1044 - genDependencies : Invalid condition id : UX DEVICE CLASS RTOS Condition cause : null
2025-04-24 12:21:30,374 [WARN] ConditionMgr:1044 - genDependencies : Invalid condition id : UX DEVICE CLASS RTOS Condition cause : null
2025-04-24 12:21:30,375 [WARN] ConditionMgr:1044 - genDependencies : Invalid condition id : UX DEVICE CLASS RTOS Condition cause : null
2025-04-24 12:21:30,375 [WARN] ConditionMgr:1044 - genDependencies : Invalid condition id : UX DEVICE CLASS RTOS Condition cause : null
2025-04-24 12:21:30,375 [WARN] ConditionMgr:1044 - genDependencies : Invalid condition id : UX DEVICE CLASS RTOS Condition cause : null
2025-04-24 12:21:30,384 [WARN] PackLoader:240 - Cannot read IP mode file for STMicroelectronics.X-CUBE-GNSS1.7.0.1
2025-04-24 12:21:30,395 [WARN] PackLoader:240 - Cannot read IP mode file for STMicroelectronics.FP-SNS-STBOX1.2.0.0
2025-04-24 12:21:30,409 [WARN] PackLoader:240 - Cannot read IP mode file for STMicroelectronics.X-CUBE-SUBG2.5.0.0
2025-04-24 12:21:30,424 [WARN] PackLoader:240 - Cannot read IP mode file for Cesanta.I-CUBE-Mongoose.7.13.0
2025-04-24 12:21:30,447 [WARN] PackLoader:240 - Cannot read IP mode file for STMicroelectronics.X-CUBE-AZRTOS-G4.2.0.0
2025-04-24 12:21:30,472 [WARN] PackLoader:240 - Cannot read IP mode file for STMicroelectronics.X-CUBE-IPS.3.1.0
2025-04-24 12:21:30,489 [WARN] PackLoader:240 - Cannot read IP mode file for STMicroelectronics.X-CUBE-ALS.1.0.2
2025-04-24 12:21:30,501 [WARN] PackLoader:240 - Cannot read IP mode file for portGmbH.I-Cube-SoM-uGOAL.1.1.0
2025-04-24 12:21:30,517 [WARN] PackLoader:240 - Cannot read IP mode file for STMicroelectronics.X-CUBE-TOF1.3.4.2
2025-04-24 12:21:30,556 [WARN] PackLoader:240 - Cannot read IP mode file for STMicroelectronics.X-CUBE-TOF1.3.4.3
2025-04-24 12:21:30,568 [INFO] ThirdParty:978 - Integrity check success = true
2025-04-24 12:21:30,568 [INFO] IntegrityCheckThread:100 - exiting critical section [integrity check]
2025-04-24 12:21:30,568 [INFO] IntegrityCheckThread:103 - End integrity checks thread
2025-04-24 12:43:24,736 [INFO] WebApp:403 - JxBrowser engine has been closed 
