2025-04-03 11:20:28,309 [INFO] Activator:176 - 


2025-04-03 11:20:28,315 [INFO] Activator:177 - !SESSION log4j initialized
2025-04-03 11:20:38,165 [INFO] LogOutputStream:77 - [STDOUT_REDIRECT] 
2025-04-03 11:20:45,003 [INFO] ApplicationProperties:184 - Using Application install path: C:\ST\STM32CubeIDE_1.18.0\STM32CubeIDE\plugins\com.st.stm32cube.common.mx_6.14.0.202502271554
2025-04-03 11:20:45,031 [INFO] DbMcusXml:78 - Set database path to: C:\ST\STM32CubeIDE_1.18.0\STM32CubeIDE\plugins\com.st.stm32cube.common.mx_6.14.0.202502271554\\db\/mcu/
2025-04-03 11:20:45,031 [INFO] ApiDb:274 - Set plugin database path to: C:\ST\STM32CubeIDE_1.18.0\STM32CubeIDE\plugins\com.st.stm32cube.common.mx_6.14.0.202502271554\\db\/plugins/boardmanager/
2025-04-03 11:20:45,032 [WARN] ApiDb:259 - Overriding images path with different value:  => C:\ST\STM32CubeIDE_1.18.0\STM32CubeIDE\plugins\com.st.stm32cube.common.mx_6.14.0.202502271554\\db\/plugins/mcufinder/images/
2025-04-03 11:20:45,046 [INFO] ApiDb:250 - Set database path to: C:\Users\micha\.stmcufinder\plugins\mcufinder//mcu/
2025-04-03 11:20:45,048 [INFO] DbMcusAds:125 - Set database path to: C:\Users\micha\.stmcufinder\plugins\mcufinder//mcu/
2025-04-03 11:20:45,053 [INFO] CrossReferenceDbSqlite:203 - Set database path to: C:\Users\micha\.stmcufinder\plugins\mcufinder//mcu/cs/
2025-04-03 11:20:45,260 [INFO] RulesReader:64 - Compatibility file has been processed (301 Rules)
2025-04-03 11:20:45,383 [INFO] DbMcusXml:78 - Set database path to: C:\ST\STM32CubeIDE_1.18.0\STM32CubeIDE\plugins\com.st.stm32cube.common.mx_6.14.0.202502271554\\db\/mcu/
2025-04-03 11:20:45,383 [INFO] ApiDb:274 - Set plugin database path to: C:\ST\STM32CubeIDE_1.18.0\STM32CubeIDE\plugins\com.st.stm32cube.common.mx_6.14.0.202502271554\\db\/plugins/boardmanager/
2025-04-03 11:20:45,383 [INFO] ApiDb:261 - Set plugin images path to: C:\ST\STM32CubeIDE_1.18.0\STM32CubeIDE\plugins\com.st.stm32cube.common.mx_6.14.0.202502271554\\db\/plugins/mcufinder/images/
2025-04-03 11:20:45,384 [WARN] DbFile:41 - Overriding database path with different value: C:\Users\micha\.stmcufinder\plugins\mcufinder/ => C:\Users\micha\.stmcufinder\plugins\mcufinder
2025-04-03 11:20:45,384 [INFO] ApiDb:250 - Set database path to: C:\Users\micha\.stmcufinder\plugins\mcufinder//mcu/
2025-04-03 11:20:45,384 [WARN] DbFile:41 - Overriding database path with different value: C:\Users\micha\.stmcufinder\plugins\mcufinder/ => C:\Users\micha\.stmcufinder\plugins\mcufinder
2025-04-03 11:20:45,384 [INFO] DbMcusAds:125 - Set database path to: C:\Users\micha\.stmcufinder\plugins\mcufinder//mcu/
2025-04-03 11:20:45,384 [WARN] DbFile:41 - Overriding database path with different value: C:\Users\micha\.stmcufinder\plugins\mcufinder/ => C:\Users\micha\.stmcufinder\plugins\mcufinder
2025-04-03 11:20:45,385 [WARN] DbFile:41 - Overriding database path with different value: C:\Users\micha\.stmcufinder\plugins\mcufinder/ => C:\Users\micha\.stmcufinder\plugins\mcufinder
2025-04-03 11:20:45,385 [INFO] CrossReferenceDbSqlite:203 - Set database path to: C:\Users\micha\.stmcufinder\plugins\mcufinder//mcu/cs/
2025-04-03 11:20:45,491 [INFO] MainPanel:272 - HeapMemory: 268435456
2025-04-03 11:20:45,630 [INFO] DbMcusXml:78 - Set database path to: C:\ST\STM32CubeIDE_1.18.0\STM32CubeIDE\plugins\com.st.stm32cube.common.mx_6.14.0.202502271554\\db\/mcu/
2025-04-03 11:20:45,630 [INFO] ApiDb:274 - Set plugin database path to: C:\ST\STM32CubeIDE_1.18.0\STM32CubeIDE\plugins\com.st.stm32cube.common.mx_6.14.0.202502271554\\db\/plugins/boardmanager/
2025-04-03 11:20:45,630 [INFO] ApiDb:261 - Set plugin images path to: C:\ST\STM32CubeIDE_1.18.0\STM32CubeIDE\plugins\com.st.stm32cube.common.mx_6.14.0.202502271554\\db\/plugins/mcufinder/images/
2025-04-03 11:20:45,631 [WARN] DbFile:41 - Overriding database path with different value: C:\Users\micha\.stmcufinder\plugins\mcufinder/ => C:\Users\micha\.stmcufinder\plugins\mcufinder
2025-04-03 11:20:45,631 [INFO] ApiDb:250 - Set database path to: C:\Users\micha\.stmcufinder\plugins\mcufinder//mcu/
2025-04-03 11:20:45,631 [WARN] DbFile:41 - Overriding database path with different value: C:\Users\micha\.stmcufinder\plugins\mcufinder/ => C:\Users\micha\.stmcufinder\plugins\mcufinder
2025-04-03 11:20:45,631 [INFO] DbMcusAds:125 - Set database path to: C:\Users\micha\.stmcufinder\plugins\mcufinder//mcu/
2025-04-03 11:20:45,632 [WARN] DbFile:41 - Overriding database path with different value: C:\Users\micha\.stmcufinder\plugins\mcufinder/ => C:\Users\micha\.stmcufinder\plugins\mcufinder
2025-04-03 11:20:45,632 [WARN] DbFile:41 - Overriding database path with different value: C:\Users\micha\.stmcufinder\plugins\mcufinder/ => C:\Users\micha\.stmcufinder\plugins\mcufinder
2025-04-03 11:20:45,632 [INFO] CrossReferenceDbSqlite:203 - Set database path to: C:\Users\micha\.stmcufinder\plugins\mcufinder//mcu/cs/
2025-04-03 11:20:45,657 [INFO] ApplicationProperties:184 - Using Application install path: C:\ST\STM32CubeIDE_1.18.0\STM32CubeIDE\plugins\com.st.stm32cube.common.mx_6.14.0.202502271554
2025-04-03 11:20:45,659 [INFO] PluginManage:196 - Search for loadable plugins [exclusion list=, ]
2025-04-03 11:20:45,661 [INFO] PluginManage:310 - Check plugin analytics
2025-04-03 11:20:51,032 [INFO] AnalyticsPlugin:253 - Accepted Software Licenses: 
2025-04-03 11:20:51,032 [INFO] AnalyticsPlugin:255 - Accepted CMSIS Pack Licenses: 
2025-04-03 11:20:51,032 [INFO] AnalyticsPlugin:257 - Accepted Firmware Licenses: 
2025-04-03 11:20:51,038 [INFO] PluginManage:359 - Loaded plugin analytics (category:tool,tabindex:-1)
2025-04-03 11:20:51,038 [INFO] PluginManage:310 - Check plugin cadmodel
2025-04-03 11:20:51,051 [INFO] CADModel:105 - Init CAD model plugin
2025-04-03 11:20:51,052 [INFO] PluginManage:359 - Loaded plugin cadmodel (category:power,tabindex:5)
2025-04-03 11:20:51,052 [INFO] PluginManage:310 - Check plugin clock
2025-04-03 11:20:51,076 [INFO] PluginManage:359 - Loaded plugin clock (category:base,tabindex:2)
2025-04-03 11:20:51,077 [INFO] PluginManage:310 - Check plugin ddr
2025-04-03 11:20:51,083 [INFO] PluginManage:359 - Loaded plugin ddr (category:tool,tabindex:6)
2025-04-03 11:20:51,084 [INFO] PluginManage:310 - Check plugin filemanager
2025-04-03 11:20:51,294 [INFO] PluginManage:359 - Loaded plugin filemanager (category:base,tabindex:10)
2025-04-03 11:20:51,294 [INFO] PluginManage:310 - Check plugin ipmanager
2025-04-03 11:20:51,303 [INFO] PluginManage:359 - Loaded plugin ipmanager (category:base,tabindex:5)
2025-04-03 11:20:51,303 [INFO] PluginManage:310 - Check plugin lpbam
2025-04-03 11:20:51,313 [INFO] PluginManage:359 - Loaded plugin lpbam (category:base,tabindex:0)
2025-04-03 11:20:51,313 [INFO] PluginManage:310 - Check plugin memorymap
2025-04-03 11:20:51,330 [INFO] PluginManage:359 - Loaded plugin memorymap (category:base,tabindex:4)
2025-04-03 11:20:51,330 [INFO] PluginManage:310 - Check plugin pinoutandconfiguration
2025-04-03 11:20:51,340 [INFO] PluginManage:359 - Loaded plugin pinoutandconfiguration (category:base,tabindex:1)
2025-04-03 11:20:51,341 [INFO] PluginManage:310 - Check plugin pinoutconfig
2025-04-03 11:20:51,452 [WARN] SupportedApi:132 - Cannot load RTOS API schema: s4s-elt-must-match.1: The content of 'definitions' must match (annotation?, (simpleType | complexType)?, (unique | key | keyref)*)). A problem was found starting at: attribute.
2025-04-03 11:20:51,768 [INFO] PluginManage:359 - Loaded plugin pinoutconfig (category:base,tabindex:0)
2025-04-03 11:20:51,768 [INFO] PluginManage:310 - Check plugin power
2025-04-03 11:20:51,790 [INFO] PluginManage:359 - Loaded plugin power (category:power,tabindex:4)
2025-04-03 11:20:51,790 [INFO] PluginManage:310 - Check plugin projectmanager
2025-04-03 11:20:51,823 [INFO] PluginManage:359 - Loaded plugin projectmanager (category:projectmanager,tabindex:4)
2025-04-03 11:20:51,823 [INFO] PluginManage:310 - Check plugin rif
2025-04-03 11:20:51,841 [INFO] PluginManage:359 - Loaded plugin rif (category:base,tabindex:3)
2025-04-03 11:20:51,841 [INFO] PluginManage:310 - Check plugin thirdparty
2025-04-03 11:20:52,161 [INFO] PluginManage:359 - Loaded plugin thirdparty (category:base,tabindex:-1)
2025-04-03 11:20:52,162 [INFO] PluginManage:310 - Check plugin tools
2025-04-03 11:20:52,164 [WARN] IntegrityCheckThread:84 - waiting for thirdparty lock release [integrity check]
2025-04-03 11:20:52,164 [INFO] IntegrityCheckThread:86 - entering critical section [integrity check]
2025-04-03 11:20:52,165 [INFO] ThirdPartyUpdaterWithRetryManager:70 - Updater plugin not ready yet. [1/15]
2025-04-03 11:20:52,171 [INFO] PluginManage:359 - Loaded plugin tools (category:base,tabindex:7)
2025-04-03 11:20:52,171 [INFO] PluginManage:310 - Check plugin tutovideos
2025-04-03 11:20:52,690 [INFO] PluginManage:359 - Loaded plugin tutovideos (category:base,tabindex:-1)
2025-04-03 11:20:52,690 [INFO] PluginManage:310 - Check plugin updater
2025-04-03 11:20:52,728 [INFO] PluginManage:359 - Loaded plugin updater (category:base,tabindex:12)
2025-04-03 11:20:52,729 [INFO] PluginManage:310 - Check plugin userauth
2025-04-03 11:20:52,734 [INFO] UserAuth:118 - Init User Auth plugin
2025-04-03 11:20:52,735 [INFO] PluginManage:359 - Loaded plugin userauth (category:base,tabindex:14)
2025-04-03 11:20:52,736 [INFO] PluginManage:283 - PluginManage : Loaded plugins [18]
2025-04-03 11:20:53,140 [INFO] PinOutPanel:1589 - setPackage(No Configuration,No Configuration)
2025-04-03 11:20:53,353 [INFO] CADModel:165 - CPN selected for project level
2025-04-03 11:20:53,354 [INFO] CADModel:114 - Register for checkConnection events
2025-04-03 11:20:53,396 [INFO] IPUIPlugin:80 - create IPUIPlugin
2025-04-03 11:20:53,396 [INFO] PluginManager:220 - loadIPPluginJar : add adc
2025-04-03 11:20:53,402 [INFO] IPUIPlugin:80 - create IPUIPlugin
2025-04-03 11:20:53,402 [INFO] PluginManager:220 - loadIPPluginJar : add aes
2025-04-03 11:20:53,409 [INFO] IPUIPlugin:80 - create IPUIPlugin
2025-04-03 11:20:53,409 [INFO] PluginManager:220 - loadIPPluginJar : add can
2025-04-03 11:20:53,413 [INFO] IPUIPlugin:80 - create IPUIPlugin
2025-04-03 11:20:53,413 [INFO] PluginManager:220 - loadIPPluginJar : add comp
2025-04-03 11:20:53,419 [INFO] IPUIPlugin:80 - create IPUIPlugin
2025-04-03 11:20:53,419 [INFO] PluginManager:220 - loadIPPluginJar : add cryp
2025-04-03 11:20:53,425 [INFO] IPUIPlugin:80 - create IPUIPlugin
2025-04-03 11:20:53,426 [INFO] PluginManager:220 - loadIPPluginJar : add ddr_ctrl_phy
2025-04-03 11:20:53,431 [INFO] IPUIPlugin:80 - create IPUIPlugin
2025-04-03 11:20:53,431 [INFO] PluginManager:220 - loadIPPluginJar : add dfsdm
2025-04-03 11:20:53,439 [INFO] IPUIPlugin:80 - create IPUIPlugin
2025-04-03 11:20:53,440 [INFO] PluginManager:220 - loadIPPluginJar : add dma
2025-04-03 11:20:53,444 [INFO] IPUIPlugin:80 - create IPUIPlugin
2025-04-03 11:20:53,444 [INFO] PluginManager:220 - loadIPPluginJar : add dma3
2025-04-03 11:20:53,449 [INFO] IPUIPlugin:80 - create IPUIPlugin
2025-04-03 11:20:53,449 [INFO] PluginManager:220 - loadIPPluginJar : add extmemmanager
2025-04-03 11:20:53,451 [INFO] IPUIPlugin:80 - create IPUIPlugin
2025-04-03 11:20:53,452 [INFO] PluginManager:220 - loadIPPluginJar : add fatfs
2025-04-03 11:20:53,458 [INFO] IPUIPlugin:80 - create IPUIPlugin
2025-04-03 11:20:53,459 [INFO] PluginManager:220 - loadIPPluginJar : add fmc
2025-04-03 11:20:53,467 [INFO] IPUIPlugin:80 - create IPUIPlugin
2025-04-03 11:20:53,467 [INFO] PluginManager:220 - loadIPPluginJar : add freertos
2025-04-03 11:20:53,469 [INFO] IPUIPlugin:80 - create IPUIPlugin
2025-04-03 11:20:53,469 [INFO] PluginManager:220 - loadIPPluginJar : add genericplugin
2025-04-03 11:20:53,474 [INFO] IPUIPlugin:80 - create IPUIPlugin
2025-04-03 11:20:53,474 [INFO] PluginManager:220 - loadIPPluginJar : add gfxmmu
2025-04-03 11:20:53,481 [INFO] IPUIPlugin:80 - create IPUIPlugin
2025-04-03 11:20:53,482 [INFO] PluginManager:220 - loadIPPluginJar : add gic
2025-04-03 11:20:53,490 [INFO] IPUIPlugin:80 - create IPUIPlugin
2025-04-03 11:20:53,491 [INFO] PluginManager:220 - loadIPPluginJar : add gpio
2025-04-03 11:20:53,497 [INFO] IPUIPlugin:80 - create IPUIPlugin
2025-04-03 11:20:53,497 [INFO] PluginManager:220 - loadIPPluginJar : add gtzc
2025-04-03 11:20:53,503 [INFO] IPUIPlugin:80 - create IPUIPlugin
2025-04-03 11:20:53,503 [INFO] PluginManager:220 - loadIPPluginJar : add hash
2025-04-03 11:20:53,509 [INFO] IPUIPlugin:80 - create IPUIPlugin
2025-04-03 11:20:53,509 [INFO] PluginManager:220 - loadIPPluginJar : add i2c
2025-04-03 11:20:53,514 [INFO] IPUIPlugin:80 - create IPUIPlugin
2025-04-03 11:20:53,514 [INFO] PluginManager:220 - loadIPPluginJar : add i2s
2025-04-03 11:20:53,521 [INFO] IPUIPlugin:80 - create IPUIPlugin
2025-04-03 11:20:53,521 [INFO] PluginManager:220 - loadIPPluginJar : add i3c
2025-04-03 11:20:53,527 [INFO] IPUIPlugin:80 - create IPUIPlugin
2025-04-03 11:20:53,528 [INFO] PluginManager:220 - loadIPPluginJar : add ipddr
2025-04-03 11:20:53,547 [INFO] IPUIPlugin:80 - create IPUIPlugin
2025-04-03 11:20:53,547 [INFO] PluginManager:220 - loadIPPluginJar : add linkedlist
2025-04-03 11:20:53,554 [INFO] IPUIPlugin:80 - create IPUIPlugin
2025-04-03 11:20:53,554 [INFO] PluginManager:220 - loadIPPluginJar : add lorawan
2025-04-03 11:20:53,558 [INFO] IPUIPlugin:80 - create IPUIPlugin
2025-04-03 11:20:53,559 [INFO] PluginManager:220 - loadIPPluginJar : add ltdc
2025-04-03 11:20:53,573 [INFO] IPUIPlugin:80 - create IPUIPlugin
2025-04-03 11:20:53,574 [INFO] PluginManager:220 - loadIPPluginJar : add mdma
2025-04-03 11:20:53,584 [INFO] IPUIPlugin:80 - create IPUIPlugin
2025-04-03 11:20:53,584 [INFO] PluginManager:220 - loadIPPluginJar : add nvic
2025-04-03 11:20:53,593 [INFO] IPUIPlugin:80 - create IPUIPlugin
2025-04-03 11:20:53,593 [INFO] PluginManager:220 - loadIPPluginJar : add opamp
2025-04-03 11:20:53,600 [INFO] IPUIPlugin:80 - create IPUIPlugin
2025-04-03 11:20:53,601 [INFO] PluginManager:220 - loadIPPluginJar : add openamp
2025-04-03 11:20:53,611 [INFO] IPUIPlugin:80 - create IPUIPlugin
2025-04-03 11:20:53,611 [INFO] PluginManager:220 - loadIPPluginJar : add pdm2pcm
2025-04-03 11:20:53,628 [INFO] IPUIPlugin:80 - create IPUIPlugin
2025-04-03 11:20:53,634 [INFO] PluginManager:220 - loadIPPluginJar : add plateformsettings
2025-04-03 11:20:53,638 [INFO] IPUIPlugin:80 - create IPUIPlugin
2025-04-03 11:20:53,639 [INFO] PluginManager:220 - loadIPPluginJar : add quadspi
2025-04-03 11:20:53,644 [INFO] IPUIPlugin:80 - create IPUIPlugin
2025-04-03 11:20:53,646 [INFO] PluginManager:220 - loadIPPluginJar : add radio
2025-04-03 11:20:53,656 [INFO] IPUIPlugin:80 - create IPUIPlugin
2025-04-03 11:20:53,656 [INFO] PluginManager:220 - loadIPPluginJar : add resmgrutility
2025-04-03 11:20:53,664 [INFO] IPUIPlugin:80 - create IPUIPlugin
2025-04-03 11:20:53,664 [INFO] PluginManager:220 - loadIPPluginJar : add sai
2025-04-03 11:20:53,670 [INFO] IPUIPlugin:80 - create IPUIPlugin
2025-04-03 11:20:53,670 [INFO] PluginManager:220 - loadIPPluginJar : add spi
2025-04-03 11:20:53,686 [INFO] IPUIPlugin:80 - create IPUIPlugin
2025-04-03 11:20:53,687 [INFO] PluginManager:220 - loadIPPluginJar : add stm32_wpan
2025-04-03 11:20:53,692 [INFO] IPUIPlugin:80 - create IPUIPlugin
2025-04-03 11:20:53,693 [INFO] PluginManager:220 - loadIPPluginJar : add tim
2025-04-03 11:20:53,698 [INFO] IPUIPlugin:80 - create IPUIPlugin
2025-04-03 11:20:53,698 [INFO] PluginManager:220 - loadIPPluginJar : add touchsensing
2025-04-03 11:20:53,702 [INFO] IPUIPlugin:80 - create IPUIPlugin
2025-04-03 11:20:53,703 [INFO] PluginManager:220 - loadIPPluginJar : add tracer_emb
2025-04-03 11:20:53,708 [INFO] IPUIPlugin:80 - create IPUIPlugin
2025-04-03 11:20:53,708 [INFO] PluginManager:220 - loadIPPluginJar : add ts
2025-04-03 11:20:53,712 [INFO] IPUIPlugin:80 - create IPUIPlugin
2025-04-03 11:20:53,712 [INFO] PluginManager:220 - loadIPPluginJar : add tsc
2025-04-03 11:20:53,717 [INFO] IPUIPlugin:80 - create IPUIPlugin
2025-04-03 11:20:53,717 [INFO] PluginManager:220 - loadIPPluginJar : add ucpd
2025-04-03 11:20:53,722 [INFO] IPUIPlugin:80 - create IPUIPlugin
2025-04-03 11:20:53,723 [INFO] PluginManager:220 - loadIPPluginJar : add usart
2025-04-03 11:20:53,730 [INFO] IPUIPlugin:80 - create IPUIPlugin
2025-04-03 11:20:53,730 [INFO] PluginManager:220 - loadIPPluginJar : add usbx
2025-04-03 11:20:53,877 [FATAL] Updater:351 - Updater called before beeing initialized
2025-04-03 11:20:53,915 [INFO] RulesReader:64 - Compatibility file has been processed (301 Rules)
2025-04-03 11:20:53,932 [INFO] RulesReader:64 - Compatibility file has been processed (301 Rules)
2025-04-03 11:20:53,944 [INFO] CADModel:165 - CPN selected for project level
2025-04-03 11:20:53,944 [INFO] CADModel:114 - Register for checkConnection events
2025-04-03 11:20:53,944 [FATAL] Updater:351 - Updater called before beeing initialized
2025-04-03 11:20:53,944 [ERROR] CADModel:125 - Updater not yet initialized, retry later 
2025-04-03 11:20:54,156 [FATAL] Updater:351 - Updater called before beeing initialized
2025-04-03 11:20:54,159 [INFO] CADModel:165 - CPN selected for project level
2025-04-03 11:20:54,159 [INFO] CADModel:114 - Register for checkConnection events
2025-04-03 11:20:54,159 [FATAL] Updater:351 - Updater called before beeing initialized
2025-04-03 11:20:54,159 [ERROR] CADModel:125 - Updater not yet initialized, retry later 
2025-04-03 11:20:54,163 [FATAL] Updater:351 - Updater called before beeing initialized
2025-04-03 11:20:54,299 [FATAL] Updater:351 - Updater called before beeing initialized
2025-04-03 11:20:54,303 [INFO] DbMcusAds:53 - JSON generation date=Thu Sep 30 08:55:09 CEST 2021 (1632984909247)
2025-04-03 11:20:54,304 [FATAL] Updater:351 - Updater called before beeing initialized
2025-04-03 11:20:54,352 [WARN] DetailPanel:346 - Failed to get advertising image, set to default
2025-04-03 11:20:54,725 [FATAL] Updater:351 - Updater called before beeing initialized
2025-04-03 11:20:54,728 [FATAL] Updater:351 - Updater called before beeing initialized
2025-04-03 11:20:54,728 [FATAL] Updater:351 - Updater called before beeing initialized
2025-04-03 11:20:54,728 [WARN] DetailPanel:346 - Failed to get advertising image, set to default
2025-04-03 11:20:54,729 [FATAL] Updater:351 - Updater called before beeing initialized
2025-04-03 11:20:54,798 [ERROR] Updater:1198 - MainUpdater not yet initialized. External WinMGr cannot be set.
2025-04-03 11:20:54,801 [INFO] Updater:1134 - Updater Version found : 6.14.0
2025-04-03 11:20:54,824 [INFO] ApplicationProperties:184 - Using Application install path: C:\ST\STM32CubeIDE_1.18.0\STM32CubeIDE\plugins\com.st.stm32cube.common.mx_6.14.0.202502271554
2025-04-03 11:20:55,166 [INFO] ThirdPartyUpdaterWithRetryManager:70 - Updater plugin not ready yet. [2/15]
2025-04-03 11:20:56,400 [ERROR] LogOutputStream:75 - [STDERR_REDIRECT] Apr 03, 2025 11:20:56 AM java.util.prefs.WindowsPreferences <init>
2025-04-03 11:20:56,402 [ERROR] LogOutputStream:75 - [STDERR_REDIRECT] WARNING: Could not open/create prefs root node Software\JavaSoft\Prefs at root 0xffffffff80000002. Windows RegCreateKeyEx(...) returned error code 5.
2025-04-03 11:20:56,403 [ERROR] LogOutputStream:75 - [STDERR_REDIRECT] 
2025-04-03 11:20:56,949 [INFO] MainUpdater:2872 - connection check result : 10
2025-04-03 11:20:56,949 [INFO] MainUpdater:3566 - Updater definition file requires update
2025-04-03 11:20:56,951 [INFO] MainUpdater:289 - Updater Check For Update Now.
2025-04-03 11:20:56,951 [INFO] MicroXplorer:498 - Change Database Version : DB.6.0.140
2025-04-03 11:20:56,959 [INFO] McuFinderGlobals:63 - Set McuFinder mode to 2 (CubeIDE integrated)
2025-04-03 11:20:56,959 [INFO] UserAuth:171 - activating auth plugin
2025-04-03 11:20:56,963 [INFO] UserAuth:486 - Internet connection configuration mode: 1
2025-04-03 11:20:56,990 [INFO] JxBrowserEngine:152 - Initiate JxBrowser Engine with user profile folder
2025-04-03 11:20:57,219 [INFO] ServerAccessManage:473 - Download File updaters.zip
2025-04-03 11:20:57,674 [INFO] FileExtend:242 - Unzip File : updaters.zip
2025-04-03 11:20:57,674 [INFO] FileExtend:257 - Standard Zip Deflate
2025-04-03 11:20:58,168 [WARN] MainUpdater:1193 - Updater busy. Cannot search thirdparties
2025-04-03 11:20:58,168 [INFO] ThirdPartyUpdaterWithRetryManager:96 - Updater plugin is busy. [1/15]
2025-04-03 11:20:58,283 [INFO] ServerAccessManage:473 - Download File PacksControlFlags.xml
2025-04-03 11:20:58,496 [INFO] ServerAccessManage:473 - Download File cubemx.pidx
2025-04-03 11:20:58,730 [INFO] LoadServerUpdatesThread:375 - End of LoadServerUpdate Thread
2025-04-03 11:20:58,756 [INFO] WebApp:169 - Instantiating new browser for Auth
2025-04-03 11:20:58,957 [INFO] CheckServerUpdateThread:120 - End of CheckServer Thread
2025-04-03 11:21:00,005 [INFO] WebApp:463 - Apply proxy settings
2025-04-03 11:21:00,005 [INFO] WebApp:548 - Chromium requires no authentication
2025-04-03 11:21:00,021 [INFO] WebApp:491 - Direct internet connection detected
2025-04-03 11:21:00,075 [INFO] WebApp:894 - Register for checkConnection events
2025-04-03 11:21:00,075 [INFO] WebApp:463 - Apply proxy settings
2025-04-03 11:21:00,075 [INFO] WebApp:548 - Chromium requires no authentication
2025-04-03 11:21:00,077 [INFO] WebApp:491 - Direct internet connection detected
2025-04-03 11:21:00,379 [INFO] WebApp:225 - Starting web application
2025-04-03 11:21:00,379 [INFO] WebApp:593 - Web application path used C:\ST\STM32CubeIDE_1.18.0\STM32CubeIDE\plugins\com.st.stm32cube.common.mx_6.14.0.202502271554\db\plugins\mcufinder\reactClient1\index.html
2025-04-03 11:21:00,669 [INFO] WebApp:191 - Connection restablished
2025-04-03 11:21:01,568 [WARN] PackLoader:240 - Cannot read IP mode file for STMicroelectronics.FP-SNS-MOTENVWB1.1.4.0
2025-04-03 11:21:01,586 [WARN] PackLoader:240 - Cannot read IP mode file for STMicroelectronics.X-CUBE-SMBUS.2.1.0
2025-04-03 11:21:01,601 [WARN] PackLoader:240 - Cannot read IP mode file for STMicroelectronics.X-CUBE-WB05N.1.1.0
2025-04-03 11:21:01,660 [WARN] PackLoader:240 - Cannot read IP mode file for STMicroelectronics.X-CUBE-AZRTOS-F7.1.1.0
2025-04-03 11:21:01,727 [WARN] PackLoader:240 - Cannot read IP mode file for Infineon.AIROC-Wi-Fi-Bluetooth-STM32.1.7.0
2025-04-03 11:21:01,757 [WARN] PackLoader:240 - Cannot read IP mode file for STMicroelectronics.X-CUBE-DISPLAY.3.0.0
2025-04-03 11:21:01,781 [WARN] PackLoader:240 - Cannot read IP mode file for STMicroelectronics.X-CUBE-NFC10.1.0.0
2025-04-03 11:21:01,806 [WARN] PackLoader:240 - Cannot read IP mode file for STMicroelectronics.X-CUBE-BLEMGR.4.0.0
2025-04-03 11:21:01,819 [WARN] ConditionMgr:438 - getConditionDescription Invalid condition id : Cortex-A Device cause : null
2025-04-03 11:21:01,838 [WARN] ConditionMgr:1044 - genDependencies : Invalid condition id : Cortex-A Device cause : null
2025-04-03 11:21:01,839 [WARN] ConditionMgr:1044 - genDependencies : Invalid condition id : Cortex-A Device cause : null
2025-04-03 11:21:01,839 [WARN] ConditionMgr:1044 - genDependencies : Invalid condition id : Cortex-A Device cause : null
2025-04-03 11:21:01,847 [WARN] PackLoader:240 - Cannot read IP mode file for STMicroelectronics.X-CUBE-AI.10.0.0
2025-04-03 11:21:01,859 [WARN] PackLoader:240 - Cannot read IP mode file for STMicroelectronics.FP-SNS-SMARTAG2.1.2.0
2025-04-03 11:21:01,961 [WARN] PackLoader:240 - Cannot read IP mode file for STMicroelectronics.X-CUBE-MEMS1.11.1.0
2025-04-03 11:21:02,273 [INFO] LogOutputStream:77 - [STDOUT_REDIRECT] 1 : Invalid condition id : UX_CORESTACK_Condition cause : null
2025-04-03 11:21:02,274 [INFO] LogOutputStream:77 - [STDOUT_REDIRECT] 1 : Invalid condition id : UX_CORESTACK_Condition cause : null
2025-04-03 11:21:02,279 [INFO] LogOutputStream:77 - [STDOUT_REDIRECT] 1 : Invalid condition id : UX_CORESTACK_Condition cause : null
2025-04-03 11:21:02,281 [INFO] LogOutputStream:77 - [STDOUT_REDIRECT] 1 : Invalid condition id : UX_CORESTACK_Condition cause : null
2025-04-03 11:21:02,283 [INFO] LogOutputStream:77 - [STDOUT_REDIRECT] 1 : Invalid condition id : UX_CORESTACK_Condition cause : null
2025-04-03 11:21:02,287 [WARN] PackLoader:240 - Cannot read IP mode file for STMicroelectronics.X-CUBE-AZRTOS-WL.2.0.0
2025-04-03 11:21:02,298 [WARN] PackLoader:240 - Cannot read IP mode file for STMicroelectronics.FP-SNS-MOTENV1.5.0.0
2025-04-03 11:21:02,313 [WARN] PackLoader:240 - Cannot read IP mode file for WES.I-CUBE-Cesium.1.3.0
2025-04-03 11:21:02,322 [WARN] PackLoader:240 - Cannot read IP mode file for STMicroelectronics.X-CUBE-BLE2.3.3.0
2025-04-03 11:21:02,333 [WARN] PackLoader:240 - Cannot read IP mode file for STMicroelectronics.X-CUBE-NFC9.1.0.0
2025-04-03 11:21:02,361 [WARN] PackLoader:240 - Cannot read IP mode file for STMicroelectronics.X-CUBE-AZRTOS-G0.1.1.0
2025-04-03 11:21:02,373 [WARN] PackLoader:240 - Cannot read IP mode file for STMicroelectronics.X-CUBE-SAFEA1.1.2.2
2025-04-03 11:21:02,383 [WARN] PackLoader:240 - Cannot read IP mode file for STMicroelectronics.X-CUBE-NFC4.3.0.0
2025-04-03 11:21:02,403 [WARN] PackLoader:240 - Cannot read IP mode file for EmbeddedOffice.I-CUBE-FS-RTOS.1.0.1
2025-04-03 11:21:02,414 [WARN] PackLoader:240 - Cannot read IP mode file for STMicroelectronics.X-CUBE-TCPP.4.2.0
2025-04-03 11:21:02,429 [WARN] PackLoader:240 - Cannot read IP mode file for RealThread.X-CUBE-RT-Thread_Nano.4.1.1
2025-04-03 11:21:02,436 [WARN] PackLoader:240 - Cannot read IP mode file for STMicroelectronics.FP-ATR-SIGFOX1.3.2.0
2025-04-03 11:21:02,447 [WARN] PackLoader:240 - Cannot read IP mode file for STMicroelectronics.X-CUBE-EEPRMA1.5.1.0
2025-04-03 11:21:02,495 [WARN] PackLoader:240 - Cannot read IP mode file for SEGGER.I-CUBE-embOS.1.3.1
2025-04-03 11:21:02,562 [WARN] PackLoader:240 - Cannot read IP mode file for STMicroelectronics.X-CUBE-ALGOBUILD.1.4.0
2025-04-03 11:21:02,588 [WARN] PackLoader:240 - Cannot read IP mode file for STMicroelectronics.X-CUBE-AZRTOS-F4.1.1.0
2025-04-03 11:21:02,599 [WARN] PackLoader:240 - Cannot read IP mode file for STMicroelectronics.X-CUBE-ISPU.2.1.0
2025-04-03 11:21:02,624 [WARN] PackLoader:240 - Cannot read IP mode file for STMicroelectronics.X-CUBE-AZRTOS-L5.2.0.0
2025-04-03 11:21:02,639 [WARN] PackLoader:240 - Cannot read IP mode file for STMicroelectronics.X-CUBE-NFC6.3.1.0
2025-04-03 11:21:02,649 [WARN] PackLoader:240 - Cannot read IP mode file for STMicroelectronics.X-CUBE-DPower.1.2.0
2025-04-03 11:21:02,658 [WARN] PackLoader:240 - Cannot read IP mode file for STMicroelectronics.X-CUBE-FREERTOS.1.3.0
2025-04-03 11:21:02,665 [WARN] PackLoader:240 - Cannot read IP mode file for STMicroelectronics.X-CUBE-NFC7.1.0.1
2025-04-03 11:21:02,690 [WARN] ConditionMgr:438 - getConditionDescription Invalid condition id : LAN8742 Phy interface Condition cause : null
2025-04-03 11:21:02,691 [WARN] PackLoader:240 - Cannot read IP mode file for STMicroelectronics.X-CUBE-AZRTOS-L4.2.0.0
2025-04-03 11:21:02,693 [WARN] ConditionMgr:1044 - genDependencies : Invalid condition id : LAN8742 Phy interface Condition cause : null
2025-04-03 11:21:02,693 [WARN] ConditionMgr:1044 - genDependencies : Invalid condition id : LAN8742 Phy interface Condition cause : null
2025-04-03 11:21:02,694 [WARN] ConditionMgr:1044 - genDependencies : Invalid condition id : LAN8742 Phy interface Condition cause : null
2025-04-03 11:21:02,704 [WARN] PackLoader:240 - Cannot read IP mode file for STMicroelectronics.X-CUBE-SFXS2LP1.4.0.0
2025-04-03 11:21:02,731 [WARN] PackLoader:240 - Cannot read IP mode file for STMicroelectronics.X-CUBE-AZRTOS-H7.3.3.0
2025-04-03 11:21:02,758 [WARN] ConditionMgr:438 - getConditionDescription Invalid condition id : UX DEVICE CLASS RTOS Condition cause : null
2025-04-03 11:21:02,758 [WARN] ConditionMgr:438 - getConditionDescription Invalid condition id : UX DEVICE CLASS RTOS Condition cause : null
2025-04-03 11:21:02,761 [WARN] PackLoader:240 - Cannot read IP mode file for STMicroelectronics.X-CUBE-AZRTOS-WB.2.0.0
2025-04-03 11:21:02,762 [WARN] ConditionMgr:1044 - genDependencies : Invalid condition id : UX DEVICE CLASS RTOS Condition cause : null
2025-04-03 11:21:02,762 [WARN] ConditionMgr:1044 - genDependencies : Invalid condition id : UX DEVICE CLASS RTOS Condition cause : null
2025-04-03 11:21:02,763 [WARN] ConditionMgr:1044 - genDependencies : Invalid condition id : UX DEVICE CLASS RTOS Condition cause : null
2025-04-03 11:21:02,764 [WARN] ConditionMgr:1044 - genDependencies : Invalid condition id : UX DEVICE CLASS RTOS Condition cause : null
2025-04-03 11:21:02,764 [WARN] ConditionMgr:1044 - genDependencies : Invalid condition id : UX DEVICE CLASS RTOS Condition cause : null
2025-04-03 11:21:02,773 [WARN] PackLoader:240 - Cannot read IP mode file for STMicroelectronics.X-CUBE-GNSS1.7.0.1
2025-04-03 11:21:02,785 [WARN] PackLoader:240 - Cannot read IP mode file for STMicroelectronics.FP-SNS-STBOX1.2.0.0
2025-04-03 11:21:02,802 [WARN] PackLoader:240 - Cannot read IP mode file for STMicroelectronics.X-CUBE-SUBG2.5.0.0
2025-04-03 11:21:02,814 [WARN] PackLoader:240 - Cannot read IP mode file for Cesanta.I-CUBE-Mongoose.7.13.0
2025-04-03 11:21:02,832 [WARN] PackLoader:240 - Cannot read IP mode file for STMicroelectronics.X-CUBE-AZRTOS-G4.2.0.0
2025-04-03 11:21:02,852 [WARN] PackLoader:240 - Cannot read IP mode file for STMicroelectronics.X-CUBE-IPS.3.1.0
2025-04-03 11:21:02,868 [WARN] PackLoader:240 - Cannot read IP mode file for STMicroelectronics.X-CUBE-ALS.1.0.2
2025-04-03 11:21:02,878 [WARN] PackLoader:240 - Cannot read IP mode file for portGmbH.I-Cube-SoM-uGOAL.1.1.0
2025-04-03 11:21:02,914 [WARN] PackLoader:240 - Cannot read IP mode file for STMicroelectronics.X-CUBE-TOF1.3.4.2
2025-04-03 11:21:02,949 [INFO] ThirdParty:978 - Integrity check success = true
2025-04-03 11:21:02,949 [INFO] IntegrityCheckThread:100 - exiting critical section [integrity check]
2025-04-03 11:21:02,949 [INFO] IntegrityCheckThread:103 - End integrity checks thread
2025-04-03 11:21:02,995 [INFO] WebApp:194 - Connection lost
2025-04-03 11:21:03,448 [INFO] WebApp:191 - Connection restablished
2025-04-03 11:21:03,699 [INFO] WebApp:194 - Connection lost
2025-04-03 11:21:04,096 [INFO] WebApp:191 - Connection restablished
2025-04-03 12:11:43,322 [INFO] WebApp:194 - Connection lost
2025-04-03 12:11:43,673 [INFO] WebApp:191 - Connection restablished
2025-04-03 12:32:02,376 [INFO] WebApp:403 - JxBrowser engine has been closed 
2025-04-03 13:26:16,469 [ERROR] LogOutputStream:75 - [STDERR_REDIRECT] 
2025-04-03 13:26:16,471 [ERROR] LogOutputStream:75 - [STDERR_REDIRECT] 
