2025-06-09 11:33:40,600 [INFO] Activator:176 - 


2025-06-09 11:33:40,609 [INFO] Activator:177 - !SESSION log4j initialized
2025-06-09 11:33:48,199 [INFO] LogOutputStream:77 - [STDOUT_REDIRECT] 
2025-06-09 11:33:54,113 [INFO] ApplicationProperties:184 - Using Application install path: C:\ST\STM32CubeIDE_1.18.0\STM32CubeIDE\plugins\com.st.stm32cube.common.mx_6.14.0.202502271554
2025-06-09 11:33:54,142 [INFO] DbMcusXml:78 - Set database path to: C:\ST\STM32CubeIDE_1.18.0\STM32CubeIDE\plugins\com.st.stm32cube.common.mx_6.14.0.202502271554\\db\/mcu/
2025-06-09 11:33:54,142 [INFO] ApiDb:274 - Set plugin database path to: C:\ST\STM32CubeIDE_1.18.0\STM32CubeIDE\plugins\com.st.stm32cube.common.mx_6.14.0.202502271554\\db\/plugins/boardmanager/
2025-06-09 11:33:54,143 [WARN] ApiDb:259 - Overriding images path with different value:  => C:\ST\STM32CubeIDE_1.18.0\STM32CubeIDE\plugins\com.st.stm32cube.common.mx_6.14.0.202502271554\\db\/plugins/mcufinder/images/
2025-06-09 11:33:54,153 [INFO] ApiDb:250 - Set database path to: C:\Users\micha\.stmcufinder\plugins\mcufinder//mcu/
2025-06-09 11:33:54,155 [INFO] DbMcusAds:125 - Set database path to: C:\Users\micha\.stmcufinder\plugins\mcufinder//mcu/
2025-06-09 11:33:54,158 [INFO] CrossReferenceDbSqlite:203 - Set database path to: C:\Users\micha\.stmcufinder\plugins\mcufinder//mcu/cs/
2025-06-09 11:33:54,299 [INFO] RulesReader:64 - Compatibility file has been processed (301 Rules)
2025-06-09 11:33:54,384 [INFO] DbMcusXml:78 - Set database path to: C:\ST\STM32CubeIDE_1.18.0\STM32CubeIDE\plugins\com.st.stm32cube.common.mx_6.14.0.202502271554\\db\/mcu/
2025-06-09 11:33:54,384 [INFO] ApiDb:274 - Set plugin database path to: C:\ST\STM32CubeIDE_1.18.0\STM32CubeIDE\plugins\com.st.stm32cube.common.mx_6.14.0.202502271554\\db\/plugins/boardmanager/
2025-06-09 11:33:54,384 [INFO] ApiDb:261 - Set plugin images path to: C:\ST\STM32CubeIDE_1.18.0\STM32CubeIDE\plugins\com.st.stm32cube.common.mx_6.14.0.202502271554\\db\/plugins/mcufinder/images/
2025-06-09 11:33:54,384 [WARN] DbFile:41 - Overriding database path with different value: C:\Users\micha\.stmcufinder\plugins\mcufinder/ => C:\Users\micha\.stmcufinder\plugins\mcufinder
2025-06-09 11:33:54,384 [INFO] ApiDb:250 - Set database path to: C:\Users\micha\.stmcufinder\plugins\mcufinder//mcu/
2025-06-09 11:33:54,384 [WARN] DbFile:41 - Overriding database path with different value: C:\Users\micha\.stmcufinder\plugins\mcufinder/ => C:\Users\micha\.stmcufinder\plugins\mcufinder
2025-06-09 11:33:54,384 [INFO] DbMcusAds:125 - Set database path to: C:\Users\micha\.stmcufinder\plugins\mcufinder//mcu/
2025-06-09 11:33:54,384 [WARN] DbFile:41 - Overriding database path with different value: C:\Users\micha\.stmcufinder\plugins\mcufinder/ => C:\Users\micha\.stmcufinder\plugins\mcufinder
2025-06-09 11:33:54,384 [WARN] DbFile:41 - Overriding database path with different value: C:\Users\micha\.stmcufinder\plugins\mcufinder/ => C:\Users\micha\.stmcufinder\plugins\mcufinder
2025-06-09 11:33:54,385 [INFO] CrossReferenceDbSqlite:203 - Set database path to: C:\Users\micha\.stmcufinder\plugins\mcufinder//mcu/cs/
2025-06-09 11:33:54,476 [INFO] MainPanel:272 - HeapMemory: 268435456
2025-06-09 11:33:54,613 [INFO] DbMcusXml:78 - Set database path to: C:\ST\STM32CubeIDE_1.18.0\STM32CubeIDE\plugins\com.st.stm32cube.common.mx_6.14.0.202502271554\\db\/mcu/
2025-06-09 11:33:54,613 [INFO] ApiDb:274 - Set plugin database path to: C:\ST\STM32CubeIDE_1.18.0\STM32CubeIDE\plugins\com.st.stm32cube.common.mx_6.14.0.202502271554\\db\/plugins/boardmanager/
2025-06-09 11:33:54,613 [INFO] ApiDb:261 - Set plugin images path to: C:\ST\STM32CubeIDE_1.18.0\STM32CubeIDE\plugins\com.st.stm32cube.common.mx_6.14.0.202502271554\\db\/plugins/mcufinder/images/
2025-06-09 11:33:54,614 [WARN] DbFile:41 - Overriding database path with different value: C:\Users\micha\.stmcufinder\plugins\mcufinder/ => C:\Users\micha\.stmcufinder\plugins\mcufinder
2025-06-09 11:33:54,614 [INFO] ApiDb:250 - Set database path to: C:\Users\micha\.stmcufinder\plugins\mcufinder//mcu/
2025-06-09 11:33:54,614 [WARN] DbFile:41 - Overriding database path with different value: C:\Users\micha\.stmcufinder\plugins\mcufinder/ => C:\Users\micha\.stmcufinder\plugins\mcufinder
2025-06-09 11:33:54,614 [INFO] DbMcusAds:125 - Set database path to: C:\Users\micha\.stmcufinder\plugins\mcufinder//mcu/
2025-06-09 11:33:54,614 [WARN] DbFile:41 - Overriding database path with different value: C:\Users\micha\.stmcufinder\plugins\mcufinder/ => C:\Users\micha\.stmcufinder\plugins\mcufinder
2025-06-09 11:33:54,614 [WARN] DbFile:41 - Overriding database path with different value: C:\Users\micha\.stmcufinder\plugins\mcufinder/ => C:\Users\micha\.stmcufinder\plugins\mcufinder
2025-06-09 11:33:54,614 [INFO] CrossReferenceDbSqlite:203 - Set database path to: C:\Users\micha\.stmcufinder\plugins\mcufinder//mcu/cs/
2025-06-09 11:33:54,638 [INFO] ApplicationProperties:184 - Using Application install path: C:\ST\STM32CubeIDE_1.18.0\STM32CubeIDE\plugins\com.st.stm32cube.common.mx_6.14.0.202502271554
2025-06-09 11:33:54,640 [INFO] PluginManage:196 - Search for loadable plugins [exclusion list=, ]
2025-06-09 11:33:54,642 [INFO] PluginManage:310 - Check plugin analytics
2025-06-09 11:33:59,857 [INFO] AnalyticsPlugin:253 - Accepted Software Licenses: 
2025-06-09 11:33:59,858 [INFO] AnalyticsPlugin:255 - Accepted CMSIS Pack Licenses: 
2025-06-09 11:33:59,858 [INFO] AnalyticsPlugin:257 - Accepted Firmware Licenses: 
2025-06-09 11:33:59,862 [INFO] PluginManage:359 - Loaded plugin analytics (category:tool,tabindex:-1)
2025-06-09 11:33:59,863 [INFO] PluginManage:310 - Check plugin cadmodel
2025-06-09 11:33:59,873 [INFO] CADModel:105 - Init CAD model plugin
2025-06-09 11:33:59,873 [INFO] PluginManage:359 - Loaded plugin cadmodel (category:power,tabindex:5)
2025-06-09 11:33:59,874 [INFO] PluginManage:310 - Check plugin clock
2025-06-09 11:33:59,898 [INFO] PluginManage:359 - Loaded plugin clock (category:base,tabindex:2)
2025-06-09 11:33:59,898 [INFO] PluginManage:310 - Check plugin ddr
2025-06-09 11:33:59,904 [INFO] PluginManage:359 - Loaded plugin ddr (category:tool,tabindex:6)
2025-06-09 11:33:59,904 [INFO] PluginManage:310 - Check plugin filemanager
2025-06-09 11:34:00,209 [INFO] PluginManage:359 - Loaded plugin filemanager (category:base,tabindex:10)
2025-06-09 11:34:00,209 [INFO] PluginManage:310 - Check plugin ipmanager
2025-06-09 11:34:00,219 [INFO] PluginManage:359 - Loaded plugin ipmanager (category:base,tabindex:5)
2025-06-09 11:34:00,219 [INFO] PluginManage:310 - Check plugin lpbam
2025-06-09 11:34:00,233 [INFO] PluginManage:359 - Loaded plugin lpbam (category:base,tabindex:0)
2025-06-09 11:34:00,234 [INFO] PluginManage:310 - Check plugin memorymap
2025-06-09 11:34:00,253 [INFO] PluginManage:359 - Loaded plugin memorymap (category:base,tabindex:4)
2025-06-09 11:34:00,253 [INFO] PluginManage:310 - Check plugin pinoutandconfiguration
2025-06-09 11:34:00,264 [INFO] PluginManage:359 - Loaded plugin pinoutandconfiguration (category:base,tabindex:1)
2025-06-09 11:34:00,264 [INFO] PluginManage:310 - Check plugin pinoutconfig
2025-06-09 11:34:00,382 [WARN] SupportedApi:132 - Cannot load RTOS API schema: s4s-elt-must-match.1: The content of 'definitions' must match (annotation?, (simpleType | complexType)?, (unique | key | keyref)*)). A problem was found starting at: attribute.
2025-06-09 11:34:00,577 [INFO] PluginManage:359 - Loaded plugin pinoutconfig (category:base,tabindex:0)
2025-06-09 11:34:00,577 [INFO] PluginManage:310 - Check plugin power
2025-06-09 11:34:00,590 [INFO] PluginManage:359 - Loaded plugin power (category:power,tabindex:4)
2025-06-09 11:34:00,590 [INFO] PluginManage:310 - Check plugin projectmanager
2025-06-09 11:34:00,609 [INFO] PluginManage:359 - Loaded plugin projectmanager (category:projectmanager,tabindex:4)
2025-06-09 11:34:00,609 [INFO] PluginManage:310 - Check plugin rif
2025-06-09 11:34:00,618 [INFO] PluginManage:359 - Loaded plugin rif (category:base,tabindex:3)
2025-06-09 11:34:00,619 [INFO] PluginManage:310 - Check plugin thirdparty
2025-06-09 11:34:00,805 [INFO] PluginManage:359 - Loaded plugin thirdparty (category:base,tabindex:-1)
2025-06-09 11:34:00,805 [INFO] PluginManage:310 - Check plugin tools
2025-06-09 11:34:00,804 [WARN] IntegrityCheckThread:84 - waiting for thirdparty lock release [integrity check]
2025-06-09 11:34:00,806 [INFO] IntegrityCheckThread:86 - entering critical section [integrity check]
2025-06-09 11:34:00,806 [INFO] ThirdPartyUpdaterWithRetryManager:70 - Updater plugin not ready yet. [1/15]
2025-06-09 11:34:00,810 [INFO] PluginManage:359 - Loaded plugin tools (category:base,tabindex:7)
2025-06-09 11:34:00,810 [INFO] PluginManage:310 - Check plugin tutovideos
2025-06-09 11:34:01,044 [INFO] PluginManage:359 - Loaded plugin tutovideos (category:base,tabindex:-1)
2025-06-09 11:34:01,044 [INFO] PluginManage:310 - Check plugin updater
2025-06-09 11:34:01,070 [INFO] PluginManage:359 - Loaded plugin updater (category:base,tabindex:12)
2025-06-09 11:34:01,070 [INFO] PluginManage:310 - Check plugin userauth
2025-06-09 11:34:01,075 [INFO] UserAuth:118 - Init User Auth plugin
2025-06-09 11:34:01,076 [INFO] PluginManage:359 - Loaded plugin userauth (category:base,tabindex:14)
2025-06-09 11:34:01,077 [INFO] PluginManage:283 - PluginManage : Loaded plugins [18]
2025-06-09 11:34:01,358 [INFO] PinOutPanel:1589 - setPackage(No Configuration,No Configuration)
2025-06-09 11:34:01,458 [INFO] CADModel:165 - CPN selected for project level
2025-06-09 11:34:01,458 [INFO] CADModel:114 - Register for checkConnection events
2025-06-09 11:34:01,482 [INFO] IPUIPlugin:80 - create IPUIPlugin
2025-06-09 11:34:01,483 [INFO] PluginManager:220 - loadIPPluginJar : add adc
2025-06-09 11:34:01,486 [INFO] IPUIPlugin:80 - create IPUIPlugin
2025-06-09 11:34:01,487 [INFO] PluginManager:220 - loadIPPluginJar : add aes
2025-06-09 11:34:01,490 [INFO] IPUIPlugin:80 - create IPUIPlugin
2025-06-09 11:34:01,490 [INFO] PluginManager:220 - loadIPPluginJar : add can
2025-06-09 11:34:01,493 [INFO] IPUIPlugin:80 - create IPUIPlugin
2025-06-09 11:34:01,493 [INFO] PluginManager:220 - loadIPPluginJar : add comp
2025-06-09 11:34:01,497 [INFO] IPUIPlugin:80 - create IPUIPlugin
2025-06-09 11:34:01,497 [INFO] PluginManager:220 - loadIPPluginJar : add cryp
2025-06-09 11:34:01,501 [INFO] IPUIPlugin:80 - create IPUIPlugin
2025-06-09 11:34:01,502 [INFO] PluginManager:220 - loadIPPluginJar : add ddr_ctrl_phy
2025-06-09 11:34:01,505 [INFO] IPUIPlugin:80 - create IPUIPlugin
2025-06-09 11:34:01,505 [INFO] PluginManager:220 - loadIPPluginJar : add dfsdm
2025-06-09 11:34:01,513 [INFO] IPUIPlugin:80 - create IPUIPlugin
2025-06-09 11:34:01,513 [INFO] PluginManager:220 - loadIPPluginJar : add dma
2025-06-09 11:34:01,517 [INFO] IPUIPlugin:80 - create IPUIPlugin
2025-06-09 11:34:01,517 [INFO] PluginManager:220 - loadIPPluginJar : add dma3
2025-06-09 11:34:01,521 [INFO] IPUIPlugin:80 - create IPUIPlugin
2025-06-09 11:34:01,521 [INFO] PluginManager:220 - loadIPPluginJar : add extmemmanager
2025-06-09 11:34:01,523 [INFO] IPUIPlugin:80 - create IPUIPlugin
2025-06-09 11:34:01,523 [INFO] PluginManager:220 - loadIPPluginJar : add fatfs
2025-06-09 11:34:01,529 [INFO] IPUIPlugin:80 - create IPUIPlugin
2025-06-09 11:34:01,529 [INFO] PluginManager:220 - loadIPPluginJar : add fmc
2025-06-09 11:34:01,536 [INFO] IPUIPlugin:80 - create IPUIPlugin
2025-06-09 11:34:01,536 [INFO] PluginManager:220 - loadIPPluginJar : add freertos
2025-06-09 11:34:01,539 [INFO] IPUIPlugin:80 - create IPUIPlugin
2025-06-09 11:34:01,539 [INFO] PluginManager:220 - loadIPPluginJar : add genericplugin
2025-06-09 11:34:01,543 [INFO] IPUIPlugin:80 - create IPUIPlugin
2025-06-09 11:34:01,544 [INFO] PluginManager:220 - loadIPPluginJar : add gfxmmu
2025-06-09 11:34:01,551 [INFO] IPUIPlugin:80 - create IPUIPlugin
2025-06-09 11:34:01,551 [INFO] PluginManager:220 - loadIPPluginJar : add gic
2025-06-09 11:34:01,557 [INFO] IPUIPlugin:80 - create IPUIPlugin
2025-06-09 11:34:01,557 [INFO] PluginManager:220 - loadIPPluginJar : add gpio
2025-06-09 11:34:01,563 [INFO] IPUIPlugin:80 - create IPUIPlugin
2025-06-09 11:34:01,563 [INFO] PluginManager:220 - loadIPPluginJar : add gtzc
2025-06-09 11:34:01,567 [INFO] IPUIPlugin:80 - create IPUIPlugin
2025-06-09 11:34:01,567 [INFO] PluginManager:220 - loadIPPluginJar : add hash
2025-06-09 11:34:01,571 [INFO] IPUIPlugin:80 - create IPUIPlugin
2025-06-09 11:34:01,572 [INFO] PluginManager:220 - loadIPPluginJar : add i2c
2025-06-09 11:34:01,576 [INFO] IPUIPlugin:80 - create IPUIPlugin
2025-06-09 11:34:01,576 [INFO] PluginManager:220 - loadIPPluginJar : add i2s
2025-06-09 11:34:01,581 [INFO] IPUIPlugin:80 - create IPUIPlugin
2025-06-09 11:34:01,581 [INFO] PluginManager:220 - loadIPPluginJar : add i3c
2025-06-09 11:34:01,587 [INFO] IPUIPlugin:80 - create IPUIPlugin
2025-06-09 11:34:01,587 [INFO] PluginManager:220 - loadIPPluginJar : add ipddr
2025-06-09 11:34:01,599 [INFO] IPUIPlugin:80 - create IPUIPlugin
2025-06-09 11:34:01,599 [INFO] PluginManager:220 - loadIPPluginJar : add linkedlist
2025-06-09 11:34:01,604 [INFO] IPUIPlugin:80 - create IPUIPlugin
2025-06-09 11:34:01,604 [INFO] PluginManager:220 - loadIPPluginJar : add lorawan
2025-06-09 11:34:01,606 [INFO] IPUIPlugin:80 - create IPUIPlugin
2025-06-09 11:34:01,606 [INFO] PluginManager:220 - loadIPPluginJar : add ltdc
2025-06-09 11:34:01,614 [INFO] IPUIPlugin:80 - create IPUIPlugin
2025-06-09 11:34:01,615 [INFO] PluginManager:220 - loadIPPluginJar : add mdma
2025-06-09 11:34:01,620 [INFO] IPUIPlugin:80 - create IPUIPlugin
2025-06-09 11:34:01,620 [INFO] PluginManager:220 - loadIPPluginJar : add nvic
2025-06-09 11:34:01,624 [INFO] IPUIPlugin:80 - create IPUIPlugin
2025-06-09 11:34:01,624 [INFO] PluginManager:220 - loadIPPluginJar : add opamp
2025-06-09 11:34:01,628 [INFO] IPUIPlugin:80 - create IPUIPlugin
2025-06-09 11:34:01,628 [INFO] PluginManager:220 - loadIPPluginJar : add openamp
2025-06-09 11:34:01,632 [INFO] IPUIPlugin:80 - create IPUIPlugin
2025-06-09 11:34:01,632 [INFO] PluginManager:220 - loadIPPluginJar : add pdm2pcm
2025-06-09 11:34:01,638 [INFO] IPUIPlugin:80 - create IPUIPlugin
2025-06-09 11:34:01,640 [INFO] PluginManager:220 - loadIPPluginJar : add plateformsettings
2025-06-09 11:34:01,642 [INFO] IPUIPlugin:80 - create IPUIPlugin
2025-06-09 11:34:01,642 [INFO] PluginManager:220 - loadIPPluginJar : add quadspi
2025-06-09 11:34:01,645 [INFO] IPUIPlugin:80 - create IPUIPlugin
2025-06-09 11:34:01,645 [INFO] PluginManager:220 - loadIPPluginJar : add radio
2025-06-09 11:34:01,651 [INFO] IPUIPlugin:80 - create IPUIPlugin
2025-06-09 11:34:01,651 [INFO] PluginManager:220 - loadIPPluginJar : add resmgrutility
2025-06-09 11:34:01,655 [INFO] IPUIPlugin:80 - create IPUIPlugin
2025-06-09 11:34:01,655 [INFO] PluginManager:220 - loadIPPluginJar : add sai
2025-06-09 11:34:01,658 [INFO] IPUIPlugin:80 - create IPUIPlugin
2025-06-09 11:34:01,658 [INFO] PluginManager:220 - loadIPPluginJar : add spi
2025-06-09 11:34:01,664 [INFO] IPUIPlugin:80 - create IPUIPlugin
2025-06-09 11:34:01,664 [INFO] PluginManager:220 - loadIPPluginJar : add stm32_wpan
2025-06-09 11:34:01,666 [INFO] IPUIPlugin:80 - create IPUIPlugin
2025-06-09 11:34:01,666 [INFO] PluginManager:220 - loadIPPluginJar : add tim
2025-06-09 11:34:01,671 [INFO] IPUIPlugin:80 - create IPUIPlugin
2025-06-09 11:34:01,672 [INFO] PluginManager:220 - loadIPPluginJar : add touchsensing
2025-06-09 11:34:01,675 [INFO] IPUIPlugin:80 - create IPUIPlugin
2025-06-09 11:34:01,675 [INFO] PluginManager:220 - loadIPPluginJar : add tracer_emb
2025-06-09 11:34:01,678 [INFO] IPUIPlugin:80 - create IPUIPlugin
2025-06-09 11:34:01,678 [INFO] PluginManager:220 - loadIPPluginJar : add ts
2025-06-09 11:34:01,680 [INFO] IPUIPlugin:80 - create IPUIPlugin
2025-06-09 11:34:01,680 [INFO] PluginManager:220 - loadIPPluginJar : add tsc
2025-06-09 11:34:01,683 [INFO] IPUIPlugin:80 - create IPUIPlugin
2025-06-09 11:34:01,683 [INFO] PluginManager:220 - loadIPPluginJar : add ucpd
2025-06-09 11:34:01,691 [INFO] IPUIPlugin:80 - create IPUIPlugin
2025-06-09 11:34:01,691 [INFO] PluginManager:220 - loadIPPluginJar : add usart
2025-06-09 11:34:01,697 [INFO] IPUIPlugin:80 - create IPUIPlugin
2025-06-09 11:34:01,697 [INFO] PluginManager:220 - loadIPPluginJar : add usbx
2025-06-09 11:34:01,834 [FATAL] Updater:351 - Updater called before beeing initialized
2025-06-09 11:34:01,867 [INFO] RulesReader:64 - Compatibility file has been processed (301 Rules)
2025-06-09 11:34:01,881 [INFO] RulesReader:64 - Compatibility file has been processed (301 Rules)
2025-06-09 11:34:01,889 [INFO] CADModel:165 - CPN selected for project level
2025-06-09 11:34:01,890 [INFO] CADModel:114 - Register for checkConnection events
2025-06-09 11:34:01,890 [FATAL] Updater:351 - Updater called before beeing initialized
2025-06-09 11:34:01,890 [ERROR] CADModel:125 - Updater not yet initialized, retry later 
2025-06-09 11:34:02,085 [FATAL] Updater:351 - Updater called before beeing initialized
2025-06-09 11:34:02,087 [INFO] CADModel:165 - CPN selected for project level
2025-06-09 11:34:02,087 [INFO] CADModel:114 - Register for checkConnection events
2025-06-09 11:34:02,087 [FATAL] Updater:351 - Updater called before beeing initialized
2025-06-09 11:34:02,087 [ERROR] CADModel:125 - Updater not yet initialized, retry later 
2025-06-09 11:34:02,091 [FATAL] Updater:351 - Updater called before beeing initialized
2025-06-09 11:34:02,211 [FATAL] Updater:351 - Updater called before beeing initialized
2025-06-09 11:34:02,216 [INFO] DbMcusAds:53 - JSON generation date=Thu Sep 30 08:55:09 CEST 2021 (1632984909247)
2025-06-09 11:34:02,216 [FATAL] Updater:351 - Updater called before beeing initialized
2025-06-09 11:34:02,258 [WARN] DetailPanel:346 - Failed to get advertising image, set to default
2025-06-09 11:34:02,494 [FATAL] Updater:351 - Updater called before beeing initialized
2025-06-09 11:34:02,496 [FATAL] Updater:351 - Updater called before beeing initialized
2025-06-09 11:34:02,496 [FATAL] Updater:351 - Updater called before beeing initialized
2025-06-09 11:34:02,496 [WARN] DetailPanel:346 - Failed to get advertising image, set to default
2025-06-09 11:34:02,497 [FATAL] Updater:351 - Updater called before beeing initialized
2025-06-09 11:34:02,557 [ERROR] Updater:1198 - MainUpdater not yet initialized. External WinMGr cannot be set.
2025-06-09 11:34:02,559 [INFO] Updater:1134 - Updater Version found : 6.14.0
2025-06-09 11:34:02,584 [INFO] ApplicationProperties:184 - Using Application install path: C:\ST\STM32CubeIDE_1.18.0\STM32CubeIDE\plugins\com.st.stm32cube.common.mx_6.14.0.202502271554
2025-06-09 11:34:03,807 [INFO] ThirdPartyUpdaterWithRetryManager:70 - Updater plugin not ready yet. [2/15]
2025-06-09 11:34:04,160 [ERROR] LogOutputStream:75 - [STDERR_REDIRECT] Jun 09, 2025 11:34:04 AM java.util.prefs.WindowsPreferences <init>
2025-06-09 11:34:04,160 [ERROR] LogOutputStream:75 - [STDERR_REDIRECT] WARNING: Could not open/create prefs root node Software\JavaSoft\Prefs at root 0xffffffff80000002. Windows RegCreateKeyEx(...) returned error code 5.
2025-06-09 11:34:04,161 [ERROR] LogOutputStream:75 - [STDERR_REDIRECT] 
2025-06-09 11:34:04,520 [INFO] MainUpdater:2872 - connection check result : 10
2025-06-09 11:34:04,520 [INFO] MainUpdater:289 - Updater Check For Update Now.
2025-06-09 11:34:04,521 [INFO] MicroXplorer:498 - Change Database Version : DB.6.0.140
2025-06-09 11:34:04,552 [INFO] McuFinderGlobals:63 - Set McuFinder mode to 2 (CubeIDE integrated)
2025-06-09 11:34:04,553 [INFO] UserAuth:171 - activating auth plugin
2025-06-09 11:34:04,589 [INFO] UserAuth:486 - Internet connection configuration mode: 1
2025-06-09 11:34:04,643 [INFO] JxBrowserEngine:152 - Initiate JxBrowser Engine with user profile folder
2025-06-09 11:34:04,803 [INFO] CheckServerUpdateThread:120 - End of CheckServer Thread
2025-06-09 11:34:05,870 [INFO] WebApp:169 - Instantiating new browser for Auth
2025-06-09 11:34:07,070 [INFO] WebApp:463 - Apply proxy settings
2025-06-09 11:34:07,070 [INFO] WebApp:548 - Chromium requires no authentication
2025-06-09 11:34:07,085 [INFO] WebApp:491 - Direct internet connection detected
2025-06-09 11:34:07,132 [INFO] WebApp:894 - Register for checkConnection events
2025-06-09 11:34:07,132 [INFO] WebApp:463 - Apply proxy settings
2025-06-09 11:34:07,132 [INFO] WebApp:548 - Chromium requires no authentication
2025-06-09 11:34:07,133 [INFO] WebApp:491 - Direct internet connection detected
2025-06-09 11:34:07,166 [WARN] PackLoader:240 - Cannot read IP mode file for STMicroelectronics.FP-SNS-MOTENVWB1.1.4.0
2025-06-09 11:34:07,189 [WARN] PackLoader:240 - Cannot read IP mode file for STMicroelectronics.X-CUBE-SMBUS.2.1.0
2025-06-09 11:34:07,212 [WARN] PackLoader:240 - Cannot read IP mode file for STMicroelectronics.X-CUBE-WB05N.1.1.0
2025-06-09 11:34:07,223 [WARN] PackLoader:240 - Cannot read IP mode file for STMicroelectronics.X-CUBE-ST60.1.0.0
2025-06-09 11:34:07,282 [WARN] PackLoader:240 - Cannot read IP mode file for STMicroelectronics.X-CUBE-AZRTOS-F7.1.1.0
2025-06-09 11:34:07,344 [WARN] PackLoader:240 - Cannot read IP mode file for Infineon.AIROC-Wi-Fi-Bluetooth-STM32.1.7.0
2025-06-09 11:34:07,371 [WARN] PackLoader:240 - Cannot read IP mode file for STMicroelectronics.X-CUBE-DISPLAY.3.0.0
2025-06-09 11:34:07,391 [WARN] PackLoader:240 - Cannot read IP mode file for STMicroelectronics.X-CUBE-NFC10.1.0.0
2025-06-09 11:34:07,544 [WARN] PackLoader:240 - Cannot read IP mode file for STMicroelectronics.X-CUBE-BLEMGR.4.0.0
2025-06-09 11:34:07,564 [WARN] ConditionMgr:438 - getConditionDescription Invalid condition id : Cortex-A Device cause : null
2025-06-09 11:34:07,750 [WARN] ConditionMgr:1044 - genDependencies : Invalid condition id : Cortex-A Device cause : null
2025-06-09 11:34:07,751 [WARN] ConditionMgr:1044 - genDependencies : Invalid condition id : Cortex-A Device cause : null
2025-06-09 11:34:07,751 [WARN] ConditionMgr:1044 - genDependencies : Invalid condition id : Cortex-A Device cause : null
2025-06-09 11:34:07,756 [WARN] PackLoader:240 - Cannot read IP mode file for STMicroelectronics.X-CUBE-AI.10.0.0
2025-06-09 11:34:07,763 [WARN] PackLoader:240 - Cannot read IP mode file for STMicroelectronics.FP-SNS-SMARTAG2.1.2.0
2025-06-09 11:34:07,830 [WARN] PackLoader:240 - Cannot read IP mode file for STMicroelectronics.X-CUBE-MEMS1.11.1.0
2025-06-09 11:34:07,986 [INFO] WebApp:225 - Starting web application
2025-06-09 11:34:07,987 [INFO] WebApp:593 - Web application path used C:\ST\STM32CubeIDE_1.18.0\STM32CubeIDE\plugins\com.st.stm32cube.common.mx_6.14.0.202502271554\db\plugins\mcufinder\reactClient1\index.html
2025-06-09 11:34:08,105 [INFO] LogOutputStream:77 - [STDOUT_REDIRECT] 1 : Invalid condition id : UX_CORESTACK_Condition cause : null
2025-06-09 11:34:08,106 [INFO] LogOutputStream:77 - [STDOUT_REDIRECT] 1 : Invalid condition id : UX_CORESTACK_Condition cause : null
2025-06-09 11:34:08,107 [INFO] LogOutputStream:77 - [STDOUT_REDIRECT] 1 : Invalid condition id : UX_CORESTACK_Condition cause : null
2025-06-09 11:34:08,111 [INFO] LogOutputStream:77 - [STDOUT_REDIRECT] 1 : Invalid condition id : UX_CORESTACK_Condition cause : null
2025-06-09 11:34:08,116 [INFO] LogOutputStream:77 - [STDOUT_REDIRECT] 1 : Invalid condition id : UX_CORESTACK_Condition cause : null
2025-06-09 11:34:08,122 [WARN] PackLoader:240 - Cannot read IP mode file for STMicroelectronics.X-CUBE-AZRTOS-WL.2.0.0
2025-06-09 11:34:08,140 [WARN] PackLoader:240 - Cannot read IP mode file for STMicroelectronics.FP-SNS-MOTENV1.5.0.0
2025-06-09 11:34:08,158 [WARN] PackLoader:240 - Cannot read IP mode file for WES.I-CUBE-Cesium.1.3.0
2025-06-09 11:34:08,168 [WARN] PackLoader:240 - Cannot read IP mode file for STMicroelectronics.X-CUBE-BLE2.3.3.0
2025-06-09 11:34:08,178 [WARN] PackLoader:240 - Cannot read IP mode file for STMicroelectronics.X-CUBE-NFC9.1.0.0
2025-06-09 11:34:08,187 [WARN] PackLoader:240 - Cannot read IP mode file for STMicroelectronics.X-CUBE-AI.10.1.0
2025-06-09 11:34:08,267 [WARN] PackLoader:240 - Cannot read IP mode file for STMicroelectronics.X-CUBE-MEMS1.11.2.0
2025-06-09 11:34:08,456 [WARN] PackLoader:240 - Cannot read IP mode file for STMicroelectronics.X-CUBE-AZRTOS-G0.1.1.0
2025-06-09 11:34:08,469 [WARN] PackLoader:240 - Cannot read IP mode file for STMicroelectronics.X-CUBE-SAFEA1.1.2.2
2025-06-09 11:34:08,481 [WARN] PackLoader:240 - Cannot read IP mode file for STMicroelectronics.X-CUBE-NFC4.3.0.0
2025-06-09 11:34:08,493 [WARN] PackLoader:240 - Cannot read IP mode file for EmbeddedOffice.I-CUBE-FS-RTOS.1.0.1
2025-06-09 11:34:08,499 [WARN] PackLoader:240 - Cannot read IP mode file for STMicroelectronics.X-CUBE-WB05N.2.0.0
2025-06-09 11:34:08,511 [WARN] PackLoader:240 - Cannot read IP mode file for STMicroelectronics.X-CUBE-TCPP.4.2.0
2025-06-09 11:34:08,519 [WARN] PackLoader:240 - Cannot read IP mode file for RealThread.X-CUBE-RT-Thread_Nano.4.1.1
2025-06-09 11:34:08,527 [WARN] PackLoader:240 - Cannot read IP mode file for STMicroelectronics.FP-ATR-SIGFOX1.3.2.0
2025-06-09 11:34:08,536 [WARN] PackLoader:240 - Cannot read IP mode file for STMicroelectronics.X-CUBE-EEPRMA1.5.1.0
2025-06-09 11:34:08,545 [WARN] PackLoader:240 - Cannot read IP mode file for STMicroelectronics.X-CUBE-ST67W61.1.0.0
2025-06-09 11:34:08,755 [WARN] PackLoader:240 - Cannot read IP mode file for SEGGER.I-CUBE-embOS.1.3.1
2025-06-09 11:34:08,984 [WARN] PackLoader:240 - Cannot read IP mode file for STMicroelectronics.X-CUBE-ALGOBUILD.1.4.0
2025-06-09 11:34:09,019 [WARN] PackLoader:240 - Cannot read IP mode file for STMicroelectronics.X-CUBE-AZRTOS-F4.1.1.0
2025-06-09 11:34:09,031 [WARN] PackLoader:240 - Cannot read IP mode file for Avnet-IotConnect.X-CUBE-IoTC-DA16k-PMOD.1.0.0
2025-06-09 11:34:09,037 [WARN] PackLoader:240 - Cannot read IP mode file for STMicroelectronics.X-CUBE-ISPU.2.1.0
2025-06-09 11:34:09,057 [WARN] PackLoader:240 - Cannot read IP mode file for STMicroelectronics.X-CUBE-AZRTOS-L5.2.0.0
2025-06-09 11:34:09,071 [WARN] PackLoader:240 - Cannot read IP mode file for STMicroelectronics.X-CUBE-NFC6.3.1.0
2025-06-09 11:34:09,082 [WARN] PackLoader:240 - Cannot read IP mode file for STMicroelectronics.X-CUBE-DPower.1.2.0
2025-06-09 11:34:09,090 [WARN] PackLoader:240 - Cannot read IP mode file for STMicroelectronics.X-CUBE-FREERTOS.1.3.1
2025-06-09 11:34:09,097 [WARN] PackLoader:240 - Cannot read IP mode file for STMicroelectronics.X-CUBE-FREERTOS.1.3.0
2025-06-09 11:34:09,111 [WARN] PackLoader:240 - Cannot read IP mode file for STMicroelectronics.X-CUBE-NFC7.1.0.1
2025-06-09 11:34:09,132 [WARN] PackLoader:240 - Cannot read IP mode file for STMicroelectronics.X-CUBE-DPower.1.3.0
2025-06-09 11:34:09,156 [WARN] ConditionMgr:438 - getConditionDescription Invalid condition id : LAN8742 Phy interface Condition cause : null
2025-06-09 11:34:09,157 [WARN] PackLoader:240 - Cannot read IP mode file for STMicroelectronics.X-CUBE-AZRTOS-L4.2.0.0
2025-06-09 11:34:09,161 [WARN] ConditionMgr:1044 - genDependencies : Invalid condition id : LAN8742 Phy interface Condition cause : null
2025-06-09 11:34:09,161 [WARN] ConditionMgr:1044 - genDependencies : Invalid condition id : LAN8742 Phy interface Condition cause : null
2025-06-09 11:34:09,162 [WARN] ConditionMgr:1044 - genDependencies : Invalid condition id : LAN8742 Phy interface Condition cause : null
2025-06-09 11:34:09,174 [WARN] PackLoader:240 - Cannot read IP mode file for STMicroelectronics.X-CUBE-SFXS2LP1.4.0.0
2025-06-09 11:34:09,215 [WARN] PackLoader:240 - Cannot read IP mode file for STMicroelectronics.X-CUBE-AZRTOS-H7.3.3.0
2025-06-09 11:34:09,234 [WARN] ConditionMgr:438 - getConditionDescription Invalid condition id : UX DEVICE CLASS RTOS Condition cause : null
2025-06-09 11:34:09,235 [WARN] ConditionMgr:438 - getConditionDescription Invalid condition id : UX DEVICE CLASS RTOS Condition cause : null
2025-06-09 11:34:09,237 [WARN] PackLoader:240 - Cannot read IP mode file for STMicroelectronics.X-CUBE-AZRTOS-WB.2.0.0
2025-06-09 11:34:09,238 [WARN] ConditionMgr:1044 - genDependencies : Invalid condition id : UX DEVICE CLASS RTOS Condition cause : null
2025-06-09 11:34:09,238 [WARN] ConditionMgr:1044 - genDependencies : Invalid condition id : UX DEVICE CLASS RTOS Condition cause : null
2025-06-09 11:34:09,239 [WARN] ConditionMgr:1044 - genDependencies : Invalid condition id : UX DEVICE CLASS RTOS Condition cause : null
2025-06-09 11:34:09,239 [WARN] ConditionMgr:1044 - genDependencies : Invalid condition id : UX DEVICE CLASS RTOS Condition cause : null
2025-06-09 11:34:09,239 [WARN] ConditionMgr:1044 - genDependencies : Invalid condition id : UX DEVICE CLASS RTOS Condition cause : null
2025-06-09 11:34:09,249 [WARN] PackLoader:240 - Cannot read IP mode file for STMicroelectronics.X-CUBE-GNSS1.7.0.1
2025-06-09 11:34:09,262 [WARN] PackLoader:240 - Cannot read IP mode file for STMicroelectronics.FP-SNS-STBOX1.2.0.0
2025-06-09 11:34:09,298 [WARN] PackLoader:240 - Cannot read IP mode file for STMicroelectronics.X-CUBE-SUBG2.5.0.0
2025-06-09 11:34:09,308 [WARN] PackLoader:240 - Cannot read IP mode file for Cesanta.I-CUBE-Mongoose.7.13.0
2025-06-09 11:34:09,325 [WARN] PackLoader:240 - Cannot read IP mode file for STMicroelectronics.X-CUBE-AZRTOS-G4.2.0.0
2025-06-09 11:34:09,336 [WARN] PackLoader:240 - Cannot read IP mode file for STMicroelectronics.X-CUBE-NFC7.2.0.0
2025-06-09 11:34:09,350 [WARN] PackLoader:240 - Cannot read IP mode file for STMicroelectronics.X-CUBE-IPS.3.1.0
2025-06-09 11:34:09,362 [WARN] PackLoader:240 - Cannot read IP mode file for STMicroelectronics.X-CUBE-ALS.1.0.2
2025-06-09 11:34:09,370 [WARN] PackLoader:240 - Cannot read IP mode file for portGmbH.I-Cube-SoM-uGOAL.1.1.0
2025-06-09 11:34:09,390 [WARN] PackLoader:240 - Cannot read IP mode file for STMicroelectronics.X-CUBE-TOF1.3.4.2
2025-06-09 11:34:09,421 [WARN] PackLoader:240 - Cannot read IP mode file for STMicroelectronics.X-CUBE-TOF1.3.4.3
2025-06-09 11:34:09,434 [INFO] ThirdParty:978 - Integrity check success = true
2025-06-09 11:34:09,434 [INFO] IntegrityCheckThread:100 - exiting critical section [integrity check]
2025-06-09 11:34:09,435 [INFO] IntegrityCheckThread:103 - End integrity checks thread
2025-06-09 11:34:09,474 [INFO] WebApp:191 - Connection restablished
2025-06-09 12:18:23,548 [ERROR] LogOutputStream:75 - [STDERR_REDIRECT] 
2025-06-09 12:18:23,549 [ERROR] LogOutputStream:75 - [STDERR_REDIRECT] 
