2025-05-08 11:19:32,960 [INFO] Activator:176 - 


2025-05-08 11:19:32,966 [INFO] Activator:177 - !SESSION log4j initialized
2025-05-08 11:19:40,957 [INFO] LogOutputStream:77 - [STDOUT_REDIRECT] 
2025-05-08 11:19:46,805 [INFO] ApplicationProperties:184 - Using Application install path: C:\ST\STM32CubeIDE_1.18.0\STM32CubeIDE\plugins\com.st.stm32cube.common.mx_6.14.0.202502271554
2025-05-08 11:19:46,834 [INFO] DbMcusXml:78 - Set database path to: C:\ST\STM32CubeIDE_1.18.0\STM32CubeIDE\plugins\com.st.stm32cube.common.mx_6.14.0.202502271554\\db\/mcu/
2025-05-08 11:19:46,835 [INFO] ApiDb:274 - Set plugin database path to: C:\ST\STM32CubeIDE_1.18.0\STM32CubeIDE\plugins\com.st.stm32cube.common.mx_6.14.0.202502271554\\db\/plugins/boardmanager/
2025-05-08 11:19:46,836 [WARN] ApiDb:259 - Overriding images path with different value:  => C:\ST\STM32CubeIDE_1.18.0\STM32CubeIDE\plugins\com.st.stm32cube.common.mx_6.14.0.202502271554\\db\/plugins/mcufinder/images/
2025-05-08 11:19:46,848 [INFO] ApiDb:250 - Set database path to: C:\Users\micha\.stmcufinder\plugins\mcufinder//mcu/
2025-05-08 11:19:46,850 [INFO] DbMcusAds:125 - Set database path to: C:\Users\micha\.stmcufinder\plugins\mcufinder//mcu/
2025-05-08 11:19:46,853 [INFO] CrossReferenceDbSqlite:203 - Set database path to: C:\Users\micha\.stmcufinder\plugins\mcufinder//mcu/cs/
2025-05-08 11:19:47,008 [INFO] RulesReader:64 - Compatibility file has been processed (301 Rules)
2025-05-08 11:19:47,099 [INFO] DbMcusXml:78 - Set database path to: C:\ST\STM32CubeIDE_1.18.0\STM32CubeIDE\plugins\com.st.stm32cube.common.mx_6.14.0.202502271554\\db\/mcu/
2025-05-08 11:19:47,099 [INFO] ApiDb:274 - Set plugin database path to: C:\ST\STM32CubeIDE_1.18.0\STM32CubeIDE\plugins\com.st.stm32cube.common.mx_6.14.0.202502271554\\db\/plugins/boardmanager/
2025-05-08 11:19:47,099 [INFO] ApiDb:261 - Set plugin images path to: C:\ST\STM32CubeIDE_1.18.0\STM32CubeIDE\plugins\com.st.stm32cube.common.mx_6.14.0.202502271554\\db\/plugins/mcufinder/images/
2025-05-08 11:19:47,099 [WARN] DbFile:41 - Overriding database path with different value: C:\Users\micha\.stmcufinder\plugins\mcufinder/ => C:\Users\micha\.stmcufinder\plugins\mcufinder
2025-05-08 11:19:47,099 [INFO] ApiDb:250 - Set database path to: C:\Users\micha\.stmcufinder\plugins\mcufinder//mcu/
2025-05-08 11:19:47,099 [WARN] DbFile:41 - Overriding database path with different value: C:\Users\micha\.stmcufinder\plugins\mcufinder/ => C:\Users\micha\.stmcufinder\plugins\mcufinder
2025-05-08 11:19:47,100 [INFO] DbMcusAds:125 - Set database path to: C:\Users\micha\.stmcufinder\plugins\mcufinder//mcu/
2025-05-08 11:19:47,100 [WARN] DbFile:41 - Overriding database path with different value: C:\Users\micha\.stmcufinder\plugins\mcufinder/ => C:\Users\micha\.stmcufinder\plugins\mcufinder
2025-05-08 11:19:47,100 [WARN] DbFile:41 - Overriding database path with different value: C:\Users\micha\.stmcufinder\plugins\mcufinder/ => C:\Users\micha\.stmcufinder\plugins\mcufinder
2025-05-08 11:19:47,100 [INFO] CrossReferenceDbSqlite:203 - Set database path to: C:\Users\micha\.stmcufinder\plugins\mcufinder//mcu/cs/
2025-05-08 11:19:47,192 [INFO] MainPanel:272 - HeapMemory: 268435456
2025-05-08 11:19:47,331 [INFO] DbMcusXml:78 - Set database path to: C:\ST\STM32CubeIDE_1.18.0\STM32CubeIDE\plugins\com.st.stm32cube.common.mx_6.14.0.202502271554\\db\/mcu/
2025-05-08 11:19:47,331 [INFO] ApiDb:274 - Set plugin database path to: C:\ST\STM32CubeIDE_1.18.0\STM32CubeIDE\plugins\com.st.stm32cube.common.mx_6.14.0.202502271554\\db\/plugins/boardmanager/
2025-05-08 11:19:47,331 [INFO] ApiDb:261 - Set plugin images path to: C:\ST\STM32CubeIDE_1.18.0\STM32CubeIDE\plugins\com.st.stm32cube.common.mx_6.14.0.202502271554\\db\/plugins/mcufinder/images/
2025-05-08 11:19:47,331 [WARN] DbFile:41 - Overriding database path with different value: C:\Users\micha\.stmcufinder\plugins\mcufinder/ => C:\Users\micha\.stmcufinder\plugins\mcufinder
2025-05-08 11:19:47,331 [INFO] ApiDb:250 - Set database path to: C:\Users\micha\.stmcufinder\plugins\mcufinder//mcu/
2025-05-08 11:19:47,331 [WARN] DbFile:41 - Overriding database path with different value: C:\Users\micha\.stmcufinder\plugins\mcufinder/ => C:\Users\micha\.stmcufinder\plugins\mcufinder
2025-05-08 11:19:47,332 [INFO] DbMcusAds:125 - Set database path to: C:\Users\micha\.stmcufinder\plugins\mcufinder//mcu/
2025-05-08 11:19:47,332 [WARN] DbFile:41 - Overriding database path with different value: C:\Users\micha\.stmcufinder\plugins\mcufinder/ => C:\Users\micha\.stmcufinder\plugins\mcufinder
2025-05-08 11:19:47,332 [WARN] DbFile:41 - Overriding database path with different value: C:\Users\micha\.stmcufinder\plugins\mcufinder/ => C:\Users\micha\.stmcufinder\plugins\mcufinder
2025-05-08 11:19:47,332 [INFO] CrossReferenceDbSqlite:203 - Set database path to: C:\Users\micha\.stmcufinder\plugins\mcufinder//mcu/cs/
2025-05-08 11:19:47,352 [INFO] ApplicationProperties:184 - Using Application install path: C:\ST\STM32CubeIDE_1.18.0\STM32CubeIDE\plugins\com.st.stm32cube.common.mx_6.14.0.202502271554
2025-05-08 11:19:47,354 [INFO] PluginManage:196 - Search for loadable plugins [exclusion list=, ]
2025-05-08 11:19:47,356 [INFO] PluginManage:310 - Check plugin analytics
2025-05-08 11:19:52,530 [INFO] AnalyticsPlugin:253 - Accepted Software Licenses: 
2025-05-08 11:19:52,530 [INFO] AnalyticsPlugin:255 - Accepted CMSIS Pack Licenses: 
2025-05-08 11:19:52,531 [INFO] AnalyticsPlugin:257 - Accepted Firmware Licenses: 
2025-05-08 11:19:52,534 [INFO] PluginManage:359 - Loaded plugin analytics (category:tool,tabindex:-1)
2025-05-08 11:19:52,536 [INFO] PluginManage:310 - Check plugin cadmodel
2025-05-08 11:19:52,546 [INFO] CADModel:105 - Init CAD model plugin
2025-05-08 11:19:52,547 [INFO] PluginManage:359 - Loaded plugin cadmodel (category:power,tabindex:5)
2025-05-08 11:19:52,547 [INFO] PluginManage:310 - Check plugin clock
2025-05-08 11:19:52,563 [INFO] PluginManage:359 - Loaded plugin clock (category:base,tabindex:2)
2025-05-08 11:19:52,564 [INFO] PluginManage:310 - Check plugin ddr
2025-05-08 11:19:52,568 [INFO] PluginManage:359 - Loaded plugin ddr (category:tool,tabindex:6)
2025-05-08 11:19:52,568 [INFO] PluginManage:310 - Check plugin filemanager
2025-05-08 11:19:52,759 [INFO] PluginManage:359 - Loaded plugin filemanager (category:base,tabindex:10)
2025-05-08 11:19:52,759 [INFO] PluginManage:310 - Check plugin ipmanager
2025-05-08 11:19:52,768 [INFO] PluginManage:359 - Loaded plugin ipmanager (category:base,tabindex:5)
2025-05-08 11:19:52,768 [INFO] PluginManage:310 - Check plugin lpbam
2025-05-08 11:19:52,779 [INFO] PluginManage:359 - Loaded plugin lpbam (category:base,tabindex:0)
2025-05-08 11:19:52,779 [INFO] PluginManage:310 - Check plugin memorymap
2025-05-08 11:19:52,797 [INFO] PluginManage:359 - Loaded plugin memorymap (category:base,tabindex:4)
2025-05-08 11:19:52,797 [INFO] PluginManage:310 - Check plugin pinoutandconfiguration
2025-05-08 11:19:52,808 [INFO] PluginManage:359 - Loaded plugin pinoutandconfiguration (category:base,tabindex:1)
2025-05-08 11:19:52,809 [INFO] PluginManage:310 - Check plugin pinoutconfig
2025-05-08 11:19:52,907 [WARN] SupportedApi:132 - Cannot load RTOS API schema: s4s-elt-must-match.1: The content of 'definitions' must match (annotation?, (simpleType | complexType)?, (unique | key | keyref)*)). A problem was found starting at: attribute.
2025-05-08 11:19:53,055 [INFO] PluginManage:359 - Loaded plugin pinoutconfig (category:base,tabindex:0)
2025-05-08 11:19:53,055 [INFO] PluginManage:310 - Check plugin power
2025-05-08 11:19:53,071 [INFO] PluginManage:359 - Loaded plugin power (category:power,tabindex:4)
2025-05-08 11:19:53,071 [INFO] PluginManage:310 - Check plugin projectmanager
2025-05-08 11:19:53,095 [INFO] PluginManage:359 - Loaded plugin projectmanager (category:projectmanager,tabindex:4)
2025-05-08 11:19:53,096 [INFO] PluginManage:310 - Check plugin rif
2025-05-08 11:19:53,106 [INFO] PluginManage:359 - Loaded plugin rif (category:base,tabindex:3)
2025-05-08 11:19:53,107 [INFO] PluginManage:310 - Check plugin thirdparty
2025-05-08 11:19:53,271 [INFO] PluginManage:359 - Loaded plugin thirdparty (category:base,tabindex:-1)
2025-05-08 11:19:53,271 [INFO] PluginManage:310 - Check plugin tools
2025-05-08 11:19:53,271 [WARN] IntegrityCheckThread:84 - waiting for thirdparty lock release [integrity check]
2025-05-08 11:19:53,272 [INFO] IntegrityCheckThread:86 - entering critical section [integrity check]
2025-05-08 11:19:53,272 [INFO] ThirdPartyUpdaterWithRetryManager:70 - Updater plugin not ready yet. [1/15]
2025-05-08 11:19:53,275 [INFO] PluginManage:359 - Loaded plugin tools (category:base,tabindex:7)
2025-05-08 11:19:53,275 [INFO] PluginManage:310 - Check plugin tutovideos
2025-05-08 11:19:53,467 [INFO] PluginManage:359 - Loaded plugin tutovideos (category:base,tabindex:-1)
2025-05-08 11:19:53,467 [INFO] PluginManage:310 - Check plugin updater
2025-05-08 11:19:53,490 [INFO] PluginManage:359 - Loaded plugin updater (category:base,tabindex:12)
2025-05-08 11:19:53,491 [INFO] PluginManage:310 - Check plugin userauth
2025-05-08 11:19:53,495 [INFO] UserAuth:118 - Init User Auth plugin
2025-05-08 11:19:53,496 [INFO] PluginManage:359 - Loaded plugin userauth (category:base,tabindex:14)
2025-05-08 11:19:53,497 [INFO] PluginManage:283 - PluginManage : Loaded plugins [18]
2025-05-08 11:19:53,739 [INFO] PinOutPanel:1589 - setPackage(No Configuration,No Configuration)
2025-05-08 11:19:53,849 [INFO] CADModel:165 - CPN selected for project level
2025-05-08 11:19:53,850 [INFO] CADModel:114 - Register for checkConnection events
2025-05-08 11:19:53,875 [INFO] IPUIPlugin:80 - create IPUIPlugin
2025-05-08 11:19:53,875 [INFO] PluginManager:220 - loadIPPluginJar : add adc
2025-05-08 11:19:53,880 [INFO] IPUIPlugin:80 - create IPUIPlugin
2025-05-08 11:19:53,880 [INFO] PluginManager:220 - loadIPPluginJar : add aes
2025-05-08 11:19:53,884 [INFO] IPUIPlugin:80 - create IPUIPlugin
2025-05-08 11:19:53,884 [INFO] PluginManager:220 - loadIPPluginJar : add can
2025-05-08 11:19:53,886 [INFO] IPUIPlugin:80 - create IPUIPlugin
2025-05-08 11:19:53,886 [INFO] PluginManager:220 - loadIPPluginJar : add comp
2025-05-08 11:19:53,891 [INFO] IPUIPlugin:80 - create IPUIPlugin
2025-05-08 11:19:53,892 [INFO] PluginManager:220 - loadIPPluginJar : add cryp
2025-05-08 11:19:53,898 [INFO] IPUIPlugin:80 - create IPUIPlugin
2025-05-08 11:19:53,898 [INFO] PluginManager:220 - loadIPPluginJar : add ddr_ctrl_phy
2025-05-08 11:19:53,903 [INFO] IPUIPlugin:80 - create IPUIPlugin
2025-05-08 11:19:53,903 [INFO] PluginManager:220 - loadIPPluginJar : add dfsdm
2025-05-08 11:19:53,912 [INFO] IPUIPlugin:80 - create IPUIPlugin
2025-05-08 11:19:53,913 [INFO] PluginManager:220 - loadIPPluginJar : add dma
2025-05-08 11:19:53,917 [INFO] IPUIPlugin:80 - create IPUIPlugin
2025-05-08 11:19:53,917 [INFO] PluginManager:220 - loadIPPluginJar : add dma3
2025-05-08 11:19:53,921 [INFO] IPUIPlugin:80 - create IPUIPlugin
2025-05-08 11:19:53,922 [INFO] PluginManager:220 - loadIPPluginJar : add extmemmanager
2025-05-08 11:19:53,924 [INFO] IPUIPlugin:80 - create IPUIPlugin
2025-05-08 11:19:53,924 [INFO] PluginManager:220 - loadIPPluginJar : add fatfs
2025-05-08 11:19:53,930 [INFO] IPUIPlugin:80 - create IPUIPlugin
2025-05-08 11:19:53,931 [INFO] PluginManager:220 - loadIPPluginJar : add fmc
2025-05-08 11:19:53,938 [INFO] IPUIPlugin:80 - create IPUIPlugin
2025-05-08 11:19:53,939 [INFO] PluginManager:220 - loadIPPluginJar : add freertos
2025-05-08 11:19:53,941 [INFO] IPUIPlugin:80 - create IPUIPlugin
2025-05-08 11:19:53,941 [INFO] PluginManager:220 - loadIPPluginJar : add genericplugin
2025-05-08 11:19:53,944 [INFO] IPUIPlugin:80 - create IPUIPlugin
2025-05-08 11:19:53,944 [INFO] PluginManager:220 - loadIPPluginJar : add gfxmmu
2025-05-08 11:19:53,950 [INFO] IPUIPlugin:80 - create IPUIPlugin
2025-05-08 11:19:53,950 [INFO] PluginManager:220 - loadIPPluginJar : add gic
2025-05-08 11:19:53,955 [INFO] IPUIPlugin:80 - create IPUIPlugin
2025-05-08 11:19:53,955 [INFO] PluginManager:220 - loadIPPluginJar : add gpio
2025-05-08 11:19:53,958 [INFO] IPUIPlugin:80 - create IPUIPlugin
2025-05-08 11:19:53,958 [INFO] PluginManager:220 - loadIPPluginJar : add gtzc
2025-05-08 11:19:53,961 [INFO] IPUIPlugin:80 - create IPUIPlugin
2025-05-08 11:19:53,961 [INFO] PluginManager:220 - loadIPPluginJar : add hash
2025-05-08 11:19:53,965 [INFO] IPUIPlugin:80 - create IPUIPlugin
2025-05-08 11:19:53,965 [INFO] PluginManager:220 - loadIPPluginJar : add i2c
2025-05-08 11:19:53,969 [INFO] IPUIPlugin:80 - create IPUIPlugin
2025-05-08 11:19:53,969 [INFO] PluginManager:220 - loadIPPluginJar : add i2s
2025-05-08 11:19:53,974 [INFO] IPUIPlugin:80 - create IPUIPlugin
2025-05-08 11:19:53,974 [INFO] PluginManager:220 - loadIPPluginJar : add i3c
2025-05-08 11:19:53,979 [INFO] IPUIPlugin:80 - create IPUIPlugin
2025-05-08 11:19:53,979 [INFO] PluginManager:220 - loadIPPluginJar : add ipddr
2025-05-08 11:19:53,989 [INFO] IPUIPlugin:80 - create IPUIPlugin
2025-05-08 11:19:53,989 [INFO] PluginManager:220 - loadIPPluginJar : add linkedlist
2025-05-08 11:19:53,994 [INFO] IPUIPlugin:80 - create IPUIPlugin
2025-05-08 11:19:53,994 [INFO] PluginManager:220 - loadIPPluginJar : add lorawan
2025-05-08 11:19:53,996 [INFO] IPUIPlugin:80 - create IPUIPlugin
2025-05-08 11:19:53,997 [INFO] PluginManager:220 - loadIPPluginJar : add ltdc
2025-05-08 11:19:54,003 [INFO] IPUIPlugin:80 - create IPUIPlugin
2025-05-08 11:19:54,004 [INFO] PluginManager:220 - loadIPPluginJar : add mdma
2025-05-08 11:19:54,008 [INFO] IPUIPlugin:80 - create IPUIPlugin
2025-05-08 11:19:54,008 [INFO] PluginManager:220 - loadIPPluginJar : add nvic
2025-05-08 11:19:54,012 [INFO] IPUIPlugin:80 - create IPUIPlugin
2025-05-08 11:19:54,013 [INFO] PluginManager:220 - loadIPPluginJar : add opamp
2025-05-08 11:19:54,018 [INFO] IPUIPlugin:80 - create IPUIPlugin
2025-05-08 11:19:54,019 [INFO] PluginManager:220 - loadIPPluginJar : add openamp
2025-05-08 11:19:54,023 [INFO] IPUIPlugin:80 - create IPUIPlugin
2025-05-08 11:19:54,023 [INFO] PluginManager:220 - loadIPPluginJar : add pdm2pcm
2025-05-08 11:19:54,030 [INFO] IPUIPlugin:80 - create IPUIPlugin
2025-05-08 11:19:54,034 [INFO] PluginManager:220 - loadIPPluginJar : add plateformsettings
2025-05-08 11:19:54,037 [INFO] IPUIPlugin:80 - create IPUIPlugin
2025-05-08 11:19:54,037 [INFO] PluginManager:220 - loadIPPluginJar : add quadspi
2025-05-08 11:19:54,039 [INFO] IPUIPlugin:80 - create IPUIPlugin
2025-05-08 11:19:54,040 [INFO] PluginManager:220 - loadIPPluginJar : add radio
2025-05-08 11:19:54,045 [INFO] IPUIPlugin:80 - create IPUIPlugin
2025-05-08 11:19:54,045 [INFO] PluginManager:220 - loadIPPluginJar : add resmgrutility
2025-05-08 11:19:54,050 [INFO] IPUIPlugin:80 - create IPUIPlugin
2025-05-08 11:19:54,051 [INFO] PluginManager:220 - loadIPPluginJar : add sai
2025-05-08 11:19:54,054 [INFO] IPUIPlugin:80 - create IPUIPlugin
2025-05-08 11:19:54,055 [INFO] PluginManager:220 - loadIPPluginJar : add spi
2025-05-08 11:19:54,064 [INFO] IPUIPlugin:80 - create IPUIPlugin
2025-05-08 11:19:54,064 [INFO] PluginManager:220 - loadIPPluginJar : add stm32_wpan
2025-05-08 11:19:54,066 [INFO] IPUIPlugin:80 - create IPUIPlugin
2025-05-08 11:19:54,067 [INFO] PluginManager:220 - loadIPPluginJar : add tim
2025-05-08 11:19:54,071 [INFO] IPUIPlugin:80 - create IPUIPlugin
2025-05-08 11:19:54,072 [INFO] PluginManager:220 - loadIPPluginJar : add touchsensing
2025-05-08 11:19:54,075 [INFO] IPUIPlugin:80 - create IPUIPlugin
2025-05-08 11:19:54,075 [INFO] PluginManager:220 - loadIPPluginJar : add tracer_emb
2025-05-08 11:19:54,078 [INFO] IPUIPlugin:80 - create IPUIPlugin
2025-05-08 11:19:54,078 [INFO] PluginManager:220 - loadIPPluginJar : add ts
2025-05-08 11:19:54,081 [INFO] IPUIPlugin:80 - create IPUIPlugin
2025-05-08 11:19:54,081 [INFO] PluginManager:220 - loadIPPluginJar : add tsc
2025-05-08 11:19:54,084 [INFO] IPUIPlugin:80 - create IPUIPlugin
2025-05-08 11:19:54,084 [INFO] PluginManager:220 - loadIPPluginJar : add ucpd
2025-05-08 11:19:54,088 [INFO] IPUIPlugin:80 - create IPUIPlugin
2025-05-08 11:19:54,089 [INFO] PluginManager:220 - loadIPPluginJar : add usart
2025-05-08 11:19:54,094 [INFO] IPUIPlugin:80 - create IPUIPlugin
2025-05-08 11:19:54,094 [INFO] PluginManager:220 - loadIPPluginJar : add usbx
2025-05-08 11:19:54,248 [FATAL] Updater:351 - Updater called before beeing initialized
2025-05-08 11:19:54,283 [INFO] RulesReader:64 - Compatibility file has been processed (301 Rules)
2025-05-08 11:19:54,296 [INFO] RulesReader:64 - Compatibility file has been processed (301 Rules)
2025-05-08 11:19:54,307 [INFO] CADModel:165 - CPN selected for project level
2025-05-08 11:19:54,307 [INFO] CADModel:114 - Register for checkConnection events
2025-05-08 11:19:54,307 [FATAL] Updater:351 - Updater called before beeing initialized
2025-05-08 11:19:54,307 [ERROR] CADModel:125 - Updater not yet initialized, retry later 
2025-05-08 11:19:54,499 [FATAL] Updater:351 - Updater called before beeing initialized
2025-05-08 11:19:54,501 [INFO] CADModel:165 - CPN selected for project level
2025-05-08 11:19:54,501 [INFO] CADModel:114 - Register for checkConnection events
2025-05-08 11:19:54,501 [FATAL] Updater:351 - Updater called before beeing initialized
2025-05-08 11:19:54,501 [ERROR] CADModel:125 - Updater not yet initialized, retry later 
2025-05-08 11:19:54,505 [FATAL] Updater:351 - Updater called before beeing initialized
2025-05-08 11:19:54,623 [FATAL] Updater:351 - Updater called before beeing initialized
2025-05-08 11:19:54,628 [INFO] DbMcusAds:53 - JSON generation date=Thu Sep 30 08:55:09 CEST 2021 (1632984909247)
2025-05-08 11:19:54,628 [FATAL] Updater:351 - Updater called before beeing initialized
2025-05-08 11:19:54,673 [WARN] DetailPanel:346 - Failed to get advertising image, set to default
2025-05-08 11:19:54,993 [FATAL] Updater:351 - Updater called before beeing initialized
2025-05-08 11:19:54,994 [FATAL] Updater:351 - Updater called before beeing initialized
2025-05-08 11:19:54,995 [FATAL] Updater:351 - Updater called before beeing initialized
2025-05-08 11:19:54,995 [WARN] DetailPanel:346 - Failed to get advertising image, set to default
2025-05-08 11:19:54,996 [FATAL] Updater:351 - Updater called before beeing initialized
2025-05-08 11:19:55,062 [ERROR] Updater:1198 - MainUpdater not yet initialized. External WinMGr cannot be set.
2025-05-08 11:19:55,064 [INFO] Updater:1134 - Updater Version found : 6.14.0
2025-05-08 11:19:55,083 [INFO] ApplicationProperties:184 - Using Application install path: C:\ST\STM32CubeIDE_1.18.0\STM32CubeIDE\plugins\com.st.stm32cube.common.mx_6.14.0.202502271554
2025-05-08 11:19:56,273 [INFO] ThirdPartyUpdaterWithRetryManager:70 - Updater plugin not ready yet. [2/15]
2025-05-08 11:19:56,657 [ERROR] LogOutputStream:75 - [STDERR_REDIRECT] May 08, 2025 11:19:56 AM java.util.prefs.WindowsPreferences <init>
2025-05-08 11:19:56,659 [ERROR] LogOutputStream:75 - [STDERR_REDIRECT] WARNING: Could not open/create prefs root node Software\JavaSoft\Prefs at root 0xffffffff80000002. Windows RegCreateKeyEx(...) returned error code 5.
2025-05-08 11:19:56,659 [ERROR] LogOutputStream:75 - [STDERR_REDIRECT] 
2025-05-08 11:19:56,968 [INFO] MainUpdater:2872 - connection check result : 10
2025-05-08 11:19:56,968 [INFO] MainUpdater:3566 - Updater definition file requires update
2025-05-08 11:19:56,969 [INFO] MainUpdater:289 - Updater Check For Update Now.
2025-05-08 11:19:56,970 [INFO] MicroXplorer:498 - Change Database Version : DB.6.0.140
2025-05-08 11:19:56,977 [INFO] McuFinderGlobals:63 - Set McuFinder mode to 2 (CubeIDE integrated)
2025-05-08 11:19:56,978 [INFO] UserAuth:171 - activating auth plugin
2025-05-08 11:19:56,982 [INFO] UserAuth:486 - Internet connection configuration mode: 1
2025-05-08 11:19:56,996 [INFO] ServerAccessManage:473 - Download File updaters.zip
2025-05-08 11:19:57,019 [INFO] JxBrowserEngine:152 - Initiate JxBrowser Engine with user profile folder
2025-05-08 11:19:57,118 [INFO] FileExtend:242 - Unzip File : updaters.zip
2025-05-08 11:19:57,118 [INFO] FileExtend:257 - Standard Zip Deflate
2025-05-08 11:19:57,604 [INFO] ServerAccessManage:473 - Download File PacksControlFlags.xml
2025-05-08 11:19:57,694 [INFO] ServerAccessManage:473 - Download File cubemx.pidx
2025-05-08 11:19:58,699 [INFO] ServerAccessManage:473 - Download File STMicroelectronics.X-CUBE-FREERTOS.pdsc
2025-05-08 11:19:59,102 [INFO] ServerAccessManage:473 - Download File STMicroelectronics.X-CUBE-NFC7.pdsc
2025-05-08 11:19:59,275 [WARN] MainUpdater:1193 - Updater busy. Cannot search thirdparties
2025-05-08 11:19:59,277 [INFO] ThirdPartyUpdaterWithRetryManager:96 - Updater plugin is busy. [1/15]
2025-05-08 11:19:59,537 [INFO] WebApp:169 - Instantiating new browser for Auth
2025-05-08 11:20:00,524 [WARN] PackLoader:240 - Cannot read IP mode file for STMicroelectronics.X-CUBE-FREERTOS.1.3.1
2025-05-08 11:20:00,536 [WARN] PackLoader:240 - Cannot read IP mode file for STMicroelectronics.X-CUBE-NFC7.2.0.0
2025-05-08 11:20:00,539 [INFO] PopulateThirdPartyThread:66 - Ending populate Thread
2025-05-08 11:20:00,541 [INFO] ThirdParty:1030 - CMSIS Pack Vendor :STMicroelectronics X-CUBE-FREERTOS 1.3.1
2025-05-08 11:20:00,541 [INFO] ThirdParty:1030 - CMSIS Pack Vendor :STMicroelectronics X-CUBE-NFC7 2.0.0
2025-05-08 11:20:00,541 [INFO] LoadServerUpdatesThread:375 - End of LoadServerUpdate Thread
2025-05-08 11:20:00,757 [INFO] CheckServerUpdateThread:120 - End of CheckServer Thread
2025-05-08 11:20:01,559 [INFO] WebApp:463 - Apply proxy settings
2025-05-08 11:20:01,560 [INFO] WebApp:548 - Chromium requires no authentication
2025-05-08 11:20:01,571 [INFO] WebApp:491 - Direct internet connection detected
2025-05-08 11:20:01,600 [INFO] WebApp:894 - Register for checkConnection events
2025-05-08 11:20:01,601 [INFO] WebApp:463 - Apply proxy settings
2025-05-08 11:20:01,601 [INFO] WebApp:548 - Chromium requires no authentication
2025-05-08 11:20:01,601 [INFO] WebApp:491 - Direct internet connection detected
2025-05-08 11:20:01,787 [INFO] WebApp:225 - Starting web application
2025-05-08 11:20:01,788 [INFO] WebApp:593 - Web application path used C:\ST\STM32CubeIDE_1.18.0\STM32CubeIDE\plugins\com.st.stm32cube.common.mx_6.14.0.202502271554\db\plugins\mcufinder\reactClient1\index.html
2025-05-08 11:20:01,834 [INFO] WebApp:191 - Connection restablished
2025-05-08 11:20:02,821 [WARN] PackLoader:240 - Cannot read IP mode file for STMicroelectronics.FP-SNS-MOTENVWB1.1.4.0
2025-05-08 11:20:02,833 [WARN] PackLoader:240 - Cannot read IP mode file for STMicroelectronics.X-CUBE-SMBUS.2.1.0
2025-05-08 11:20:02,844 [WARN] PackLoader:240 - Cannot read IP mode file for STMicroelectronics.X-CUBE-WB05N.1.1.0
2025-05-08 11:20:02,877 [WARN] PackLoader:240 - Cannot read IP mode file for STMicroelectronics.X-CUBE-AZRTOS-F7.1.1.0
2025-05-08 11:20:02,915 [WARN] PackLoader:240 - Cannot read IP mode file for Infineon.AIROC-Wi-Fi-Bluetooth-STM32.1.7.0
2025-05-08 11:20:02,934 [WARN] PackLoader:240 - Cannot read IP mode file for STMicroelectronics.X-CUBE-DISPLAY.3.0.0
2025-05-08 11:20:02,952 [WARN] PackLoader:240 - Cannot read IP mode file for STMicroelectronics.X-CUBE-NFC10.1.0.0
2025-05-08 11:20:02,970 [WARN] PackLoader:240 - Cannot read IP mode file for STMicroelectronics.X-CUBE-BLEMGR.4.0.0
2025-05-08 11:20:02,980 [WARN] ConditionMgr:438 - getConditionDescription Invalid condition id : Cortex-A Device cause : null
2025-05-08 11:20:02,995 [WARN] ConditionMgr:1044 - genDependencies : Invalid condition id : Cortex-A Device cause : null
2025-05-08 11:20:02,996 [WARN] ConditionMgr:1044 - genDependencies : Invalid condition id : Cortex-A Device cause : null
2025-05-08 11:20:02,996 [WARN] ConditionMgr:1044 - genDependencies : Invalid condition id : Cortex-A Device cause : null
2025-05-08 11:20:03,003 [WARN] PackLoader:240 - Cannot read IP mode file for STMicroelectronics.X-CUBE-AI.10.0.0
2025-05-08 11:20:03,009 [WARN] PackLoader:240 - Cannot read IP mode file for STMicroelectronics.FP-SNS-SMARTAG2.1.2.0
2025-05-08 11:20:03,074 [WARN] PackLoader:240 - Cannot read IP mode file for STMicroelectronics.X-CUBE-MEMS1.11.1.0
2025-05-08 11:20:03,290 [INFO] LogOutputStream:77 - [STDOUT_REDIRECT] 1 : Invalid condition id : UX_CORESTACK_Condition cause : null
2025-05-08 11:20:03,291 [INFO] LogOutputStream:77 - [STDOUT_REDIRECT] 1 : Invalid condition id : UX_CORESTACK_Condition cause : null
2025-05-08 11:20:03,293 [INFO] LogOutputStream:77 - [STDOUT_REDIRECT] 1 : Invalid condition id : UX_CORESTACK_Condition cause : null
2025-05-08 11:20:03,295 [INFO] LogOutputStream:77 - [STDOUT_REDIRECT] 1 : Invalid condition id : UX_CORESTACK_Condition cause : null
2025-05-08 11:20:03,296 [INFO] LogOutputStream:77 - [STDOUT_REDIRECT] 1 : Invalid condition id : UX_CORESTACK_Condition cause : null
2025-05-08 11:20:03,301 [WARN] PackLoader:240 - Cannot read IP mode file for STMicroelectronics.X-CUBE-AZRTOS-WL.2.0.0
2025-05-08 11:20:03,308 [WARN] PackLoader:240 - Cannot read IP mode file for STMicroelectronics.FP-SNS-MOTENV1.5.0.0
2025-05-08 11:20:03,318 [WARN] PackLoader:240 - Cannot read IP mode file for WES.I-CUBE-Cesium.1.3.0
2025-05-08 11:20:03,324 [WARN] PackLoader:240 - Cannot read IP mode file for STMicroelectronics.X-CUBE-BLE2.3.3.0
2025-05-08 11:20:03,332 [WARN] PackLoader:240 - Cannot read IP mode file for STMicroelectronics.X-CUBE-NFC9.1.0.0
2025-05-08 11:20:03,388 [WARN] PackLoader:240 - Cannot read IP mode file for STMicroelectronics.X-CUBE-MEMS1.11.2.0
2025-05-08 11:20:03,532 [WARN] PackLoader:240 - Cannot read IP mode file for STMicroelectronics.X-CUBE-AZRTOS-G0.1.1.0
2025-05-08 11:20:03,542 [WARN] PackLoader:240 - Cannot read IP mode file for STMicroelectronics.X-CUBE-SAFEA1.1.2.2
2025-05-08 11:20:03,549 [WARN] PackLoader:240 - Cannot read IP mode file for STMicroelectronics.X-CUBE-NFC4.3.0.0
2025-05-08 11:20:03,560 [WARN] PackLoader:240 - Cannot read IP mode file for EmbeddedOffice.I-CUBE-FS-RTOS.1.0.1
2025-05-08 11:20:03,568 [WARN] PackLoader:240 - Cannot read IP mode file for STMicroelectronics.X-CUBE-WB05N.2.0.0
2025-05-08 11:20:03,577 [WARN] PackLoader:240 - Cannot read IP mode file for STMicroelectronics.X-CUBE-TCPP.4.2.0
2025-05-08 11:20:03,588 [WARN] PackLoader:240 - Cannot read IP mode file for RealThread.X-CUBE-RT-Thread_Nano.4.1.1
2025-05-08 11:20:03,594 [WARN] PackLoader:240 - Cannot read IP mode file for STMicroelectronics.FP-ATR-SIGFOX1.3.2.0
2025-05-08 11:20:03,753 [WARN] PackLoader:240 - Cannot read IP mode file for STMicroelectronics.X-CUBE-EEPRMA1.5.1.0
2025-05-08 11:20:03,823 [WARN] PackLoader:240 - Cannot read IP mode file for SEGGER.I-CUBE-embOS.1.3.1
2025-05-08 11:20:03,885 [WARN] PackLoader:240 - Cannot read IP mode file for STMicroelectronics.X-CUBE-ALGOBUILD.1.4.0
2025-05-08 11:20:03,902 [WARN] PackLoader:240 - Cannot read IP mode file for STMicroelectronics.X-CUBE-AZRTOS-F4.1.1.0
2025-05-08 11:20:03,909 [WARN] PackLoader:240 - Cannot read IP mode file for Avnet-IotConnect.X-CUBE-IoTC-DA16k-PMOD.1.0.0
2025-05-08 11:20:03,916 [WARN] PackLoader:240 - Cannot read IP mode file for STMicroelectronics.X-CUBE-ISPU.2.1.0
2025-05-08 11:20:03,933 [WARN] PackLoader:240 - Cannot read IP mode file for STMicroelectronics.X-CUBE-AZRTOS-L5.2.0.0
2025-05-08 11:20:03,945 [WARN] PackLoader:240 - Cannot read IP mode file for STMicroelectronics.X-CUBE-NFC6.3.1.0
2025-05-08 11:20:03,955 [WARN] PackLoader:240 - Cannot read IP mode file for STMicroelectronics.X-CUBE-DPower.1.2.0
2025-05-08 11:20:03,961 [WARN] PackLoader:240 - Cannot read IP mode file for STMicroelectronics.X-CUBE-FREERTOS.1.3.1
2025-05-08 11:20:03,967 [WARN] PackLoader:240 - Cannot read IP mode file for STMicroelectronics.X-CUBE-FREERTOS.1.3.0
2025-05-08 11:20:03,973 [WARN] PackLoader:240 - Cannot read IP mode file for STMicroelectronics.X-CUBE-NFC7.1.0.1
2025-05-08 11:20:03,980 [WARN] PackLoader:240 - Cannot read IP mode file for STMicroelectronics.X-CUBE-DPower.1.3.0
2025-05-08 11:20:04,001 [WARN] ConditionMgr:438 - getConditionDescription Invalid condition id : LAN8742 Phy interface Condition cause : null
2025-05-08 11:20:04,002 [WARN] PackLoader:240 - Cannot read IP mode file for STMicroelectronics.X-CUBE-AZRTOS-L4.2.0.0
2025-05-08 11:20:04,003 [WARN] ConditionMgr:1044 - genDependencies : Invalid condition id : LAN8742 Phy interface Condition cause : null
2025-05-08 11:20:04,003 [WARN] ConditionMgr:1044 - genDependencies : Invalid condition id : LAN8742 Phy interface Condition cause : null
2025-05-08 11:20:04,004 [WARN] ConditionMgr:1044 - genDependencies : Invalid condition id : LAN8742 Phy interface Condition cause : null
2025-05-08 11:20:04,012 [WARN] PackLoader:240 - Cannot read IP mode file for STMicroelectronics.X-CUBE-SFXS2LP1.4.0.0
2025-05-08 11:20:04,037 [WARN] PackLoader:240 - Cannot read IP mode file for STMicroelectronics.X-CUBE-AZRTOS-H7.3.3.0
2025-05-08 11:20:04,055 [WARN] ConditionMgr:438 - getConditionDescription Invalid condition id : UX DEVICE CLASS RTOS Condition cause : null
2025-05-08 11:20:04,055 [WARN] ConditionMgr:438 - getConditionDescription Invalid condition id : UX DEVICE CLASS RTOS Condition cause : null
2025-05-08 11:20:04,057 [WARN] PackLoader:240 - Cannot read IP mode file for STMicroelectronics.X-CUBE-AZRTOS-WB.2.0.0
2025-05-08 11:20:04,058 [WARN] ConditionMgr:1044 - genDependencies : Invalid condition id : UX DEVICE CLASS RTOS Condition cause : null
2025-05-08 11:20:04,059 [WARN] ConditionMgr:1044 - genDependencies : Invalid condition id : UX DEVICE CLASS RTOS Condition cause : null
2025-05-08 11:20:04,059 [WARN] ConditionMgr:1044 - genDependencies : Invalid condition id : UX DEVICE CLASS RTOS Condition cause : null
2025-05-08 11:20:04,059 [WARN] ConditionMgr:1044 - genDependencies : Invalid condition id : UX DEVICE CLASS RTOS Condition cause : null
2025-05-08 11:20:04,060 [WARN] ConditionMgr:1044 - genDependencies : Invalid condition id : UX DEVICE CLASS RTOS Condition cause : null
2025-05-08 11:20:04,067 [WARN] PackLoader:240 - Cannot read IP mode file for STMicroelectronics.X-CUBE-GNSS1.7.0.1
2025-05-08 11:20:04,076 [WARN] PackLoader:240 - Cannot read IP mode file for STMicroelectronics.FP-SNS-STBOX1.2.0.0
2025-05-08 11:20:04,089 [WARN] PackLoader:240 - Cannot read IP mode file for STMicroelectronics.X-CUBE-SUBG2.5.0.0
2025-05-08 11:20:04,101 [WARN] PackLoader:240 - Cannot read IP mode file for Cesanta.I-CUBE-Mongoose.7.13.0
2025-05-08 11:20:04,115 [WARN] PackLoader:240 - Cannot read IP mode file for STMicroelectronics.X-CUBE-AZRTOS-G4.2.0.0
2025-05-08 11:20:04,122 [WARN] PackLoader:240 - Cannot read IP mode file for STMicroelectronics.X-CUBE-NFC7.2.0.0
2025-05-08 11:20:04,136 [WARN] PackLoader:240 - Cannot read IP mode file for STMicroelectronics.X-CUBE-IPS.3.1.0
2025-05-08 11:20:04,148 [WARN] PackLoader:240 - Cannot read IP mode file for STMicroelectronics.X-CUBE-ALS.1.0.2
2025-05-08 11:20:04,155 [WARN] PackLoader:240 - Cannot read IP mode file for portGmbH.I-Cube-SoM-uGOAL.1.1.0
2025-05-08 11:20:04,166 [WARN] PackLoader:240 - Cannot read IP mode file for STMicroelectronics.X-CUBE-TOF1.3.4.2
2025-05-08 11:20:04,187 [WARN] PackLoader:240 - Cannot read IP mode file for STMicroelectronics.X-CUBE-TOF1.3.4.3
2025-05-08 11:20:04,202 [INFO] ThirdParty:978 - Integrity check success = true
2025-05-08 11:20:04,202 [INFO] IntegrityCheckThread:100 - exiting critical section [integrity check]
2025-05-08 11:20:04,202 [INFO] IntegrityCheckThread:103 - End integrity checks thread
2025-05-08 11:22:08,282 [INFO] WebApp:194 - Connection lost
2025-05-08 11:22:08,441 [INFO] WebApp:191 - Connection restablished
2025-05-08 12:41:04,057 [INFO] WebApp:403 - JxBrowser engine has been closed 
