2025-03-20 11:34:24,376 [INFO] Activator:176 - 


2025-03-20 11:34:24,378 [INFO] Activator:177 - !SESSION log4j initialized
2025-03-20 11:34:27,835 [INFO] LogOutputStream:77 - [STDOUT_REDIRECT] 
2025-03-20 11:34:35,424 [INFO] ApplicationProperties:184 - Using Application install path: C:\ST\STM32CubeIDE_1.18.0\STM32CubeIDE\plugins\com.st.stm32cube.common.mx_6.14.0.202502271554
2025-03-20 11:34:35,446 [INFO] DbMcusXml:78 - Set database path to: C:\ST\STM32CubeIDE_1.18.0\STM32CubeIDE\plugins\com.st.stm32cube.common.mx_6.14.0.202502271554\\db\/mcu/
2025-03-20 11:34:35,447 [INFO] ApiDb:274 - Set plugin database path to: C:\ST\STM32CubeIDE_1.18.0\STM32CubeIDE\plugins\com.st.stm32cube.common.mx_6.14.0.202502271554\\db\/plugins/boardmanager/
2025-03-20 11:34:35,448 [WARN] ApiDb:259 - Overriding images path with different value:  => C:\ST\STM32CubeIDE_1.18.0\STM32CubeIDE\plugins\com.st.stm32cube.common.mx_6.14.0.202502271554\\db\/plugins/mcufinder/images/
2025-03-20 11:34:35,455 [INFO] ApiDb:250 - Set database path to: C:\Users\micha\.stmcufinder\plugins\mcufinder//mcu/
2025-03-20 11:34:35,457 [INFO] DbMcusAds:125 - Set database path to: C:\Users\micha\.stmcufinder\plugins\mcufinder//mcu/
2025-03-20 11:34:35,460 [INFO] CrossReferenceDbSqlite:203 - Set database path to: C:\Users\micha\.stmcufinder\plugins\mcufinder//mcu/cs/
2025-03-20 11:34:35,599 [INFO] RulesReader:64 - Compatibility file has been processed (301 Rules)
2025-03-20 11:34:35,682 [INFO] DbMcusXml:78 - Set database path to: C:\ST\STM32CubeIDE_1.18.0\STM32CubeIDE\plugins\com.st.stm32cube.common.mx_6.14.0.202502271554\\db\/mcu/
2025-03-20 11:34:35,683 [INFO] ApiDb:274 - Set plugin database path to: C:\ST\STM32CubeIDE_1.18.0\STM32CubeIDE\plugins\com.st.stm32cube.common.mx_6.14.0.202502271554\\db\/plugins/boardmanager/
2025-03-20 11:34:35,683 [INFO] ApiDb:261 - Set plugin images path to: C:\ST\STM32CubeIDE_1.18.0\STM32CubeIDE\plugins\com.st.stm32cube.common.mx_6.14.0.202502271554\\db\/plugins/mcufinder/images/
2025-03-20 11:34:35,683 [WARN] DbFile:41 - Overriding database path with different value: C:\Users\micha\.stmcufinder\plugins\mcufinder/ => C:\Users\micha\.stmcufinder\plugins\mcufinder
2025-03-20 11:34:35,684 [INFO] ApiDb:250 - Set database path to: C:\Users\micha\.stmcufinder\plugins\mcufinder//mcu/
2025-03-20 11:34:35,684 [WARN] DbFile:41 - Overriding database path with different value: C:\Users\micha\.stmcufinder\plugins\mcufinder/ => C:\Users\micha\.stmcufinder\plugins\mcufinder
2025-03-20 11:34:35,684 [INFO] DbMcusAds:125 - Set database path to: C:\Users\micha\.stmcufinder\plugins\mcufinder//mcu/
2025-03-20 11:34:35,684 [WARN] DbFile:41 - Overriding database path with different value: C:\Users\micha\.stmcufinder\plugins\mcufinder/ => C:\Users\micha\.stmcufinder\plugins\mcufinder
2025-03-20 11:34:35,684 [WARN] DbFile:41 - Overriding database path with different value: C:\Users\micha\.stmcufinder\plugins\mcufinder/ => C:\Users\micha\.stmcufinder\plugins\mcufinder
2025-03-20 11:34:35,684 [INFO] CrossReferenceDbSqlite:203 - Set database path to: C:\Users\micha\.stmcufinder\plugins\mcufinder//mcu/cs/
2025-03-20 11:34:35,771 [INFO] MainPanel:272 - HeapMemory: 268435456
2025-03-20 11:34:35,880 [INFO] DbMcusXml:78 - Set database path to: C:\ST\STM32CubeIDE_1.18.0\STM32CubeIDE\plugins\com.st.stm32cube.common.mx_6.14.0.202502271554\\db\/mcu/
2025-03-20 11:34:35,880 [INFO] ApiDb:274 - Set plugin database path to: C:\ST\STM32CubeIDE_1.18.0\STM32CubeIDE\plugins\com.st.stm32cube.common.mx_6.14.0.202502271554\\db\/plugins/boardmanager/
2025-03-20 11:34:35,881 [INFO] ApiDb:261 - Set plugin images path to: C:\ST\STM32CubeIDE_1.18.0\STM32CubeIDE\plugins\com.st.stm32cube.common.mx_6.14.0.202502271554\\db\/plugins/mcufinder/images/
2025-03-20 11:34:35,881 [WARN] DbFile:41 - Overriding database path with different value: C:\Users\micha\.stmcufinder\plugins\mcufinder/ => C:\Users\micha\.stmcufinder\plugins\mcufinder
2025-03-20 11:34:35,881 [INFO] ApiDb:250 - Set database path to: C:\Users\micha\.stmcufinder\plugins\mcufinder//mcu/
2025-03-20 11:34:35,881 [WARN] DbFile:41 - Overriding database path with different value: C:\Users\micha\.stmcufinder\plugins\mcufinder/ => C:\Users\micha\.stmcufinder\plugins\mcufinder
2025-03-20 11:34:35,881 [INFO] DbMcusAds:125 - Set database path to: C:\Users\micha\.stmcufinder\plugins\mcufinder//mcu/
2025-03-20 11:34:35,881 [WARN] DbFile:41 - Overriding database path with different value: C:\Users\micha\.stmcufinder\plugins\mcufinder/ => C:\Users\micha\.stmcufinder\plugins\mcufinder
2025-03-20 11:34:35,882 [WARN] DbFile:41 - Overriding database path with different value: C:\Users\micha\.stmcufinder\plugins\mcufinder/ => C:\Users\micha\.stmcufinder\plugins\mcufinder
2025-03-20 11:34:35,882 [INFO] CrossReferenceDbSqlite:203 - Set database path to: C:\Users\micha\.stmcufinder\plugins\mcufinder//mcu/cs/
2025-03-20 11:34:35,904 [INFO] ApplicationProperties:184 - Using Application install path: C:\ST\STM32CubeIDE_1.18.0\STM32CubeIDE\plugins\com.st.stm32cube.common.mx_6.14.0.202502271554
2025-03-20 11:34:35,907 [INFO] PluginManage:196 - Search for loadable plugins [exclusion list=, ]
2025-03-20 11:34:35,908 [INFO] PluginManage:310 - Check plugin analytics
2025-03-20 11:34:41,167 [INFO] AnalyticsPlugin:253 - Accepted Software Licenses: 
2025-03-20 11:34:41,168 [INFO] AnalyticsPlugin:255 - Accepted CMSIS Pack Licenses: 
2025-03-20 11:34:41,168 [INFO] AnalyticsPlugin:257 - Accepted Firmware Licenses: 
2025-03-20 11:34:41,174 [INFO] PluginManage:359 - Loaded plugin analytics (category:tool,tabindex:-1)
2025-03-20 11:34:41,176 [INFO] PluginManage:310 - Check plugin cadmodel
2025-03-20 11:34:41,186 [INFO] CADModel:105 - Init CAD model plugin
2025-03-20 11:34:41,186 [INFO] PluginManage:359 - Loaded plugin cadmodel (category:power,tabindex:5)
2025-03-20 11:34:41,186 [INFO] PluginManage:310 - Check plugin clock
2025-03-20 11:34:41,232 [INFO] PluginManage:359 - Loaded plugin clock (category:base,tabindex:2)
2025-03-20 11:34:41,232 [INFO] PluginManage:310 - Check plugin ddr
2025-03-20 11:34:41,238 [INFO] PluginManage:359 - Loaded plugin ddr (category:tool,tabindex:6)
2025-03-20 11:34:41,239 [INFO] PluginManage:310 - Check plugin filemanager
2025-03-20 11:34:41,498 [INFO] PluginManage:359 - Loaded plugin filemanager (category:base,tabindex:10)
2025-03-20 11:34:41,499 [INFO] PluginManage:310 - Check plugin ipmanager
2025-03-20 11:34:41,506 [INFO] PluginManage:359 - Loaded plugin ipmanager (category:base,tabindex:5)
2025-03-20 11:34:41,507 [INFO] PluginManage:310 - Check plugin lpbam
2025-03-20 11:34:41,520 [INFO] PluginManage:359 - Loaded plugin lpbam (category:base,tabindex:0)
2025-03-20 11:34:41,521 [INFO] PluginManage:310 - Check plugin memorymap
2025-03-20 11:34:41,537 [INFO] PluginManage:359 - Loaded plugin memorymap (category:base,tabindex:4)
2025-03-20 11:34:41,537 [INFO] PluginManage:310 - Check plugin pinoutandconfiguration
2025-03-20 11:34:41,550 [INFO] PluginManage:359 - Loaded plugin pinoutandconfiguration (category:base,tabindex:1)
2025-03-20 11:34:41,550 [INFO] PluginManage:310 - Check plugin pinoutconfig
2025-03-20 11:34:41,714 [WARN] SupportedApi:132 - Cannot load RTOS API schema: s4s-elt-must-match.1: The content of 'definitions' must match (annotation?, (simpleType | complexType)?, (unique | key | keyref)*)). A problem was found starting at: attribute.
2025-03-20 11:34:41,933 [INFO] PluginManage:359 - Loaded plugin pinoutconfig (category:base,tabindex:0)
2025-03-20 11:34:41,934 [INFO] PluginManage:310 - Check plugin power
2025-03-20 11:34:41,945 [INFO] PluginManage:359 - Loaded plugin power (category:power,tabindex:4)
2025-03-20 11:34:41,945 [INFO] PluginManage:310 - Check plugin projectmanager
2025-03-20 11:34:41,974 [INFO] PluginManage:359 - Loaded plugin projectmanager (category:projectmanager,tabindex:4)
2025-03-20 11:34:41,974 [INFO] PluginManage:310 - Check plugin rif
2025-03-20 11:34:41,985 [INFO] PluginManage:359 - Loaded plugin rif (category:base,tabindex:3)
2025-03-20 11:34:41,985 [INFO] PluginManage:310 - Check plugin thirdparty
2025-03-20 11:34:42,252 [INFO] PluginManage:359 - Loaded plugin thirdparty (category:base,tabindex:-1)
2025-03-20 11:34:42,252 [INFO] PluginManage:310 - Check plugin tools
2025-03-20 11:34:42,253 [WARN] IntegrityCheckThread:84 - waiting for thirdparty lock release [integrity check]
2025-03-20 11:34:42,255 [INFO] IntegrityCheckThread:86 - entering critical section [integrity check]
2025-03-20 11:34:42,256 [INFO] ThirdPartyUpdaterWithRetryManager:70 - Updater plugin not ready yet. [1/15]
2025-03-20 11:34:42,260 [INFO] PluginManage:359 - Loaded plugin tools (category:base,tabindex:7)
2025-03-20 11:34:42,261 [INFO] PluginManage:310 - Check plugin tutovideos
2025-03-20 11:34:42,519 [INFO] PluginManage:359 - Loaded plugin tutovideos (category:base,tabindex:-1)
2025-03-20 11:34:42,520 [INFO] PluginManage:310 - Check plugin updater
2025-03-20 11:34:42,553 [INFO] PluginManage:359 - Loaded plugin updater (category:base,tabindex:12)
2025-03-20 11:34:42,553 [INFO] PluginManage:310 - Check plugin userauth
2025-03-20 11:34:42,561 [INFO] UserAuth:118 - Init User Auth plugin
2025-03-20 11:34:42,562 [INFO] PluginManage:359 - Loaded plugin userauth (category:base,tabindex:14)
2025-03-20 11:34:42,563 [INFO] PluginManage:283 - PluginManage : Loaded plugins [18]
2025-03-20 11:34:42,911 [INFO] PinOutPanel:1589 - setPackage(No Configuration,No Configuration)
2025-03-20 11:34:43,116 [INFO] CADModel:165 - CPN selected for project level
2025-03-20 11:34:43,116 [INFO] CADModel:114 - Register for checkConnection events
2025-03-20 11:34:43,136 [INFO] IPUIPlugin:80 - create IPUIPlugin
2025-03-20 11:34:43,136 [INFO] PluginManager:220 - loadIPPluginJar : add adc
2025-03-20 11:34:43,139 [INFO] IPUIPlugin:80 - create IPUIPlugin
2025-03-20 11:34:43,140 [INFO] PluginManager:220 - loadIPPluginJar : add aes
2025-03-20 11:34:43,144 [INFO] IPUIPlugin:80 - create IPUIPlugin
2025-03-20 11:34:43,144 [INFO] PluginManager:220 - loadIPPluginJar : add can
2025-03-20 11:34:43,147 [INFO] IPUIPlugin:80 - create IPUIPlugin
2025-03-20 11:34:43,147 [INFO] PluginManager:220 - loadIPPluginJar : add comp
2025-03-20 11:34:43,150 [INFO] IPUIPlugin:80 - create IPUIPlugin
2025-03-20 11:34:43,150 [INFO] PluginManager:220 - loadIPPluginJar : add cryp
2025-03-20 11:34:43,153 [INFO] IPUIPlugin:80 - create IPUIPlugin
2025-03-20 11:34:43,154 [INFO] PluginManager:220 - loadIPPluginJar : add ddr_ctrl_phy
2025-03-20 11:34:43,157 [INFO] IPUIPlugin:80 - create IPUIPlugin
2025-03-20 11:34:43,157 [INFO] PluginManager:220 - loadIPPluginJar : add dfsdm
2025-03-20 11:34:43,164 [INFO] IPUIPlugin:80 - create IPUIPlugin
2025-03-20 11:34:43,165 [INFO] PluginManager:220 - loadIPPluginJar : add dma
2025-03-20 11:34:43,169 [INFO] IPUIPlugin:80 - create IPUIPlugin
2025-03-20 11:34:43,169 [INFO] PluginManager:220 - loadIPPluginJar : add dma3
2025-03-20 11:34:43,174 [INFO] IPUIPlugin:80 - create IPUIPlugin
2025-03-20 11:34:43,175 [INFO] PluginManager:220 - loadIPPluginJar : add extmemmanager
2025-03-20 11:34:43,177 [INFO] IPUIPlugin:80 - create IPUIPlugin
2025-03-20 11:34:43,178 [INFO] PluginManager:220 - loadIPPluginJar : add fatfs
2025-03-20 11:34:43,185 [INFO] IPUIPlugin:80 - create IPUIPlugin
2025-03-20 11:34:43,185 [INFO] PluginManager:220 - loadIPPluginJar : add fmc
2025-03-20 11:34:43,193 [INFO] IPUIPlugin:80 - create IPUIPlugin
2025-03-20 11:34:43,193 [INFO] PluginManager:220 - loadIPPluginJar : add freertos
2025-03-20 11:34:43,196 [INFO] IPUIPlugin:80 - create IPUIPlugin
2025-03-20 11:34:43,196 [INFO] PluginManager:220 - loadIPPluginJar : add genericplugin
2025-03-20 11:34:43,200 [INFO] IPUIPlugin:80 - create IPUIPlugin
2025-03-20 11:34:43,200 [INFO] PluginManager:220 - loadIPPluginJar : add gfxmmu
2025-03-20 11:34:43,209 [INFO] IPUIPlugin:80 - create IPUIPlugin
2025-03-20 11:34:43,209 [INFO] PluginManager:220 - loadIPPluginJar : add gic
2025-03-20 11:34:43,216 [INFO] IPUIPlugin:80 - create IPUIPlugin
2025-03-20 11:34:43,216 [INFO] PluginManager:220 - loadIPPluginJar : add gpio
2025-03-20 11:34:43,221 [INFO] IPUIPlugin:80 - create IPUIPlugin
2025-03-20 11:34:43,221 [INFO] PluginManager:220 - loadIPPluginJar : add gtzc
2025-03-20 11:34:43,225 [INFO] IPUIPlugin:80 - create IPUIPlugin
2025-03-20 11:34:43,225 [INFO] PluginManager:220 - loadIPPluginJar : add hash
2025-03-20 11:34:43,230 [INFO] IPUIPlugin:80 - create IPUIPlugin
2025-03-20 11:34:43,230 [INFO] PluginManager:220 - loadIPPluginJar : add i2c
2025-03-20 11:34:43,234 [INFO] IPUIPlugin:80 - create IPUIPlugin
2025-03-20 11:34:43,235 [INFO] PluginManager:220 - loadIPPluginJar : add i2s
2025-03-20 11:34:43,240 [INFO] IPUIPlugin:80 - create IPUIPlugin
2025-03-20 11:34:43,240 [INFO] PluginManager:220 - loadIPPluginJar : add i3c
2025-03-20 11:34:43,245 [INFO] IPUIPlugin:80 - create IPUIPlugin
2025-03-20 11:34:43,245 [INFO] PluginManager:220 - loadIPPluginJar : add ipddr
2025-03-20 11:34:43,255 [INFO] IPUIPlugin:80 - create IPUIPlugin
2025-03-20 11:34:43,255 [INFO] PluginManager:220 - loadIPPluginJar : add linkedlist
2025-03-20 11:34:43,260 [INFO] IPUIPlugin:80 - create IPUIPlugin
2025-03-20 11:34:43,260 [INFO] PluginManager:220 - loadIPPluginJar : add lorawan
2025-03-20 11:34:43,263 [INFO] IPUIPlugin:80 - create IPUIPlugin
2025-03-20 11:34:43,263 [INFO] PluginManager:220 - loadIPPluginJar : add ltdc
2025-03-20 11:34:43,273 [INFO] IPUIPlugin:80 - create IPUIPlugin
2025-03-20 11:34:43,273 [INFO] PluginManager:220 - loadIPPluginJar : add mdma
2025-03-20 11:34:43,278 [INFO] IPUIPlugin:80 - create IPUIPlugin
2025-03-20 11:34:43,279 [INFO] PluginManager:220 - loadIPPluginJar : add nvic
2025-03-20 11:34:43,283 [INFO] IPUIPlugin:80 - create IPUIPlugin
2025-03-20 11:34:43,283 [INFO] PluginManager:220 - loadIPPluginJar : add opamp
2025-03-20 11:34:43,288 [INFO] IPUIPlugin:80 - create IPUIPlugin
2025-03-20 11:34:43,288 [INFO] PluginManager:220 - loadIPPluginJar : add openamp
2025-03-20 11:34:43,294 [INFO] IPUIPlugin:80 - create IPUIPlugin
2025-03-20 11:34:43,294 [INFO] PluginManager:220 - loadIPPluginJar : add pdm2pcm
2025-03-20 11:34:43,304 [INFO] IPUIPlugin:80 - create IPUIPlugin
2025-03-20 11:34:43,308 [INFO] PluginManager:220 - loadIPPluginJar : add plateformsettings
2025-03-20 11:34:43,310 [INFO] IPUIPlugin:80 - create IPUIPlugin
2025-03-20 11:34:43,310 [INFO] PluginManager:220 - loadIPPluginJar : add quadspi
2025-03-20 11:34:43,313 [INFO] IPUIPlugin:80 - create IPUIPlugin
2025-03-20 11:34:43,314 [INFO] PluginManager:220 - loadIPPluginJar : add radio
2025-03-20 11:34:43,320 [INFO] IPUIPlugin:80 - create IPUIPlugin
2025-03-20 11:34:43,320 [INFO] PluginManager:220 - loadIPPluginJar : add resmgrutility
2025-03-20 11:34:43,325 [INFO] IPUIPlugin:80 - create IPUIPlugin
2025-03-20 11:34:43,325 [INFO] PluginManager:220 - loadIPPluginJar : add sai
2025-03-20 11:34:43,329 [INFO] IPUIPlugin:80 - create IPUIPlugin
2025-03-20 11:34:43,329 [INFO] PluginManager:220 - loadIPPluginJar : add spi
2025-03-20 11:34:43,339 [INFO] IPUIPlugin:80 - create IPUIPlugin
2025-03-20 11:34:43,339 [INFO] PluginManager:220 - loadIPPluginJar : add stm32_wpan
2025-03-20 11:34:43,342 [INFO] IPUIPlugin:80 - create IPUIPlugin
2025-03-20 11:34:43,342 [INFO] PluginManager:220 - loadIPPluginJar : add tim
2025-03-20 11:34:43,347 [INFO] IPUIPlugin:80 - create IPUIPlugin
2025-03-20 11:34:43,348 [INFO] PluginManager:220 - loadIPPluginJar : add touchsensing
2025-03-20 11:34:43,351 [INFO] IPUIPlugin:80 - create IPUIPlugin
2025-03-20 11:34:43,351 [INFO] PluginManager:220 - loadIPPluginJar : add tracer_emb
2025-03-20 11:34:43,354 [INFO] IPUIPlugin:80 - create IPUIPlugin
2025-03-20 11:34:43,354 [INFO] PluginManager:220 - loadIPPluginJar : add ts
2025-03-20 11:34:43,356 [INFO] IPUIPlugin:80 - create IPUIPlugin
2025-03-20 11:34:43,356 [INFO] PluginManager:220 - loadIPPluginJar : add tsc
2025-03-20 11:34:43,360 [INFO] IPUIPlugin:80 - create IPUIPlugin
2025-03-20 11:34:43,360 [INFO] PluginManager:220 - loadIPPluginJar : add ucpd
2025-03-20 11:34:43,364 [INFO] IPUIPlugin:80 - create IPUIPlugin
2025-03-20 11:34:43,365 [INFO] PluginManager:220 - loadIPPluginJar : add usart
2025-03-20 11:34:43,369 [INFO] IPUIPlugin:80 - create IPUIPlugin
2025-03-20 11:34:43,369 [INFO] PluginManager:220 - loadIPPluginJar : add usbx
2025-03-20 11:34:43,531 [FATAL] Updater:351 - Updater called before beeing initialized
2025-03-20 11:34:43,575 [INFO] RulesReader:64 - Compatibility file has been processed (301 Rules)
2025-03-20 11:34:43,590 [INFO] RulesReader:64 - Compatibility file has been processed (301 Rules)
2025-03-20 11:34:43,602 [INFO] CADModel:165 - CPN selected for project level
2025-03-20 11:34:43,602 [INFO] CADModel:114 - Register for checkConnection events
2025-03-20 11:34:43,602 [FATAL] Updater:351 - Updater called before beeing initialized
2025-03-20 11:34:43,602 [ERROR] CADModel:125 - Updater not yet initialized, retry later 
2025-03-20 11:34:43,809 [FATAL] Updater:351 - Updater called before beeing initialized
2025-03-20 11:34:43,811 [INFO] CADModel:165 - CPN selected for project level
2025-03-20 11:34:43,811 [INFO] CADModel:114 - Register for checkConnection events
2025-03-20 11:34:43,811 [FATAL] Updater:351 - Updater called before beeing initialized
2025-03-20 11:34:43,811 [ERROR] CADModel:125 - Updater not yet initialized, retry later 
2025-03-20 11:34:43,815 [FATAL] Updater:351 - Updater called before beeing initialized
2025-03-20 11:34:43,962 [FATAL] Updater:351 - Updater called before beeing initialized
2025-03-20 11:34:43,967 [INFO] DbMcusAds:53 - JSON generation date=Thu Sep 30 08:55:09 CEST 2021 (1632984909247)
2025-03-20 11:34:43,968 [FATAL] Updater:351 - Updater called before beeing initialized
2025-03-20 11:34:44,012 [WARN] DetailPanel:346 - Failed to get advertising image, set to default
2025-03-20 11:34:44,309 [FATAL] Updater:351 - Updater called before beeing initialized
2025-03-20 11:34:44,311 [FATAL] Updater:351 - Updater called before beeing initialized
2025-03-20 11:34:44,312 [FATAL] Updater:351 - Updater called before beeing initialized
2025-03-20 11:34:44,312 [WARN] DetailPanel:346 - Failed to get advertising image, set to default
2025-03-20 11:34:44,313 [FATAL] Updater:351 - Updater called before beeing initialized
2025-03-20 11:34:44,373 [ERROR] Updater:1198 - MainUpdater not yet initialized. External WinMGr cannot be set.
2025-03-20 11:34:44,376 [INFO] Updater:1134 - Updater Version found : 6.14.0
2025-03-20 11:34:44,392 [INFO] ApplicationProperties:184 - Using Application install path: C:\ST\STM32CubeIDE_1.18.0\STM32CubeIDE\plugins\com.st.stm32cube.common.mx_6.14.0.202502271554
2025-03-20 11:34:45,257 [INFO] ThirdPartyUpdaterWithRetryManager:70 - Updater plugin not ready yet. [2/15]
2025-03-20 11:34:45,972 [ERROR] LogOutputStream:75 - [STDERR_REDIRECT] Mar 20, 2025 11:34:45 AM java.util.prefs.WindowsPreferences <init>
2025-03-20 11:34:45,975 [ERROR] LogOutputStream:75 - [STDERR_REDIRECT] WARNING: Could not open/create prefs root node Software\JavaSoft\Prefs at root 0xffffffff80000002. Windows RegCreateKeyEx(...) returned error code 5.
2025-03-20 11:34:45,975 [ERROR] LogOutputStream:75 - [STDERR_REDIRECT] 
2025-03-20 11:34:47,682 [INFO] MainUpdater:2872 - connection check result : 10
2025-03-20 11:34:47,682 [INFO] MainUpdater:289 - Updater Check For Update Now.
2025-03-20 11:34:47,683 [INFO] MicroXplorer:498 - Change Database Version : DB.6.0.140
2025-03-20 11:34:47,691 [INFO] McuFinderGlobals:63 - Set McuFinder mode to 2 (CubeIDE integrated)
2025-03-20 11:34:47,691 [INFO] UserAuth:171 - activating auth plugin
2025-03-20 11:34:47,696 [INFO] UserAuth:486 - Internet connection configuration mode: 1
2025-03-20 11:34:47,726 [INFO] JxBrowserEngine:152 - Initiate JxBrowser Engine with user profile folder
2025-03-20 11:34:48,009 [INFO] CheckServerUpdateThread:120 - End of CheckServer Thread
2025-03-20 11:34:48,678 [WARN] PackLoader:240 - Cannot read IP mode file for STMicroelectronics.FP-SNS-MOTENVWB1.1.4.0
2025-03-20 11:34:48,711 [WARN] PackLoader:240 - Cannot read IP mode file for STMicroelectronics.X-CUBE-SMBUS.2.1.0
2025-03-20 11:34:48,735 [WARN] PackLoader:240 - Cannot read IP mode file for STMicroelectronics.X-CUBE-WB05N.1.1.0
2025-03-20 11:34:48,821 [WARN] PackLoader:240 - Cannot read IP mode file for STMicroelectronics.X-CUBE-AZRTOS-F7.1.1.0
2025-03-20 11:34:48,871 [WARN] PackLoader:240 - Cannot read IP mode file for STMicroelectronics.X-CUBE-DISPLAY.3.0.0
2025-03-20 11:34:48,912 [WARN] PackLoader:240 - Cannot read IP mode file for STMicroelectronics.X-CUBE-NFC10.1.0.0
2025-03-20 11:34:48,969 [INFO] WebApp:169 - Instantiating new browser for Auth
2025-03-20 11:34:49,011 [WARN] PackLoader:240 - Cannot read IP mode file for STMicroelectronics.X-CUBE-BLEMGR.4.0.0
2025-03-20 11:34:49,024 [WARN] PackLoader:240 - Cannot read IP mode file for STMicroelectronics.X-CUBE-AI.10.0.0
2025-03-20 11:34:49,031 [WARN] PackLoader:240 - Cannot read IP mode file for STMicroelectronics.FP-SNS-SMARTAG2.1.2.0
2025-03-20 11:34:49,257 [WARN] PackLoader:240 - Cannot read IP mode file for STMicroelectronics.X-CUBE-MEMS1.11.1.0
2025-03-20 11:34:49,649 [INFO] LogOutputStream:77 - [STDOUT_REDIRECT] 1 : Invalid condition id : UX_CORESTACK_Condition cause : null
2025-03-20 11:34:49,650 [INFO] LogOutputStream:77 - [STDOUT_REDIRECT] 1 : Invalid condition id : UX_CORESTACK_Condition cause : null
2025-03-20 11:34:49,652 [INFO] LogOutputStream:77 - [STDOUT_REDIRECT] 1 : Invalid condition id : UX_CORESTACK_Condition cause : null
2025-03-20 11:34:49,653 [INFO] LogOutputStream:77 - [STDOUT_REDIRECT] 1 : Invalid condition id : UX_CORESTACK_Condition cause : null
2025-03-20 11:34:49,655 [INFO] LogOutputStream:77 - [STDOUT_REDIRECT] 1 : Invalid condition id : UX_CORESTACK_Condition cause : null
2025-03-20 11:34:49,659 [WARN] PackLoader:240 - Cannot read IP mode file for STMicroelectronics.X-CUBE-AZRTOS-WL.2.0.0
2025-03-20 11:34:49,668 [WARN] PackLoader:240 - Cannot read IP mode file for STMicroelectronics.FP-SNS-MOTENV1.5.0.0
2025-03-20 11:34:49,683 [WARN] PackLoader:240 - Cannot read IP mode file for WES.I-CUBE-Cesium.1.3.0
2025-03-20 11:34:49,692 [WARN] PackLoader:240 - Cannot read IP mode file for STMicroelectronics.X-CUBE-BLE2.3.3.0
2025-03-20 11:34:49,703 [WARN] PackLoader:240 - Cannot read IP mode file for STMicroelectronics.X-CUBE-NFC9.1.0.0
2025-03-20 11:34:49,737 [WARN] PackLoader:240 - Cannot read IP mode file for STMicroelectronics.X-CUBE-AZRTOS-G0.1.1.0
2025-03-20 11:34:49,748 [WARN] PackLoader:240 - Cannot read IP mode file for STMicroelectronics.X-CUBE-SAFEA1.1.2.2
2025-03-20 11:34:49,762 [WARN] PackLoader:240 - Cannot read IP mode file for STMicroelectronics.X-CUBE-NFC4.3.0.0
2025-03-20 11:34:49,772 [WARN] PackLoader:240 - Cannot read IP mode file for STMicroelectronics.X-CUBE-TCPP.4.2.0
2025-03-20 11:34:49,782 [WARN] PackLoader:240 - Cannot read IP mode file for RealThread.X-CUBE-RT-Thread_Nano.4.1.1
2025-03-20 11:34:49,789 [WARN] PackLoader:240 - Cannot read IP mode file for STMicroelectronics.FP-ATR-SIGFOX1.3.2.0
2025-03-20 11:34:49,798 [WARN] PackLoader:240 - Cannot read IP mode file for STMicroelectronics.X-CUBE-EEPRMA1.5.1.0
2025-03-20 11:34:49,848 [WARN] PackLoader:240 - Cannot read IP mode file for SEGGER.I-CUBE-embOS.1.3.1
2025-03-20 11:34:49,910 [WARN] PackLoader:240 - Cannot read IP mode file for STMicroelectronics.X-CUBE-ALGOBUILD.1.4.0
2025-03-20 11:34:50,008 [WARN] PackLoader:240 - Cannot read IP mode file for STMicroelectronics.X-CUBE-AZRTOS-F4.1.1.0
2025-03-20 11:34:50,021 [WARN] PackLoader:240 - Cannot read IP mode file for STMicroelectronics.X-CUBE-ISPU.2.1.0
2025-03-20 11:34:50,048 [WARN] PackLoader:240 - Cannot read IP mode file for STMicroelectronics.X-CUBE-AZRTOS-L5.2.0.0
2025-03-20 11:34:50,084 [WARN] PackLoader:240 - Cannot read IP mode file for STMicroelectronics.X-CUBE-NFC6.3.1.0
2025-03-20 11:34:50,124 [WARN] PackLoader:240 - Cannot read IP mode file for STMicroelectronics.X-CUBE-DPower.1.2.0
2025-03-20 11:34:50,210 [WARN] PackLoader:240 - Cannot read IP mode file for STMicroelectronics.X-CUBE-FREERTOS.1.3.0
2025-03-20 11:34:50,233 [WARN] PackLoader:240 - Cannot read IP mode file for STMicroelectronics.X-CUBE-NFC7.1.0.1
2025-03-20 11:34:50,320 [WARN] ConditionMgr:438 - getConditionDescription Invalid condition id : LAN8742 Phy interface Condition cause : null
2025-03-20 11:34:50,322 [WARN] PackLoader:240 - Cannot read IP mode file for STMicroelectronics.X-CUBE-AZRTOS-L4.2.0.0
2025-03-20 11:34:50,324 [WARN] ConditionMgr:1044 - genDependencies : Invalid condition id : LAN8742 Phy interface Condition cause : null
2025-03-20 11:34:50,326 [WARN] ConditionMgr:1044 - genDependencies : Invalid condition id : LAN8742 Phy interface Condition cause : null
2025-03-20 11:34:50,327 [WARN] ConditionMgr:1044 - genDependencies : Invalid condition id : LAN8742 Phy interface Condition cause : null
2025-03-20 11:34:50,340 [WARN] PackLoader:240 - Cannot read IP mode file for STMicroelectronics.X-CUBE-SFXS2LP1.4.0.0
2025-03-20 11:34:50,380 [WARN] PackLoader:240 - Cannot read IP mode file for STMicroelectronics.X-CUBE-AZRTOS-H7.3.3.0
2025-03-20 11:34:50,404 [WARN] ConditionMgr:438 - getConditionDescription Invalid condition id : UX DEVICE CLASS RTOS Condition cause : null
2025-03-20 11:34:50,404 [WARN] ConditionMgr:438 - getConditionDescription Invalid condition id : UX DEVICE CLASS RTOS Condition cause : null
2025-03-20 11:34:50,407 [WARN] PackLoader:240 - Cannot read IP mode file for STMicroelectronics.X-CUBE-AZRTOS-WB.2.0.0
2025-03-20 11:34:50,408 [WARN] ConditionMgr:1044 - genDependencies : Invalid condition id : UX DEVICE CLASS RTOS Condition cause : null
2025-03-20 11:34:50,408 [WARN] ConditionMgr:1044 - genDependencies : Invalid condition id : UX DEVICE CLASS RTOS Condition cause : null
2025-03-20 11:34:50,409 [WARN] ConditionMgr:1044 - genDependencies : Invalid condition id : UX DEVICE CLASS RTOS Condition cause : null
2025-03-20 11:34:50,410 [WARN] ConditionMgr:1044 - genDependencies : Invalid condition id : UX DEVICE CLASS RTOS Condition cause : null
2025-03-20 11:34:50,411 [WARN] ConditionMgr:1044 - genDependencies : Invalid condition id : UX DEVICE CLASS RTOS Condition cause : null
2025-03-20 11:34:50,447 [WARN] PackLoader:240 - Cannot read IP mode file for STMicroelectronics.X-CUBE-GNSS1.7.0.1
2025-03-20 11:34:50,461 [WARN] PackLoader:240 - Cannot read IP mode file for STMicroelectronics.FP-SNS-STBOX1.2.0.0
2025-03-20 11:34:50,479 [WARN] PackLoader:240 - Cannot read IP mode file for STMicroelectronics.X-CUBE-SUBG2.5.0.0
2025-03-20 11:34:50,503 [WARN] PackLoader:240 - Cannot read IP mode file for STMicroelectronics.X-CUBE-AZRTOS-G4.2.0.0
2025-03-20 11:34:50,522 [WARN] PackLoader:240 - Cannot read IP mode file for STMicroelectronics.X-CUBE-IPS.3.1.0
2025-03-20 11:34:50,534 [WARN] PackLoader:240 - Cannot read IP mode file for STMicroelectronics.X-CUBE-ALS.1.0.2
2025-03-20 11:34:50,543 [WARN] PackLoader:240 - Cannot read IP mode file for portGmbH.I-Cube-SoM-uGOAL.1.1.0
2025-03-20 11:34:50,558 [WARN] PackLoader:240 - Cannot read IP mode file for STMicroelectronics.X-CUBE-TOF1.3.4.2
2025-03-20 11:34:50,572 [INFO] ThirdParty:978 - Integrity check success = true
2025-03-20 11:34:50,572 [INFO] IntegrityCheckThread:100 - exiting critical section [integrity check]
2025-03-20 11:34:50,572 [INFO] IntegrityCheckThread:103 - End integrity checks thread
2025-03-20 11:34:51,288 [INFO] WebApp:463 - Apply proxy settings
2025-03-20 11:34:51,289 [INFO] WebApp:548 - Chromium requires no authentication
2025-03-20 11:34:51,304 [INFO] WebApp:491 - Direct internet connection detected
2025-03-20 11:34:51,346 [INFO] WebApp:894 - Register for checkConnection events
2025-03-20 11:34:51,346 [INFO] WebApp:463 - Apply proxy settings
2025-03-20 11:34:51,347 [INFO] WebApp:548 - Chromium requires no authentication
2025-03-20 11:34:51,347 [INFO] WebApp:491 - Direct internet connection detected
2025-03-20 11:34:51,615 [INFO] WebApp:191 - Connection restablished
2025-03-20 11:34:51,660 [INFO] WebApp:225 - Starting web application
2025-03-20 11:34:51,661 [INFO] WebApp:593 - Web application path used C:\ST\STM32CubeIDE_1.18.0\STM32CubeIDE\plugins\com.st.stm32cube.common.mx_6.14.0.202502271554\db\plugins\mcufinder\reactClient1\index.html
