11:29:02 **** Incremental Build of configuration Debug for project Pac-Man ****
make -j4 all 
arm-none-eabi-gcc "../Core/Src/main.c" -mcpu=cortex-m3 -std=gnu11 -g3 -DDEBUG -DUSE_HAL_DRIVER -DSTM32F107xC -c -I../USB_HOST/App -I../USB_HOST/Target -I../Core/Inc -I../Drivers/STM32F1xx_HAL_Driver/Inc -I../Drivers/STM32F1xx_HAL_Driver/Inc/Legacy -I../Middlewares/ST/STM32_USB_Host_Library/Core/Inc -I../Middlewares/ST/STM32_USB_Host_Library/Class/CDC/Inc -I../Drivers/CMSIS/Device/ST/STM32F1xx/Include -I../Drivers/CMSIS/Include -I../Drivers/BSP/Components/ak4343 -I../Drivers/BSP/Components/Common -I../Drivers/BSP/Components/cs43l22 -I../Drivers/BSP/Components/hx8347d -I../Drivers/BSP/Components/ili9320 -I../Drivers/BSP/Components/ili9325 -I../Drivers/BSP/Components/lis302dl -I../Drivers/BSP/Components/spfd5408 -I../Drivers/BSP/Components/st7735 -I../Drivers/BSP/Components/stlm75 -I../Drivers/BSP/Components/stmpe811 -I../Drivers/BSP/STM3210C_EVAL -I../Utilities/CPU -I../Utilities/Fonts -I../Utilities/Log -O0 -ffunction-sections -fdata-sections -Wall -fstack-usage -fcyclomatic-complexity -MMD -MP -MF"Core/Src/main.d" -MT"Core/Src/main.o" --specs=nano.specs -mfloat-abi=soft -mthumb -o "Core/Src/main.o"
arm-none-eabi-gcc -o "Pac-Man.elf" @"objects.list"   -mcpu=cortex-m3 -T"C:\Users\micha\Desktop\embeded\Pac-Man\STM32F107VCTX_FLASH.ld" --specs=nosys.specs -Wl,-Map="Pac-Man.map" -Wl,--gc-sections -static --specs=nano.specs -mfloat-abi=soft -mthumb -Wl,--start-group -lc -lm -Wl,--end-group
C:/ST/STM32CubeIDE_1.18.0/STM32CubeIDE/plugins/com.st.stm32cube.ide.mcu.externaltools.gnu-tools-for-stm32.13.3.rel1.win32_1.0.0.202411081344/tools/bin/../lib/gcc/arm-none-eabi/13.3.1/../../../../arm-none-eabi/bin/ld.exe: warning: Pac-Man.elf has a LOAD segment with RWX permissions
Finished building target: Pac-Man.elf
 
arm-none-eabi-size  Pac-Man.elf 
arm-none-eabi-objdump -h -S Pac-Man.elf  > "Pac-Man.list"
   text	   data	    bss	    dec	    hex	filename
  47732	   1864	  20488	  70084	  111c4	Pac-Man.elf
Finished building: default.size.stdout
 
Finished building: Pac-Man.list
 

11:29:11 Build Finished. 0 errors, 1 warnings. (took 9s.720ms)

